Archive member included to satisfy reference by file (symbol)

c:/st/stm32cubeide_1.11.2/stm32cubeide/plugins/com.st.stm32cube.ide.mcu.externaltools.gnu-tools-for-stm32.10.3-2021.10.win32_1.0.100.202210260954/tools/bin/../lib/gcc/arm-none-eabi/10.3.1/../../../../arm-none-eabi/lib/thumb/v7e-m+dp/hard\libc.a(lib_a-errno.o)
                              ./Core/Src/syscalls.o (__errno)
c:/st/stm32cubeide_1.11.2/stm32cubeide/plugins/com.st.stm32cube.ide.mcu.externaltools.gnu-tools-for-stm32.10.3-2021.10.win32_1.0.100.202210260954/tools/bin/../lib/gcc/arm-none-eabi/10.3.1/../../../../arm-none-eabi/lib/thumb/v7e-m+dp/hard\libc.a(lib_a-exit.o)
                              c:/st/stm32cubeide_1.11.2/stm32cubeide/plugins/com.st.stm32cube.ide.mcu.externaltools.gnu-tools-for-stm32.10.3-2021.10.win32_1.0.100.202210260954/tools/bin/../lib/gcc/arm-none-eabi/10.3.1/../../../../arm-none-eabi/lib/thumb/v7e-m+dp/hard/crt0.o (exit)
c:/st/stm32cubeide_1.11.2/stm32cubeide/plugins/com.st.stm32cube.ide.mcu.externaltools.gnu-tools-for-stm32.10.3-2021.10.win32_1.0.100.202210260954/tools/bin/../lib/gcc/arm-none-eabi/10.3.1/../../../../arm-none-eabi/lib/thumb/v7e-m+dp/hard\libc.a(lib_a-impure.o)
                              c:/st/stm32cubeide_1.11.2/stm32cubeide/plugins/com.st.stm32cube.ide.mcu.externaltools.gnu-tools-for-stm32.10.3-2021.10.win32_1.0.100.202210260954/tools/bin/../lib/gcc/arm-none-eabi/10.3.1/../../../../arm-none-eabi/lib/thumb/v7e-m+dp/hard\libc.a(lib_a-exit.o) (_global_impure_ptr)
c:/st/stm32cubeide_1.11.2/stm32cubeide/plugins/com.st.stm32cube.ide.mcu.externaltools.gnu-tools-for-stm32.10.3-2021.10.win32_1.0.100.202210260954/tools/bin/../lib/gcc/arm-none-eabi/10.3.1/../../../../arm-none-eabi/lib/thumb/v7e-m+dp/hard\libc.a(lib_a-init.o)
                              c:/st/stm32cubeide_1.11.2/stm32cubeide/plugins/com.st.stm32cube.ide.mcu.externaltools.gnu-tools-for-stm32.10.3-2021.10.win32_1.0.100.202210260954/tools/bin/../lib/gcc/arm-none-eabi/10.3.1/../../../../arm-none-eabi/lib/thumb/v7e-m+dp/hard/crt0.o (__libc_init_array)
c:/st/stm32cubeide_1.11.2/stm32cubeide/plugins/com.st.stm32cube.ide.mcu.externaltools.gnu-tools-for-stm32.10.3-2021.10.win32_1.0.100.202210260954/tools/bin/../lib/gcc/arm-none-eabi/10.3.1/../../../../arm-none-eabi/lib/thumb/v7e-m+dp/hard\libc.a(lib_a-memcpy-stub.o)
                              ./Core/Src/main.o (memcpy)
c:/st/stm32cubeide_1.11.2/stm32cubeide/plugins/com.st.stm32cube.ide.mcu.externaltools.gnu-tools-for-stm32.10.3-2021.10.win32_1.0.100.202210260954/tools/bin/../lib/gcc/arm-none-eabi/10.3.1/../../../../arm-none-eabi/lib/thumb/v7e-m+dp/hard\libc.a(lib_a-memset.o)
                              c:/st/stm32cubeide_1.11.2/stm32cubeide/plugins/com.st.stm32cube.ide.mcu.externaltools.gnu-tools-for-stm32.10.3-2021.10.win32_1.0.100.202210260954/tools/bin/../lib/gcc/arm-none-eabi/10.3.1/../../../../arm-none-eabi/lib/thumb/v7e-m+dp/hard/crt0.o (memset)
c:/st/stm32cubeide_1.11.2/stm32cubeide/plugins/com.st.stm32cube.ide.mcu.externaltools.gnu-tools-for-stm32.10.3-2021.10.win32_1.0.100.202210260954/tools/bin/../lib/gcc/arm-none-eabi/10.3.1/../../../../arm-none-eabi/lib/thumb/v7e-m+dp/hard\libc.a(lib_a-__call_atexit.o)
                              c:/st/stm32cubeide_1.11.2/stm32cubeide/plugins/com.st.stm32cube.ide.mcu.externaltools.gnu-tools-for-stm32.10.3-2021.10.win32_1.0.100.202210260954/tools/bin/../lib/gcc/arm-none-eabi/10.3.1/../../../../arm-none-eabi/lib/thumb/v7e-m+dp/hard\libc.a(lib_a-exit.o) (__call_exitprocs)
c:/st/stm32cubeide_1.11.2/stm32cubeide/plugins/com.st.stm32cube.ide.mcu.externaltools.gnu-tools-for-stm32.10.3-2021.10.win32_1.0.100.202210260954/tools/bin/../lib/gcc/arm-none-eabi/10.3.1/../../../../arm-none-eabi/lib/thumb/v7e-m+dp/hard\libc.a(lib_a-atexit.o)
                              c:/st/stm32cubeide_1.11.2/stm32cubeide/plugins/com.st.stm32cube.ide.mcu.externaltools.gnu-tools-for-stm32.10.3-2021.10.win32_1.0.100.202210260954/tools/bin/../lib/gcc/arm-none-eabi/10.3.1/../../../../arm-none-eabi/lib/thumb/v7e-m+dp/hard\libc.a(lib_a-__call_atexit.o) (atexit)
c:/st/stm32cubeide_1.11.2/stm32cubeide/plugins/com.st.stm32cube.ide.mcu.externaltools.gnu-tools-for-stm32.10.3-2021.10.win32_1.0.100.202210260954/tools/bin/../lib/gcc/arm-none-eabi/10.3.1/../../../../arm-none-eabi/lib/thumb/v7e-m+dp/hard\libc.a(lib_a-fini.o)
                              c:/st/stm32cubeide_1.11.2/stm32cubeide/plugins/com.st.stm32cube.ide.mcu.externaltools.gnu-tools-for-stm32.10.3-2021.10.win32_1.0.100.202210260954/tools/bin/../lib/gcc/arm-none-eabi/10.3.1/../../../../arm-none-eabi/lib/thumb/v7e-m+dp/hard\libc.a(lib_a-__call_atexit.o) (__libc_fini_array)
c:/st/stm32cubeide_1.11.2/stm32cubeide/plugins/com.st.stm32cube.ide.mcu.externaltools.gnu-tools-for-stm32.10.3-2021.10.win32_1.0.100.202210260954/tools/bin/../lib/gcc/arm-none-eabi/10.3.1/../../../../arm-none-eabi/lib/thumb/v7e-m+dp/hard\libc.a(lib_a-lock.o)
[...]
Memory Configuration

Name             Origin             Length             Attributes
RAM              0x0000000020000000 0x0000000000080000 xrw
FLASH            0x0000000008000000 0x0000000000200000 xr
*default*        0x0000000000000000 0xffffffffffffffff

Linker script and memory map

LOAD c:/st/stm32cubeide_1.11.2/stm32cubeide/plugins/com.st.stm32cube.ide.mcu.externaltools.gnu-tools-for-stm32.10.3-2021.10.win32_1.0.100.202210260954/tools/bin/../lib/gcc/arm-none-eabi/10.3.1/thumb/v7e-m+dp/hard/crti.o
LOAD c:/st/stm32cubeide_1.11.2/stm32cubeide/plugins/com.st.stm32cube.ide.mcu.externaltools.gnu-tools-for-stm32.10.3-2021.10.win32_1.0.100.202210260954/tools/bin/../lib/gcc/arm-none-eabi/10.3.1/thumb/v7e-m+dp/hard/crtbegin.o
LOAD c:/st/stm32cubeide_1.11.2/stm32cubeide/plugins/com.st.stm32cube.ide.mcu.externaltools.gnu-tools-for-stm32.10.3-2021.10.win32_1.0.100.202210260954/tools/bin/../lib/gcc/arm-none-eabi/10.3.1/../../../../arm-none-eabi/lib/thumb/v7e-m+dp/hard/crt0.o
LOAD ./Core/Componnets/otm8009a/otm8009a.o
LOAD ./Core/Src/dsihost.o
LOAD ./Core/Src/fmc.o
LOAD ./Core/Src/gpio.o
LOAD ./Core/Src/ltdc.o
LOAD ./Core/Src/main.o
LOAD ./Core/Src/stm32f769i_discovery_lcd.o
LOAD ./Core/Src/stm32f7xx_hal_msp.o
LOAD ./Core/Src/stm32f7xx_it.o
LOAD ./Core/Src/syscalls.o
LOAD ./Core/Src/sysmem.o
LOAD ./Core/Src/system_stm32f7xx.o
LOAD ./Core/Startup/startup_stm32f769nihx.o
LOAD ./Drivers/STM32F7xx_HAL_Driver/Src/stm32f7xx_hal.o
LOAD ./Drivers/STM32F7xx_HAL_Driver/Src/stm32f7xx_hal_cortex.o
LOAD ./Drivers/STM32F7xx_HAL_Driver/Src/stm32f7xx_hal_dma.o
LOAD ./Drivers/STM32F7xx_HAL_Driver/Src/stm32f7xx_hal_dma_ex.o
LOAD ./Drivers/STM32F7xx_HAL_Driver/Src/stm32f7xx_hal_dsi.o
LOAD ./Drivers/STM32F7xx_HAL_Driver/Src/stm32f7xx_hal_exti.o
LOAD ./Drivers/STM32F7xx_HAL_Driver/Src/stm32f7xx_hal_flash.o
LOAD ./Drivers/STM32F7xx_HAL_Driver/Src/stm32f7xx_hal_flash_ex.o
LOAD ./Drivers/STM32F7xx_HAL_Driver/Src/stm32f7xx_hal_gpio.o
LOAD ./Drivers/STM32F7xx_HAL_Driver/Src/stm32f7xx_hal_i2c.o
LOAD ./Drivers/STM32F7xx_HAL_Driver/Src/stm32f7xx_hal_i2c_ex.o
LOAD ./Drivers/STM32F7xx_HAL_Driver/Src/stm32f7xx_hal_ltdc.o
LOAD ./Drivers/STM32F7xx_HAL_Driver/Src/stm32f7xx_hal_ltdc_ex.o
LOAD ./Drivers/STM32F7xx_HAL_Driver/Src/stm32f7xx_hal_pwr.o
LOAD ./Drivers/STM32F7xx_HAL_Driver/Src/stm32f7xx_hal_pwr_ex.o
LOAD ./Drivers/STM32F7xx_HAL_Driver/Src/stm32f7xx_hal_rcc.o
LOAD ./Drivers/STM32F7xx_HAL_Driver/Src/stm32f7xx_hal_rcc_ex.o
LOAD ./Drivers/STM32F7xx_HAL_Driver/Src/stm32f7xx_hal_sdram.o
LOAD ./Drivers/STM32F7xx_HAL_Driver/Src/stm32f7xx_hal_tim.o
LOAD ./Drivers/STM32F7xx_HAL_Driver/Src/stm32f7xx_hal_tim_ex.o
LOAD ./Drivers/STM32F7xx_HAL_Driver/Src/stm32f7xx_ll_fmc.o
START GROUP
LOAD c:/st/stm32cubeide_1.11.2/stm32cubeide/plugins/com.st.stm32cube.ide.mcu.externaltools.gnu-tools-for-stm32.10.3-2021.10.win32_1.0.100.202210260954/tools/bin/../lib/gcc/arm-none-eabi/10.3.1/../../../../arm-none-eabi/lib/thumb/v7e-m+dp/hard\libc.a
LOAD c:/st/stm32cubeide_1.11.2/stm32cubeide/plugins/com.st.stm32cube.ide.mcu.externaltools.gnu-tools-for-stm32.10.3-2021.10.win32_1.0.100.202210260954/tools/bin/../lib/gcc/arm-none-eabi/10.3.1/../../../../arm-none-eabi/lib/thumb/v7e-m+dp/hard\libm.a
END GROUP
START GROUP
LOAD c:/st/stm32cubeide_1.11.2/stm32cubeide/plugins/com.st.stm32cube.ide.mcu.externaltools.gnu-tools-for-stm32.10.3-2021.10.win32_1.0.100.202210260954/tools/bin/../lib/gcc/arm-none-eabi/10.3.1/thumb/v7e-m+dp/hard\libgcc.a
LOAD c:/st/stm32cubeide_1.11.2/stm32cubeide/plugins/com.st.stm32cube.ide.mcu.externaltools.gnu-tools-for-stm32.10.3-2021.10.win32_1.0.100.202210260954/tools/bin/../lib/gcc/arm-none-eabi/10.3.1/../../../../arm-none-eabi/lib/thumb/v7e-m+dp/hard\libc.a
END GROUP
START GROUP
LOAD c:/st/stm32cubeide_1.11.2/stm32cubeide/plugins/com.st.stm32cube.ide.mcu.externaltools.gnu-tools-for-stm32.10.3-2021.10.win32_1.0.100.202210260954/tools/bin/../lib/gcc/arm-none-eabi/10.3.1/thumb/v7e-m+dp/hard\libgcc.a
LOAD c:/st/stm32cubeide_1.11.2/stm32cubeide/plugins/com.st.stm32cube.ide.mcu.externaltools.gnu-tools-for-stm32.10.3-2021.10.win32_1.0.100.202210260954/tools/bin/../lib/gcc/arm-none-eabi/10.3.1/../../../../arm-none-eabi/lib/thumb/v7e-m+dp/hard\libc.a
LOAD c:/st/stm32cubeide_1.11.2/stm32cubeide/plugins/com.st.stm32cube.ide.mcu.externaltools.gnu-tools-for-stm32.10.3-2021.10.win32_1.0.100.202210260954/tools/bin/../lib/gcc/arm-none-eabi/10.3.1/../../../../arm-none-eabi/lib/thumb/v7e-m+dp/hard\libnosys.a
END GROUP
LOAD c:/st/stm32cubeide_1.11.2/stm32cubeide/plugins/com.st.stm32cube.ide.mcu.externaltools.gnu-tools-for-stm32.10.3-2021.10.win32_1.0.100.202210260954/tools/bin/../lib/gcc/arm-none-eabi/10.3.1/thumb/v7e-m+dp/hard/crtend.o
LOAD c:/st/stm32cubeide_1.11.2/stm32cubeide/plugins/com.st.stm32cube.ide.mcu.externaltools.gnu-tools-for-stm32.10.3-2021.10.win32_1.0.100.202210260954/tools/bin/../lib/gcc/arm-none-eabi/10.3.1/thumb/v7e-m+dp/hard/crtn.o
                0x0000000020080000                _estack = (ORIGIN (RAM) + LENGTH (RAM))
                0x0000000000000200                _Min_Heap_Size = 0x200
                0x0000000000000400                _Min_Stack_Size = 0x400

.isr_vector     0x0000000008000000      0x1f8
                0x0000000008000000                . = ALIGN (0x4)
 *(.isr_vector)
 .isr_vector    0x0000000008000000      0x1f8 ./Core/Startup/startup_stm32f769nihx.o
                0x0000000008000000                g_pfnVectors
                0x00000000080001f8                . = ALIGN (0x4)

.text           0x00000000080001f8     0x42ec
                0x00000000080001f8                . = ALIGN (0x4)
 *(.text)
 .text          0x00000000080001f8       0x40 c:/st/stm32cubeide_1.11.2/stm32cubeide/plugins/com.st.stm32cube.ide.mcu.externaltools.gnu-tools-for-stm32.10.3-2021.10.win32_1.0.100.202210260954/tools/bin/../lib/gcc/arm-none-eabi/10.3.1/thumb/v7e-m+dp/hard/crtbegin.o
 .text          0x0000000008000238       0x30 c:/st/stm32cubeide_1.11.2/stm32cubeide/plugins/com.st.stm32cube.ide.mcu.externaltools.gnu-tools-for-stm32.10.3-2021.10.win32_1.0.100.202210260954/tools/bin/../lib/gcc/arm-none-eabi/10.3.1/thumb/v7e-m+dp/hard\libgcc.a(_aeabi_uldivmod.o)
                0x0000000008000238                __aeabi_uldivmod
 .text          0x0000000008000268      0x2d0 c:/st/stm32cubeide_1.11.2/stm32cubeide/plugins/com.st.stm32cube.ide.mcu.externaltools.gnu-tools-for-stm32.10.3-2021.10.win32_1.0.100.202210260954/tools/bin/../lib/gcc/arm-none-eabi/10.3.1/thumb/v7e-m+dp/hard\libgcc.a(_udivmoddi4.o)
                0x0000000008000268                __udivmoddi4
 .text          0x0000000008000538        0x4 c:/st/stm32cubeide_1.11.2/stm32cubeide/plugins/com.st.stm32cube.ide.mcu.externaltools.gnu-tools-for-stm32.10.3-2021.10.win32_1.0.100.202210260954/tools/bin/../lib/gcc/arm-none-eabi/10.3.1/thumb/v7e-m+dp/hard\libgcc.a(_dvmd_tls.o)
                0x0000000008000538                __aeabi_idiv0
                0x0000000008000538                __aeabi_ldiv0
 *(.text*)
 .text.OTM8009A_Init
                0x000000000800053c      0x4b0 ./Core/Componnets/otm8009a/otm8009a.o
                0x000000000800053c                OTM8009A_Init
 .text.OTM8009A_IO_Delay
                0x00000000080009ec       0x16 ./Core/Componnets/otm8009a/otm8009a.o
                0x00000000080009ec                OTM8009A_IO_Delay
 *fill*         0x0000000008000a02        0x2 
 .text.MX_DSIHOST_DSI_Init
                0x0000000008000a04      0x1d8 ./Core/Src/dsihost.o
                0x0000000008000a04                MX_DSIHOST_DSI_Init
 .text.HAL_DSI_MspInit
                0x0000000008000bdc       0x40 ./Core/Src/dsihost.o
                0x0000000008000bdc                HAL_DSI_MspInit
 .text.MX_FMC_Init
                0x0000000008000c1c      0x150 ./Core/Src/fmc.o
                0x0000000008000c1c                MX_FMC_Init
 .text.HAL_FMC_MspInit
                0x0000000008000d6c      0x124 ./Core/Src/fmc.o
 .text.HAL_SDRAM_MspInit
                0x0000000008000e90       0x14 ./Core/Src/fmc.o
                0x0000000008000e90                HAL_SDRAM_MspInit
 .text.MX_GPIO_Init
                0x0000000008000ea4      0x140 ./Core/Src/gpio.o
                0x0000000008000ea4                MX_GPIO_Init
 .text.MX_LTDC_Init
                0x0000000008000fe4      0x104 ./Core/Src/ltdc.o
                0x0000000008000fe4                MX_LTDC_Init
 .text.HAL_LTDC_MspInit
                0x00000000080010e8       0x7c ./Core/Src/ltdc.o
                0x00000000080010e8                HAL_LTDC_MspInit
 .text.SCB_EnableICache
                0x0000000008001164       0x4c ./Core/Src/main.o
 .text.SCB_EnableDCache
                0x00000000080011b0       0x88 ./Core/Src/main.o
 .text.DSI_IO_WriteCmd
                0x0000000008001238       0x54 ./Core/Src/main.o
                0x0000000008001238                DSI_IO_WriteCmd
 .text.main     0x000000000800128c       0xd4 ./Core/Src/main.o
                0x000000000800128c                main
 .text.SystemClock_Config
                0x0000000008001360       0xe0 ./Core/Src/main.o
                0x0000000008001360                SystemClock_Config
 .text.Error_Handler
                0x0000000008001440        0xa ./Core/Src/main.o
                0x0000000008001440                Error_Handler
 *fill*         0x000000000800144a        0x2 
 .text.HAL_MspInit
                0x000000000800144c       0x48 ./Core/Src/stm32f7xx_hal_msp.o
                0x000000000800144c                HAL_MspInit
 .text.NMI_Handler
                0x0000000008001494        0x6 ./Core/Src/stm32f7xx_it.o
                0x0000000008001494                NMI_Handler
 .text.HardFault_Handler
                0x000000000800149a        0x6 ./Core/Src/stm32f7xx_it.o
                0x000000000800149a                HardFault_Handler
 .text.MemManage_Handler
                0x00000000080014a0        0x6 ./Core/Src/stm32f7xx_it.o
                0x00000000080014a0                MemManage_Handler
 .text.BusFault_Handler
                0x00000000080014a6        0x6 ./Core/Src/stm32f7xx_it.o
                0x00000000080014a6                BusFault_Handler
 .text.UsageFault_Handler
                0x00000000080014ac        0x6 ./Core/Src/stm32f7xx_it.o
                0x00000000080014ac                UsageFault_Handler
 .text.SVC_Handler
                0x00000000080014b2        0xe ./Core/Src/stm32f7xx_it.o
                0x00000000080014b2                SVC_Handler
 .text.DebugMon_Handler
                0x00000000080014c0        0xe ./Core/Src/stm32f7xx_it.o
                0x00000000080014c0                DebugMon_Handler
 .text.PendSV_Handler
                0x00000000080014ce        0xe ./Core/Src/stm32f7xx_it.o
                0x00000000080014ce                PendSV_Handler
 .text.SysTick_Handler
                0x00000000080014dc        0xc ./Core/Src/stm32f7xx_it.o
                0x00000000080014dc                SysTick_Handler
 .text.SystemInit
                0x00000000080014e8       0x24 ./Core/Src/system_stm32f7xx.o
                0x00000000080014e8                SystemInit
 .text.Reset_Handler
                0x000000000800150c       0x50 ./Core/Startup/startup_stm32f769nihx.o
                0x000000000800150c                Reset_Handler
 .text.Default_Handler
                0x000000000800155c        0x2 ./Core/Startup/startup_stm32f769nihx.o
                0x000000000800155c                RTC_Alarm_IRQHandler
                0x000000000800155c                EXTI2_IRQHandler
                0x000000000800155c                TIM8_CC_IRQHandler
                0x000000000800155c                UART8_IRQHandler
                0x000000000800155c                SPI4_IRQHandler
                0x000000000800155c                TIM1_CC_IRQHandler
                0x000000000800155c                DMA2_Stream5_IRQHandler
                0x000000000800155c                JPEG_IRQHandler
                0x000000000800155c                DMA1_Stream5_IRQHandler
                0x000000000800155c                CAN3_RX1_IRQHandler
                0x000000000800155c                PVD_IRQHandler
                0x000000000800155c                TAMP_STAMP_IRQHandler
                0x000000000800155c                CAN2_RX1_IRQHandler
                0x000000000800155c                EXTI3_IRQHandler
                0x000000000800155c                TIM8_TRG_COM_TIM14_IRQHandler
                0x000000000800155c                DFSDM1_FLT1_IRQHandler
                0x000000000800155c                TIM1_UP_TIM10_IRQHandler
                0x000000000800155c                TIM8_UP_TIM13_IRQHandler
                0x000000000800155c                I2C3_ER_IRQHandler
                0x000000000800155c                DFSDM1_FLT2_IRQHandler
                0x000000000800155c                EXTI0_IRQHandler
                0x000000000800155c                I2C2_EV_IRQHandler
                0x000000000800155c                DMA1_Stream2_IRQHandler
                0x000000000800155c                CAN1_RX0_IRQHandler
                0x000000000800155c                FPU_IRQHandler
                0x000000000800155c                OTG_HS_WKUP_IRQHandler
                0x000000000800155c                CAN3_SCE_IRQHandler
                0x000000000800155c                LTDC_ER_IRQHandler
                0x000000000800155c                CAN2_SCE_IRQHandler
                0x000000000800155c                DMA2_Stream2_IRQHandler
                0x000000000800155c                SPI1_IRQHandler
                0x000000000800155c                TIM6_DAC_IRQHandler
                0x000000000800155c                TIM1_BRK_TIM9_IRQHandler
                0x000000000800155c                DCMI_IRQHandler
                0x000000000800155c                CAN2_RX0_IRQHandler
                0x000000000800155c                DMA2_Stream3_IRQHandler
                0x000000000800155c                SAI2_IRQHandler
                0x000000000800155c                DFSDM1_FLT3_IRQHandler
                0x000000000800155c                USART6_IRQHandler
                0x000000000800155c                CAN3_RX0_IRQHandler
                0x000000000800155c                USART3_IRQHandler
                0x000000000800155c                CAN1_RX1_IRQHandler
                0x000000000800155c                UART5_IRQHandler
                0x000000000800155c                DMA2_Stream0_IRQHandler
                0x000000000800155c                TIM4_IRQHandler
                0x000000000800155c                QUADSPI_IRQHandler
                0x000000000800155c                I2C1_EV_IRQHandler
                0x000000000800155c                DMA1_Stream6_IRQHandler
                0x000000000800155c                DMA1_Stream1_IRQHandler
                0x000000000800155c                UART4_IRQHandler
                0x000000000800155c                TIM3_IRQHandler
                0x000000000800155c                RCC_IRQHandler
                0x000000000800155c                TIM8_BRK_TIM12_IRQHandler
                0x000000000800155c                Default_Handler
                0x000000000800155c                CEC_IRQHandler
                0x000000000800155c                EXTI15_10_IRQHandler
                0x000000000800155c                ADC_IRQHandler
                0x000000000800155c                DMA1_Stream7_IRQHandler
                0x000000000800155c                SPI5_IRQHandler
                0x000000000800155c                TIM7_IRQHandler
                0x000000000800155c                SDMMC1_IRQHandler
                0x000000000800155c                CAN2_TX_IRQHandler
                0x000000000800155c                TIM5_IRQHandler
                0x000000000800155c                DMA2_Stream7_IRQHandler
                0x000000000800155c                I2C3_EV_IRQHandler
                0x000000000800155c                EXTI9_5_IRQHandler
                0x000000000800155c                RTC_WKUP_IRQHandler
                0x000000000800155c                LTDC_IRQHandler
                0x000000000800155c                ETH_WKUP_IRQHandler
                0x000000000800155c                SPDIF_RX_IRQHandler
                0x000000000800155c                SPI2_IRQHandler
                0x000000000800155c                OTG_HS_EP1_IN_IRQHandler
                0x000000000800155c                DMA1_Stream0_IRQHandler
                0x000000000800155c                CAN1_TX_IRQHandler
                0x000000000800155c                EXTI4_IRQHandler
                0x000000000800155c                RNG_IRQHandler
                0x000000000800155c                DSI_IRQHandler
                0x000000000800155c                ETH_IRQHandler
                0x000000000800155c                OTG_HS_EP1_OUT_IRQHandler
                0x000000000800155c                WWDG_IRQHandler
                0x000000000800155c                SPI6_IRQHandler
                0x000000000800155c                MDIOS_IRQHandler
                0x000000000800155c                I2C4_EV_IRQHandler
                0x000000000800155c                CAN3_TX_IRQHandler
                0x000000000800155c                TIM2_IRQHandler
                0x000000000800155c                OTG_FS_WKUP_IRQHandler
                0x000000000800155c                TIM1_TRG_COM_TIM11_IRQHandler
                0x000000000800155c                OTG_HS_IRQHandler
                0x000000000800155c                DMA2D_IRQHandler
                0x000000000800155c                EXTI1_IRQHandler
                0x000000000800155c                SDMMC2_IRQHandler
                0x000000000800155c                UART7_IRQHandler
                0x000000000800155c                USART2_IRQHandler
                0x000000000800155c                DFSDM1_FLT0_IRQHandler
                0x000000000800155c                I2C2_ER_IRQHandler
                0x000000000800155c                DMA2_Stream1_IRQHandler
                0x000000000800155c                CAN1_SCE_IRQHandler
                0x000000000800155c                FLASH_IRQHandler
                0x000000000800155c                DMA2_Stream4_IRQHandler
                0x000000000800155c                USART1_IRQHandler
                0x000000000800155c                OTG_FS_IRQHandler
                0x000000000800155c                SPI3_IRQHandler
                0x000000000800155c                DMA1_Stream4_IRQHandler
                0x000000000800155c                I2C1_ER_IRQHandler
                0x000000000800155c                FMC_IRQHandler
                0x000000000800155c                LPTIM1_IRQHandler
                0x000000000800155c                I2C4_ER_IRQHandler
                0x000000000800155c                DMA2_Stream6_IRQHandler
                0x000000000800155c                SAI1_IRQHandler
                0x000000000800155c                DMA1_Stream3_IRQHandler
 .text.HAL_Init
                0x000000000800155e       0x1a ./Drivers/STM32F7xx_HAL_Driver/Src/stm32f7xx_hal.o
                0x000000000800155e                HAL_Init
 .text.HAL_InitTick
                0x0000000008001578       0x60 ./Drivers/STM32F7xx_HAL_Driver/Src/stm32f7xx_hal.o
                0x0000000008001578                HAL_InitTick
 .text.HAL_IncTick
                0x00000000080015d8       0x28 ./Drivers/STM32F7xx_HAL_Driver/Src/stm32f7xx_hal.o
                0x00000000080015d8                HAL_IncTick
 .text.HAL_GetTick
                0x0000000008001600       0x18 ./Drivers/STM32F7xx_HAL_Driver/Src/stm32f7xx_hal.o
                0x0000000008001600                HAL_GetTick
 .text.HAL_Delay
                0x0000000008001618       0x48 ./Drivers/STM32F7xx_HAL_Driver/Src/stm32f7xx_hal.o
                0x0000000008001618                HAL_Delay
 .text.__NVIC_SetPriorityGrouping
                0x0000000008001660       0x48 ./Drivers/STM32F7xx_HAL_Driver/Src/stm32f7xx_hal_cortex.o
 .text.__NVIC_GetPriorityGrouping
                0x00000000080016a8       0x1c ./Drivers/STM32F7xx_HAL_Driver/Src/stm32f7xx_hal_cortex.o
 .text.__NVIC_SetPriority
                0x00000000080016c4       0x54 ./Drivers/STM32F7xx_HAL_Driver/Src/stm32f7xx_hal_cortex.o
 .text.NVIC_EncodePriority
                0x0000000008001718       0x66 ./Drivers/STM32F7xx_HAL_Driver/Src/stm32f7xx_hal_cortex.o
 *fill*         0x000000000800177e        0x2 
 .text.SysTick_Config
                0x0000000008001780       0x44 ./Drivers/STM32F7xx_HAL_Driver/Src/stm32f7xx_hal_cortex.o
 .text.HAL_NVIC_SetPriorityGrouping
                0x00000000080017c4       0x16 ./Drivers/STM32F7xx_HAL_Driver/Src/stm32f7xx_hal_cortex.o
                0x00000000080017c4                HAL_NVIC_SetPriorityGrouping
 .text.HAL_NVIC_SetPriority
                0x00000000080017da       0x38 ./Drivers/STM32F7xx_HAL_Driver/Src/stm32f7xx_hal_cortex.o
                0x00000000080017da                HAL_NVIC_SetPriority
 .text.HAL_SYSTICK_Config
                0x0000000008001812       0x18 ./Drivers/STM32F7xx_HAL_Driver/Src/stm32f7xx_hal_cortex.o
                0x0000000008001812                HAL_SYSTICK_Config
 .text.DSI_ConfigPacketHeader
                0x000000000800182a       0x32 ./Drivers/STM32F7xx_HAL_Driver/Src/stm32f7xx_hal_dsi.o
 .text.DSI_ShortWrite
                0x000000000800185c       0x5e ./Drivers/STM32F7xx_HAL_Driver/Src/stm32f7xx_hal_dsi.o
 *fill*         0x00000000080018ba        0x2 
 .text.HAL_DSI_Init
                0x00000000080018bc      0x238 ./Drivers/STM32F7xx_HAL_Driver/Src/stm32f7xx_hal_dsi.o
                0x00000000080018bc                HAL_DSI_Init
 .text.HAL_DSI_ConfigErrorMonitor
                0x0000000008001af4      0x178 ./Drivers/STM32F7xx_HAL_Driver/Src/stm32f7xx_hal_dsi.o
                0x0000000008001af4                HAL_DSI_ConfigErrorMonitor
 .text.HAL_DSI_SetGenericVCID
                0x0000000008001c6c       0x50 ./Drivers/STM32F7xx_HAL_Driver/Src/stm32f7xx_hal_dsi.o
                0x0000000008001c6c                HAL_DSI_SetGenericVCID
 .text.HAL_DSI_ConfigVideoMode
                0x0000000008001cbc      0x400 ./Drivers/STM32F7xx_HAL_Driver/Src/stm32f7xx_hal_dsi.o
                0x0000000008001cbc                HAL_DSI_ConfigVideoMode
 .text.HAL_DSI_ConfigPhyTimer
                0x00000000080020bc       0xd4 ./Drivers/STM32F7xx_HAL_Driver/Src/stm32f7xx_hal_dsi.o
                0x00000000080020bc                HAL_DSI_ConfigPhyTimer
 .text.HAL_DSI_ConfigHostTimeouts
                0x0000000008002190      0x190 ./Drivers/STM32F7xx_HAL_Driver/Src/stm32f7xx_hal_dsi.o
                0x0000000008002190                HAL_DSI_ConfigHostTimeouts
 .text.HAL_DSI_Start
                0x0000000008002320       0x78 ./Drivers/STM32F7xx_HAL_Driver/Src/stm32f7xx_hal_dsi.o
                0x0000000008002320                HAL_DSI_Start
 .text.HAL_DSI_ShortWrite
                0x0000000008002398       0x44 ./Drivers/STM32F7xx_HAL_Driver/Src/stm32f7xx_hal_dsi.o
                0x0000000008002398                HAL_DSI_ShortWrite
 .text.HAL_DSI_LongWrite
                0x00000000080023dc      0x130 ./Drivers/STM32F7xx_HAL_Driver/Src/stm32f7xx_hal_dsi.o
                0x00000000080023dc                HAL_DSI_LongWrite
 .text.HAL_DSI_SetLowPowerRXFilter
                0x000000000800250c       0x5a ./Drivers/STM32F7xx_HAL_Driver/Src/stm32f7xx_hal_dsi.o
                0x000000000800250c                HAL_DSI_SetLowPowerRXFilter
 *fill*         0x0000000008002566        0x2 
 .text.HAL_GPIO_Init
                0x0000000008002568      0x358 ./Drivers/STM32F7xx_HAL_Driver/Src/stm32f7xx_hal_gpio.o
                0x0000000008002568                HAL_GPIO_Init
 .text.HAL_GPIO_WritePin
                0x00000000080028c0       0x32 ./Drivers/STM32F7xx_HAL_Driver/Src/stm32f7xx_hal_gpio.o
                0x00000000080028c0                HAL_GPIO_WritePin
 *fill*         0x00000000080028f2        0x2 
 .text.HAL_LTDC_Init
                0x00000000080028f4      0x1a0 ./Drivers/STM32F7xx_HAL_Driver/Src/stm32f7xx_hal_ltdc.o
                0x00000000080028f4                HAL_LTDC_Init
 .text.HAL_LTDC_ConfigLayer
                0x0000000008002a94       0x7c ./Drivers/STM32F7xx_HAL_Driver/Src/stm32f7xx_hal_ltdc.o
                0x0000000008002a94                HAL_LTDC_ConfigLayer
 .text.HAL_LTDC_SetAddress
                0x0000000008002b10       0x6c ./Drivers/STM32F7xx_HAL_Driver/Src/stm32f7xx_hal_ltdc.o
                0x0000000008002b10                HAL_LTDC_SetAddress
 .text.LTDC_SetConfig
                0x0000000008002b7c      0x334 ./Drivers/STM32F7xx_HAL_Driver/Src/stm32f7xx_hal_ltdc.o
 .text.HAL_PWREx_EnableOverDrive
                0x0000000008002eb0       0xa0 ./Drivers/STM32F7xx_HAL_Driver/Src/stm32f7xx_hal_pwr_ex.o
                0x0000000008002eb0                HAL_PWREx_EnableOverDrive
 .text.HAL_RCC_OscConfig
                0x0000000008002f50      0x55c ./Drivers/STM32F7xx_HAL_Driver/Src/stm32f7xx_hal_rcc.o
                0x0000000008002f50                HAL_RCC_OscConfig
 .text.HAL_RCC_ClockConfig
                0x00000000080034ac      0x1d8 ./Drivers/STM32F7xx_HAL_Driver/Src/stm32f7xx_hal_rcc.o
                0x00000000080034ac                HAL_RCC_ClockConfig
 .text.HAL_RCC_GetSysClockFreq
                0x0000000008003684      0x18c ./Drivers/STM32F7xx_HAL_Driver/Src/stm32f7xx_hal_rcc.o
                0x0000000008003684                HAL_RCC_GetSysClockFreq
 .text.HAL_RCCEx_PeriphCLKConfig
                0x0000000008003810      0x850 ./Drivers/STM32F7xx_HAL_Driver/Src/stm32f7xx_hal_rcc_ex.o
                0x0000000008003810                HAL_RCCEx_PeriphCLKConfig
 .text.HAL_SDRAM_Init
                0x0000000008004060       0x68 ./Drivers/STM32F7xx_HAL_Driver/Src/stm32f7xx_hal_sdram.o
                0x0000000008004060                HAL_SDRAM_Init
 .text.HAL_SDRAM_SendCommand
                0x00000000080040c8       0x6a ./Drivers/STM32F7xx_HAL_Driver/Src/stm32f7xx_hal_sdram.o
                0x00000000080040c8                HAL_SDRAM_SendCommand
 .text.HAL_SDRAM_ProgramRefreshRate
                0x0000000008004132       0x50 ./Drivers/STM32F7xx_HAL_Driver/Src/stm32f7xx_hal_sdram.o
                0x0000000008004132                HAL_SDRAM_ProgramRefreshRate
 *fill*         0x0000000008004182        0x2 
 .text.FMC_SDRAM_Init
                0x0000000008004184       0xb8 ./Drivers/STM32F7xx_HAL_Driver/Src/stm32f7xx_ll_fmc.o
                0x0000000008004184                FMC_SDRAM_Init
 .text.FMC_SDRAM_Timing_Init
                0x000000000800423c       0xd4 ./Drivers/STM32F7xx_HAL_Driver/Src/stm32f7xx_ll_fmc.o
                0x000000000800423c                FMC_SDRAM_Timing_Init
 .text.FMC_SDRAM_SendCommand
                0x0000000008004310       0x48 ./Drivers/STM32F7xx_HAL_Driver/Src/stm32f7xx_ll_fmc.o
                0x0000000008004310                FMC_SDRAM_SendCommand
 .text.FMC_SDRAM_ProgramRefreshRate
                0x0000000008004358       0x30 ./Drivers/STM32F7xx_HAL_Driver/Src/stm32f7xx_ll_fmc.o
                0x0000000008004358                FMC_SDRAM_ProgramRefreshRate
 .text.__libc_init_array
                0x0000000008004388       0x48 c:/st/stm32cubeide_1.11.2/stm32cubeide/plugins/com.st.stm32cube.ide.mcu.externaltools.gnu-tools-for-stm32.10.3-2021.10.win32_1.0.100.202210260954/tools/bin/../lib/gcc/arm-none-eabi/10.3.1/../../../../arm-none-eabi/lib/thumb/v7e-m+dp/hard\libc.a(lib_a-init.o)
                0x0000000008004388                __libc_init_array
 .text.memcpy   0x00000000080043d0       0x1c c:/st/stm32cubeide_1.11.2/stm32cubeide/plugins/com.st.stm32cube.ide.mcu.externaltools.gnu-tools-for-stm32.10.3-2021.10.win32_1.0.100.202210260954/tools/bin/../lib/gcc/arm-none-eabi/10.3.1/../../../../arm-none-eabi/lib/thumb/v7e-m+dp/hard\libc.a(lib_a-memcpy-stub.o)
                0x00000000080043d0                memcpy
 .text.memset   0x00000000080043ec       0x10 c:/st/stm32cubeide_1.11.2/stm32cubeide/plugins/com.st.stm32cube.ide.mcu.externaltools.gnu-tools-for-stm32.10.3-2021.10.win32_1.0.100.202210260954/tools/bin/../lib/gcc/arm-none-eabi/10.3.1/../../../../arm-none-eabi/lib/thumb/v7e-m+dp/hard\libc.a(lib_a-memset.o)
                0x00000000080043ec                memset
 .text.startup.register_fini
                0x00000000080043fc       0x14 c:/st/stm32cubeide_1.11.2/stm32cubeide/plugins/com.st.stm32cube.ide.mcu.externaltools.gnu-tools-for-stm32.10.3-2021.10.win32_1.0.100.202210260954/tools/bin/../lib/gcc/arm-none-eabi/10.3.1/../../../../arm-none-eabi/lib/thumb/v7e-m+dp/hard\libc.a(lib_a-__call_atexit.o)
 .text.atexit   0x0000000008004410        0xc c:/st/stm32cubeide_1.11.2/stm32cubeide/plugins/com.st.stm32cube.ide.mcu.externaltools.gnu-tools-for-stm32.10.3-2021.10.win32_1.0.100.202210260954/tools/bin/../lib/gcc/arm-none-eabi/10.3.1/../../../../arm-none-eabi/lib/thumb/v7e-m+dp/hard\libc.a(lib_a-atexit.o)
                0x0000000008004410                atexit
 .text.__libc_fini_array
                0x000000000800441c       0x28 c:/st/stm32cubeide_1.11.2/stm32cubeide/plugins/com.st.stm32cube.ide.mcu.externaltools.gnu-tools-for-stm32.10.3-2021.10.win32_1.0.100.202210260954/tools/bin/../lib/gcc/arm-none-eabi/10.3.1/../../../../arm-none-eabi/lib/thumb/v7e-m+dp/hard\libc.a(lib_a-fini.o)
                0x000000000800441c                __libc_fini_array
 .text.__retarget_lock_acquire_recursive
                0x0000000008004444        0x2 c:/st/stm32cubeide_1.11.2/stm32cubeide/plugins/com.st.stm32cube.ide.mcu.externaltools.gnu-tools-for-stm32.10.3-2021.10.win32_1.0.100.202210260954/tools/bin/../lib/gcc/arm-none-eabi/10.3.1/../../../../arm-none-eabi/lib/thumb/v7e-m+dp/hard\libc.a(lib_a-lock.o)
                0x0000000008004444                __retarget_lock_acquire_recursive
 .text.__retarget_lock_release_recursive
                0x0000000008004446        0x2 c:/st/stm32cubeide_1.11.2/stm32cubeide/plugins/com.st.stm32cube.ide.mcu.externaltools.gnu-tools-for-stm32.10.3-2021.10.win32_1.0.100.202210260954/tools/bin/../lib/gcc/arm-none-eabi/10.3.1/../../../../arm-none-eabi/lib/thumb/v7e-m+dp/hard\libc.a(lib_a-lock.o)
                0x0000000008004446                __retarget_lock_release_recursive
 .text.__register_exitproc
                0x0000000008004448       0x84 c:/st/stm32cubeide_1.11.2/stm32cubeide/plugins/com.st.stm32cube.ide.mcu.externaltools.gnu-tools-for-stm32.10.3-2021.10.win32_1.0.100.202210260954/tools/bin/../lib/gcc/arm-none-eabi/10.3.1/../../../../arm-none-eabi/lib/thumb/v7e-m+dp/hard\libc.a(lib_a-__atexit.o)
                0x0000000008004448                __register_exitproc
 *(.glue_7)
 .glue_7        0x00000000080044cc        0x0 linker stubs
 *(.glue_7t)
 .glue_7t       0x00000000080044cc        0x0 linker stubs
 *(.eh_frame)
 .eh_frame      0x00000000080044cc        0x0 c:/st/stm32cubeide_1.11.2/stm32cubeide/plugins/com.st.stm32cube.ide.mcu.externaltools.gnu-tools-for-stm32.10.3-2021.10.win32_1.0.100.202210260954/tools/bin/../lib/gcc/arm-none-eabi/10.3.1/thumb/v7e-m+dp/hard/crtbegin.o
 *(.init)
 .init          0x00000000080044cc        0x4 c:/st/stm32cubeide_1.11.2/stm32cubeide/plugins/com.st.stm32cube.ide.mcu.externaltools.gnu-tools-for-stm32.10.3-2021.10.win32_1.0.100.202210260954/tools/bin/../lib/gcc/arm-none-eabi/10.3.1/thumb/v7e-m+dp/hard/crti.o
                0x00000000080044cc                _init
 .init          0x00000000080044d0        0x8 c:/st/stm32cubeide_1.11.2/stm32cubeide/plugins/com.st.stm32cube.ide.mcu.externaltools.gnu-tools-for-stm32.10.3-2021.10.win32_1.0.100.202210260954/tools/bin/../lib/gcc/arm-none-eabi/10.3.1/thumb/v7e-m+dp/hard/crtn.o
 *(.fini)
 .fini          0x00000000080044d8        0x4 c:/st/stm32cubeide_1.11.2/stm32cubeide/plugins/com.st.stm32cube.ide.mcu.externaltools.gnu-tools-for-stm32.10.3-2021.10.win32_1.0.100.202210260954/tools/bin/../lib/gcc/arm-none-eabi/10.3.1/thumb/v7e-m+dp/hard/crti.o
                0x00000000080044d8                _fini
 .fini          0x00000000080044dc        0x8 c:/st/stm32cubeide_1.11.2/stm32cubeide/plugins/com.st.stm32cube.ide.mcu.externaltools.gnu-tools-for-stm32.10.3-2021.10.win32_1.0.100.202210260954/tools/bin/../lib/gcc/arm-none-eabi/10.3.1/thumb/v7e-m+dp/hard/crtn.o
                0x00000000080044e4                . = ALIGN (0x4)
                0x00000000080044e4                _etext = .

.vfp11_veneer   0x00000000080044e4        0x0
 .vfp11_veneer  0x00000000080044e4        0x0 linker stubs

.v4_bx          0x00000000080044e4        0x0
 .v4_bx         0x00000000080044e4        0x0 linker stubs

.iplt           0x00000000080044e4        0x0
 .iplt          0x00000000080044e4        0x0 c:/st/stm32cubeide_1.11.2/stm32cubeide/plugins/com.st.stm32cube.ide.mcu.externaltools.gnu-tools-for-stm32.10.3-2021.10.win32_1.0.100.202210260954/tools/bin/../lib/gcc/arm-none-eabi/10.3.1/thumb/v7e-m+dp/hard/crtbegin.o

.rodata         0x00000000080044e4    0x96228
                0x00000000080044e4                . = ALIGN (0x4)
 *(.rodata)
 *(.rodata*)
 .rodata.lcdRegData1
                0x00000000080044e4        0x4 ./Core/Componnets/otm8009a/otm8009a.o
                0x00000000080044e4                lcdRegData1
 .rodata.lcdRegData2
                0x00000000080044e8        0x3 ./Core/Componnets/otm8009a/otm8009a.o
                0x00000000080044e8                lcdRegData2
 *fill*         0x00000000080044eb        0x1 
 .rodata.lcdRegData3
                0x00000000080044ec       0x11 ./Core/Componnets/otm8009a/otm8009a.o
                0x00000000080044ec                lcdRegData3
 *fill*         0x00000000080044fd        0x3 
 .rodata.lcdRegData4
                0x0000000008004500       0x11 ./Core/Componnets/otm8009a/otm8009a.o
                0x0000000008004500                lcdRegData4
 *fill*         0x0000000008004511        0x3 
 .rodata.lcdRegData5
                0x0000000008004514        0x3 ./Core/Componnets/otm8009a/otm8009a.o
                0x0000000008004514                lcdRegData5
 *fill*         0x0000000008004517        0x1 
 .rodata.lcdRegData6
                0x0000000008004518        0x3 ./Core/Componnets/otm8009a/otm8009a.o
                0x0000000008004518                lcdRegData6
 *fill*         0x000000000800451b        0x1 
 .rodata.lcdRegData7
                0x000000000800451c        0x7 ./Core/Componnets/otm8009a/otm8009a.o
                0x000000000800451c                lcdRegData7
 *fill*         0x0000000008004523        0x1 
 .rodata.lcdRegData8
                0x0000000008004524        0xf ./Core/Componnets/otm8009a/otm8009a.o
                0x0000000008004524                lcdRegData8
 *fill*         0x0000000008004533        0x1 
 .rodata.lcdRegData9
                0x0000000008004534        0xf ./Core/Componnets/otm8009a/otm8009a.o
                0x0000000008004534                lcdRegData9
 *fill*         0x0000000008004543        0x1 
 .rodata.lcdRegData10
                0x0000000008004544        0xb ./Core/Componnets/otm8009a/otm8009a.o
                0x0000000008004544                lcdRegData10
 *fill*         0x000000000800454f        0x1 
 .rodata.lcdRegData11
                0x0000000008004550        0xb ./Core/Componnets/otm8009a/otm8009a.o
                0x0000000008004550                lcdRegData11
 *fill*         0x000000000800455b        0x1 
 .rodata.lcdRegData12
                0x000000000800455c       0x10 ./Core/Componnets/otm8009a/otm8009a.o
                0x000000000800455c                lcdRegData12
 .rodata.lcdRegData13
                0x000000000800456c       0x10 ./Core/Componnets/otm8009a/otm8009a.o
                0x000000000800456c                lcdRegData13
 .rodata.lcdRegData14
                0x000000000800457c        0xb ./Core/Componnets/otm8009a/otm8009a.o
                0x000000000800457c                lcdRegData14
 *fill*         0x0000000008004587        0x1 
 .rodata.lcdRegData15
                0x0000000008004588       0x10 ./Core/Componnets/otm8009a/otm8009a.o
                0x0000000008004588                lcdRegData15
 .rodata.lcdRegData16
                0x0000000008004598       0x10 ./Core/Componnets/otm8009a/otm8009a.o
                0x0000000008004598                lcdRegData16
 .rodata.lcdRegData17
                0x00000000080045a8        0xb ./Core/Componnets/otm8009a/otm8009a.o
                0x00000000080045a8                lcdRegData17
 *fill*         0x00000000080045b3        0x1 
 .rodata.lcdRegData18
                0x00000000080045b4        0xb ./Core/Componnets/otm8009a/otm8009a.o
                0x00000000080045b4                lcdRegData18
 *fill*         0x00000000080045bf        0x1 
 .rodata.lcdRegData19
                0x00000000080045c0        0xb ./Core/Componnets/otm8009a/otm8009a.o
                0x00000000080045c0                lcdRegData19
 *fill*         0x00000000080045cb        0x1 
 .rodata.lcdRegData20
                0x00000000080045cc       0x10 ./Core/Componnets/otm8009a/otm8009a.o
                0x00000000080045cc                lcdRegData20
 .rodata.lcdRegData21
                0x00000000080045dc       0x10 ./Core/Componnets/otm8009a/otm8009a.o
                0x00000000080045dc                lcdRegData21
 .rodata.lcdRegData22
                0x00000000080045ec        0xb ./Core/Componnets/otm8009a/otm8009a.o
                0x00000000080045ec                lcdRegData22
 *fill*         0x00000000080045f7        0x1 
 .rodata.lcdRegData23
                0x00000000080045f8       0x10 ./Core/Componnets/otm8009a/otm8009a.o
                0x00000000080045f8                lcdRegData23
 .rodata.lcdRegData24
                0x0000000008004608       0x10 ./Core/Componnets/otm8009a/otm8009a.o
                0x0000000008004608                lcdRegData24
 .rodata.lcdRegData25
                0x0000000008004618        0x4 ./Core/Componnets/otm8009a/otm8009a.o
                0x0000000008004618                lcdRegData25
 .rodata.lcdRegData27
                0x000000000800461c        0x5 ./Core/Componnets/otm8009a/otm8009a.o
                0x000000000800461c                lcdRegData27
 *fill*         0x0000000008004621        0x3 
 .rodata.lcdRegData28
                0x0000000008004624        0x5 ./Core/Componnets/otm8009a/otm8009a.o
                0x0000000008004624                lcdRegData28
 *fill*         0x0000000008004629        0x3 
 .rodata.ShortRegData1
                0x000000000800462c        0x2 ./Core/Componnets/otm8009a/otm8009a.o
                0x000000000800462c                ShortRegData1
 *fill*         0x000000000800462e        0x2 
 .rodata.ShortRegData2
                0x0000000008004630        0x2 ./Core/Componnets/otm8009a/otm8009a.o
                0x0000000008004630                ShortRegData2
 *fill*         0x0000000008004632        0x2 
 .rodata.ShortRegData3
                0x0000000008004634        0x2 ./Core/Componnets/otm8009a/otm8009a.o
                0x0000000008004634                ShortRegData3
 *fill*         0x0000000008004636        0x2 
 .rodata.ShortRegData4
                0x0000000008004638        0x2 ./Core/Componnets/otm8009a/otm8009a.o
                0x0000000008004638                ShortRegData4
 *fill*         0x000000000800463a        0x2 
 .rodata.ShortRegData5
                0x000000000800463c        0x2 ./Core/Componnets/otm8009a/otm8009a.o
                0x000000000800463c                ShortRegData5
 *fill*         0x000000000800463e        0x2 
 .rodata.ShortRegData6
                0x0000000008004640        0x2 ./Core/Componnets/otm8009a/otm8009a.o
                0x0000000008004640                ShortRegData6
 *fill*         0x0000000008004642        0x2 
 .rodata.ShortRegData7
                0x0000000008004644        0x2 ./Core/Componnets/otm8009a/otm8009a.o
                0x0000000008004644                ShortRegData7
 *fill*         0x0000000008004646        0x2 
 .rodata.ShortRegData8
                0x0000000008004648        0x2 ./Core/Componnets/otm8009a/otm8009a.o
                0x0000000008004648                ShortRegData8
 *fill*         0x000000000800464a        0x2 
 .rodata.ShortRegData9
                0x000000000800464c        0x2 ./Core/Componnets/otm8009a/otm8009a.o
                0x000000000800464c                ShortRegData9
 *fill*         0x000000000800464e        0x2 
 .rodata.ShortRegData10
                0x0000000008004650        0x2 ./Core/Componnets/otm8009a/otm8009a.o
                0x0000000008004650                ShortRegData10
 *fill*         0x0000000008004652        0x2 
 .rodata.ShortRegData11
                0x0000000008004654        0x2 ./Core/Componnets/otm8009a/otm8009a.o
                0x0000000008004654                ShortRegData11
 *fill*         0x0000000008004656        0x2 
 .rodata.ShortRegData12
                0x0000000008004658        0x2 ./Core/Componnets/otm8009a/otm8009a.o
                0x0000000008004658                ShortRegData12
 *fill*         0x000000000800465a        0x2 
 .rodata.ShortRegData13
                0x000000000800465c        0x2 ./Core/Componnets/otm8009a/otm8009a.o
                0x000000000800465c                ShortRegData13
 *fill*         0x000000000800465e        0x2 
 .rodata.ShortRegData14
                0x0000000008004660        0x2 ./Core/Componnets/otm8009a/otm8009a.o
                0x0000000008004660                ShortRegData14
 *fill*         0x0000000008004662        0x2 
 .rodata.ShortRegData15
                0x0000000008004664        0x2 ./Core/Componnets/otm8009a/otm8009a.o
                0x0000000008004664                ShortRegData15
 *fill*         0x0000000008004666        0x2 
 .rodata.ShortRegData16
                0x0000000008004668        0x2 ./Core/Componnets/otm8009a/otm8009a.o
                0x0000000008004668                ShortRegData16
 *fill*         0x000000000800466a        0x2 
 .rodata.ShortRegData17
                0x000000000800466c        0x2 ./Core/Componnets/otm8009a/otm8009a.o
                0x000000000800466c                ShortRegData17
 *fill*         0x000000000800466e        0x2 
 .rodata.ShortRegData18
                0x0000000008004670        0x2 ./Core/Componnets/otm8009a/otm8009a.o
                0x0000000008004670                ShortRegData18
 *fill*         0x0000000008004672        0x2 
 .rodata.ShortRegData19
                0x0000000008004674        0x2 ./Core/Componnets/otm8009a/otm8009a.o
                0x0000000008004674                ShortRegData19
 *fill*         0x0000000008004676        0x2 
 .rodata.ShortRegData20
                0x0000000008004678        0x2 ./Core/Componnets/otm8009a/otm8009a.o
                0x0000000008004678                ShortRegData20
 *fill*         0x000000000800467a        0x2 
 .rodata.ShortRegData21
                0x000000000800467c        0x2 ./Core/Componnets/otm8009a/otm8009a.o
                0x000000000800467c                ShortRegData21
 *fill*         0x000000000800467e        0x2 
 .rodata.ShortRegData22
                0x0000000008004680        0x2 ./Core/Componnets/otm8009a/otm8009a.o
                0x0000000008004680                ShortRegData22
 *fill*         0x0000000008004682        0x2 
 .rodata.ShortRegData23
                0x0000000008004684        0x2 ./Core/Componnets/otm8009a/otm8009a.o
                0x0000000008004684                ShortRegData23
 *fill*         0x0000000008004686        0x2 
 .rodata.ShortRegData24
                0x0000000008004688        0x2 ./Core/Componnets/otm8009a/otm8009a.o
                0x0000000008004688                ShortRegData24
 *fill*         0x000000000800468a        0x2 
 .rodata.ShortRegData25
                0x000000000800468c        0x2 ./Core/Componnets/otm8009a/otm8009a.o
                0x000000000800468c                ShortRegData25
 *fill*         0x000000000800468e        0x2 
 .rodata.ShortRegData26
                0x0000000008004690        0x2 ./Core/Componnets/otm8009a/otm8009a.o
                0x0000000008004690                ShortRegData26
 *fill*         0x0000000008004692        0x2 
 .rodata.ShortRegData27
                0x0000000008004694        0x2 ./Core/Componnets/otm8009a/otm8009a.o
                0x0000000008004694                ShortRegData27
 *fill*         0x0000000008004696        0x2 
 .rodata.ShortRegData28
                0x0000000008004698        0x2 ./Core/Componnets/otm8009a/otm8009a.o
                0x0000000008004698                ShortRegData28
 *fill*         0x000000000800469a        0x2 
 .rodata.ShortRegData29
                0x000000000800469c        0x2 ./Core/Componnets/otm8009a/otm8009a.o
                0x000000000800469c                ShortRegData29
 *fill*         0x000000000800469e        0x2 
 .rodata.ShortRegData30
                0x00000000080046a0        0x2 ./Core/Componnets/otm8009a/otm8009a.o
                0x00000000080046a0                ShortRegData30
 *fill*         0x00000000080046a2        0x2 
 .rodata.ShortRegData31
                0x00000000080046a4        0x2 ./Core/Componnets/otm8009a/otm8009a.o
                0x00000000080046a4                ShortRegData31
 *fill*         0x00000000080046a6        0x2 
 .rodata.ShortRegData32
                0x00000000080046a8        0x2 ./Core/Componnets/otm8009a/otm8009a.o
                0x00000000080046a8                ShortRegData32
 *fill*         0x00000000080046aa        0x2 
 .rodata.ShortRegData33
                0x00000000080046ac        0x2 ./Core/Componnets/otm8009a/otm8009a.o
                0x00000000080046ac                ShortRegData33
 *fill*         0x00000000080046ae        0x2 
 .rodata.ShortRegData34
                0x00000000080046b0        0x2 ./Core/Componnets/otm8009a/otm8009a.o
                0x00000000080046b0                ShortRegData34
 *fill*         0x00000000080046b2        0x2 
 .rodata.ShortRegData35
                0x00000000080046b4        0x2 ./Core/Componnets/otm8009a/otm8009a.o
                0x00000000080046b4                ShortRegData35
 *fill*         0x00000000080046b6        0x2 
 .rodata.ShortRegData36
                0x00000000080046b8        0x2 ./Core/Componnets/otm8009a/otm8009a.o
                0x00000000080046b8                ShortRegData36
 *fill*         0x00000000080046ba        0x2 
 .rodata.ShortRegData37
                0x00000000080046bc        0x2 ./Core/Componnets/otm8009a/otm8009a.o
                0x00000000080046bc                ShortRegData37
 *fill*         0x00000000080046be        0x2 
 .rodata.ShortRegData38
                0x00000000080046c0        0x2 ./Core/Componnets/otm8009a/otm8009a.o
                0x00000000080046c0                ShortRegData38
 *fill*         0x00000000080046c2        0x2 
 .rodata.ShortRegData39
                0x00000000080046c4        0x2 ./Core/Componnets/otm8009a/otm8009a.o
                0x00000000080046c4                ShortRegData39
 *fill*         0x00000000080046c6        0x2 
 .rodata.ShortRegData40
                0x00000000080046c8        0x2 ./Core/Componnets/otm8009a/otm8009a.o
                0x00000000080046c8                ShortRegData40
 *fill*         0x00000000080046ca        0x2 
 .rodata.ShortRegData41
                0x00000000080046cc        0x2 ./Core/Componnets/otm8009a/otm8009a.o
                0x00000000080046cc                ShortRegData41
 *fill*         0x00000000080046ce        0x2 
 .rodata.ShortRegData42
                0x00000000080046d0        0x2 ./Core/Componnets/otm8009a/otm8009a.o
                0x00000000080046d0                ShortRegData42
 *fill*         0x00000000080046d2        0x2 
 .rodata.ShortRegData43
                0x00000000080046d4        0x2 ./Core/Componnets/otm8009a/otm8009a.o
                0x00000000080046d4                ShortRegData43
 *fill*         0x00000000080046d6        0x2 
 .rodata.ShortRegData44
                0x00000000080046d8        0x2 ./Core/Componnets/otm8009a/otm8009a.o
                0x00000000080046d8                ShortRegData44
 *fill*         0x00000000080046da        0x2 
 .rodata.ShortRegData45
                0x00000000080046dc        0x2 ./Core/Componnets/otm8009a/otm8009a.o
                0x00000000080046dc                ShortRegData45
 *fill*         0x00000000080046de        0x2 
 .rodata.ShortRegData46
                0x00000000080046e0        0x2 ./Core/Componnets/otm8009a/otm8009a.o
                0x00000000080046e0                ShortRegData46
 *fill*         0x00000000080046e2        0x2 
 .rodata.ShortRegData47
                0x00000000080046e4        0x2 ./Core/Componnets/otm8009a/otm8009a.o
                0x00000000080046e4                ShortRegData47
 *fill*         0x00000000080046e6        0x2 
 .rodata.ShortRegData48
                0x00000000080046e8        0x2 ./Core/Componnets/otm8009a/otm8009a.o
                0x00000000080046e8                ShortRegData48
 *fill*         0x00000000080046ea        0x2 
 .rodata.ShortRegData49
                0x00000000080046ec        0x2 ./Core/Componnets/otm8009a/otm8009a.o
                0x00000000080046ec                ShortRegData49
 *fill*         0x00000000080046ee        0x2 
 .rodata.ShortRegData50
                0x00000000080046f0        0x2 ./Core/Componnets/otm8009a/otm8009a.o
                0x00000000080046f0                ShortRegData50
 *fill*         0x00000000080046f2        0x2 
 .rodata.ShortRegData51
                0x00000000080046f4        0x2 ./Core/Componnets/otm8009a/otm8009a.o
                0x00000000080046f4                ShortRegData51
 *fill*         0x00000000080046f6        0x2 
 .rodata.life_augmented_argb8888
                0x00000000080046f8    0x4b000 ./Core/Src/main.o
                0x00000000080046f8                life_augmented_argb8888
 .rodata.image_320x240_argb8888
                0x000000000804f6f8    0x4b000 ./Core/Src/main.o
                0x000000000804f6f8                image_320x240_argb8888
 .rodata.AHBPrescTable
                0x000000000809a6f8       0x10 ./Core/Src/system_stm32f7xx.o
                0x000000000809a6f8                AHBPrescTable
 .rodata._global_impure_ptr
                0x000000000809a708        0x4 c:/st/stm32cubeide_1.11.2/stm32cubeide/plugins/com.st.stm32cube.ide.mcu.externaltools.gnu-tools-for-stm32.10.3-2021.10.win32_1.0.100.202210260954/tools/bin/../lib/gcc/arm-none-eabi/10.3.1/../../../../arm-none-eabi/lib/thumb/v7e-m+dp/hard\libc.a(lib_a-impure.o)
                0x000000000809a708                _global_impure_ptr
                0x000000000809a70c                . = ALIGN (0x4)

.ARM.extab      0x000000000809a70c        0x0
                0x000000000809a70c                . = ALIGN (0x4)
 *(.ARM.extab* .gnu.linkonce.armextab.*)
                0x000000000809a70c                . = ALIGN (0x4)

.ARM            0x000000000809a70c        0x8
                0x000000000809a70c                . = ALIGN (0x4)
                0x000000000809a70c                __exidx_start = .
 *(.ARM.exidx*)
 .ARM.exidx     0x000000000809a70c        0x8 c:/st/stm32cubeide_1.11.2/stm32cubeide/plugins/com.st.stm32cube.ide.mcu.externaltools.gnu-tools-for-stm32.10.3-2021.10.win32_1.0.100.202210260954/tools/bin/../lib/gcc/arm-none-eabi/10.3.1/thumb/v7e-m+dp/hard\libgcc.a(_udivmoddi4.o)
                0x000000000809a714                __exidx_end = .
                0x000000000809a714                . = ALIGN (0x4)

.rel.dyn        0x000000000809a714        0x0
 .rel.iplt      0x000000000809a714        0x0 c:/st/stm32cubeide_1.11.2/stm32cubeide/plugins/com.st.stm32cube.ide.mcu.externaltools.gnu-tools-for-stm32.10.3-2021.10.win32_1.0.100.202210260954/tools/bin/../lib/gcc/arm-none-eabi/10.3.1/thumb/v7e-m+dp/hard/crtbegin.o

.preinit_array  0x000000000809a714        0x0
                0x000000000809a714                . = ALIGN (0x4)
                0x000000000809a714                PROVIDE (__preinit_array_start = .)
 *(.preinit_array*)
                0x000000000809a714                PROVIDE (__preinit_array_end = .)
                0x000000000809a714                . = ALIGN (0x4)

.init_array     0x000000000809a714        0x8
                0x000000000809a714                . = ALIGN (0x4)
                0x000000000809a714                PROVIDE (__init_array_start = .)
 *(SORT_BY_NAME(.init_array.*))
 .init_array.00000
                0x000000000809a714        0x4 c:/st/stm32cubeide_1.11.2/stm32cubeide/plugins/com.st.stm32cube.ide.mcu.externaltools.gnu-tools-for-stm32.10.3-2021.10.win32_1.0.100.202210260954/tools/bin/../lib/gcc/arm-none-eabi/10.3.1/../../../../arm-none-eabi/lib/thumb/v7e-m+dp/hard\libc.a(lib_a-__call_atexit.o)
 *(.init_array*)
 .init_array    0x000000000809a718        0x4 c:/st/stm32cubeide_1.11.2/stm32cubeide/plugins/com.st.stm32cube.ide.mcu.externaltools.gnu-tools-for-stm32.10.3-2021.10.win32_1.0.100.202210260954/tools/bin/../lib/gcc/arm-none-eabi/10.3.1/thumb/v7e-m+dp/hard/crtbegin.o
                0x000000000809a71c                PROVIDE (__init_array_end = .)
                0x000000000809a71c                . = ALIGN (0x4)

.fini_array     0x000000000809a71c        0x4
                0x000000000809a71c                . = ALIGN (0x4)
                0x000000000809a71c                PROVIDE (__fini_array_start = .)
 *(SORT_BY_NAME(.fini_array.*))
 *(.fini_array*)
 .fini_array    0x000000000809a71c        0x4 c:/st/stm32cubeide_1.11.2/stm32cubeide/plugins/com.st.stm32cube.ide.mcu.externaltools.gnu-tools-for-stm32.10.3-2021.10.win32_1.0.100.202210260954/tools/bin/../lib/gcc/arm-none-eabi/10.3.1/thumb/v7e-m+dp/hard/crtbegin.o
                0x000000000809a720                PROVIDE (__fini_array_end = .)
                0x000000000809a720                . = ALIGN (0x4)
                0x000000000809a720                _sidata = LOADADDR (.data)

.data           0x0000000020000000      0x444 load address 0x000000000809a720
                0x0000000020000000                . = ALIGN (0x4)
                0x0000000020000000                _sdata = .
 *(.data)
 *(.data*)
 .data.wdata    0x0000000020000000        0x5 ./Core/Src/main.o
                0x0000000020000000                wdata
 *fill*         0x0000000020000005        0x3 
 .data.SystemCoreClock
                0x0000000020000008        0x4 ./Core/Src/system_stm32f7xx.o
                0x0000000020000008                SystemCoreClock
 .data.uwTickPrio
                0x000000002000000c        0x4 ./Drivers/STM32F7xx_HAL_Driver/Src/stm32f7xx_hal.o
                0x000000002000000c                uwTickPrio
 .data.uwTickFreq
                0x0000000020000010        0x1 ./Drivers/STM32F7xx_HAL_Driver/Src/stm32f7xx_hal.o
                0x0000000020000010                uwTickFreq
 *fill*         0x0000000020000011        0x7 
 .data.impure_data
                0x0000000020000018      0x428 c:/st/stm32cubeide_1.11.2/stm32cubeide/plugins/com.st.stm32cube.ide.mcu.externaltools.gnu-tools-for-stm32.10.3-2021.10.win32_1.0.100.202210260954/tools/bin/../lib/gcc/arm-none-eabi/10.3.1/../../../../arm-none-eabi/lib/thumb/v7e-m+dp/hard\libc.a(lib_a-impure.o)
 .data.__atexit_recursive_mutex
                0x0000000020000440        0x4 c:/st/stm32cubeide_1.11.2/stm32cubeide/plugins/com.st.stm32cube.ide.mcu.externaltools.gnu-tools-for-stm32.10.3-2021.10.win32_1.0.100.202210260954/tools/bin/../lib/gcc/arm-none-eabi/10.3.1/../../../../arm-none-eabi/lib/thumb/v7e-m+dp/hard\libc.a(lib_a-__call_atexit.o)
                0x0000000020000440                __atexit_recursive_mutex
 *(.RamFunc)
 *(.RamFunc*)
                0x0000000020000444                . = ALIGN (0x4)
                0x0000000020000444                _edata = .

.igot.plt       0x0000000020000444        0x0 load address 0x000000000809ab64
 .igot.plt      0x0000000020000444        0x0 c:/st/stm32cubeide_1.11.2/stm32cubeide/plugins/com.st.stm32cube.ide.mcu.externaltools.gnu-tools-for-stm32.10.3-2021.10.win32_1.0.100.202210260954/tools/bin/../lib/gcc/arm-none-eabi/10.3.1/thumb/v7e-m+dp/hard/crtbegin.o
                0x0000000020000444                . = ALIGN (0x4)

.bss            0x0000000020000444      0x13c load address 0x000000000809ab64
                0x0000000020000444                _sbss = .
                0x0000000020000444                __bss_start__ = _sbss
 *(.bss)
 .bss           0x0000000020000444       0x1c c:/st/stm32cubeide_1.11.2/stm32cubeide/plugins/com.st.stm32cube.ide.mcu.externaltools.gnu-tools-for-stm32.10.3-2021.10.win32_1.0.100.202210260954/tools/bin/../lib/gcc/arm-none-eabi/10.3.1/thumb/v7e-m+dp/hard/crtbegin.o
 *(.bss*)
 .bss.hdsi      0x0000000020000460       0x1c ./Core/Src/dsihost.o
                0x0000000020000460                hdsi
 .bss.Command   0x000000002000047c       0x10 ./Core/Src/fmc.o
 .bss.hsdram1   0x000000002000048c       0x34 ./Core/Src/fmc.o
                0x000000002000048c                hsdram1
 .bss.FMC_Initialized
                0x00000000200004c0        0x4 ./Core/Src/fmc.o
 .bss.hltdc     0x00000000200004c4       0xa8 ./Core/Src/ltdc.o
                0x00000000200004c4                hltdc
 .bss.rdata     0x000000002000056c        0xa ./Core/Src/main.o
                0x000000002000056c                rdata
 *fill*         0x0000000020000576        0x2 
 .bss.uwTick    0x0000000020000578        0x4 ./Drivers/STM32F7xx_HAL_Driver/Src/stm32f7xx_hal.o
                0x0000000020000578                uwTick
 .bss.__lock___atexit_recursive_mutex
                0x000000002000057c        0x1 c:/st/stm32cubeide_1.11.2/stm32cubeide/plugins/com.st.stm32cube.ide.mcu.externaltools.gnu-tools-for-stm32.10.3-2021.10.win32_1.0.100.202210260954/tools/bin/../lib/gcc/arm-none-eabi/10.3.1/../../../../arm-none-eabi/lib/thumb/v7e-m+dp/hard\libc.a(lib_a-lock.o)
                0x000000002000057c                __lock___atexit_recursive_mutex
 *(COMMON)
                0x0000000020000580                . = ALIGN (0x4)
 *fill*         0x000000002000057d        0x3 
                0x0000000020000580                _ebss = .
                0x0000000020000580                __bss_end__ = _ebss

._user_heap_stack
                0x0000000020000580      0x600 load address 0x000000000809ab64
                0x0000000020000580                . = ALIGN (0x8)
                [!provide]                        PROVIDE (end = .)
                0x0000000020000580                PROVIDE (_end = .)
                0x0000000020000780                . = (. + _Min_Heap_Size)
 *fill*         0x0000000020000580      0x200 
                0x0000000020000b80                . = (. + _Min_Stack_Size)
 *fill*         0x0000000020000780      0x400 
                0x0000000020000b80                . = ALIGN (0x8)

/DISCARD/
 libc.a(*)
 libm.a(*)
 libgcc.a(*)

.ARM.attributes
                0x0000000000000000       0x2e
 *(.ARM.attributes)
 .ARM.attributes
                0x0000000000000000       0x1e c:/st/stm32cubeide_1.11.2/stm32cubeide/plugins/com.st.stm32cube.ide.mcu.externaltools.gnu-tools-for-stm32.10.3-2021.10.win32_1.0.100.202210260954/tools/bin/../lib/gcc/arm-none-eabi/10.3.1/thumb/v7e-m+dp/hard/crti.o
 .ARM.attributes
                0x000000000000001e       0x32 c:/st/stm32cubeide_1.11.2/stm32cubeide/plugins/com.st.stm32cube.ide.mcu.externaltools.gnu-tools-for-stm32.10.3-2021.10.win32_1.0.100.202210260954/tools/bin/../lib/gcc/arm-none-eabi/10.3.1/thumb/v7e-m+dp/hard/crtbegin.o
 .ARM.attributes
                0x0000000000000050       0x32 ./Core/Componnets/otm8009a/otm8009a.o
 .ARM.attributes
                0x0000000000000082       0x32 ./Core/Src/dsihost.o
 .ARM.attributes
                0x00000000000000b4       0x32 ./Core/Src/fmc.o
 .ARM.attributes
                0x00000000000000e6       0x32 ./Core/Src/gpio.o
 .ARM.attributes
                0x0000000000000118       0x32 ./Core/Src/ltdc.o
 .ARM.attributes
                0x000000000000014a       0x32 ./Core/Src/main.o
 .ARM.attributes
                0x000000000000017c       0x32 ./Core/Src/stm32f7xx_hal_msp.o
 .ARM.attributes
                0x00000000000001ae       0x32 ./Core/Src/stm32f7xx_it.o
 .ARM.attributes
                0x00000000000001e0       0x32 ./Core/Src/system_stm32f7xx.o
 .ARM.attributes
                0x0000000000000212       0x21 ./Core/Startup/startup_stm32f769nihx.o
 .ARM.attributes
                0x0000000000000233       0x32 ./Drivers/STM32F7xx_HAL_Driver/Src/stm32f7xx_hal.o
 .ARM.attributes
                0x0000000000000265       0x32 ./Drivers/STM32F7xx_HAL_Driver/Src/stm32f7xx_hal_cortex.o
 .ARM.attributes
                0x0000000000000297       0x32 ./Drivers/STM32F7xx_HAL_Driver/Src/stm32f7xx_hal_dsi.o
 .ARM.attributes
                0x00000000000002c9       0x32 ./Drivers/STM32F7xx_HAL_Driver/Src/stm32f7xx_hal_gpio.o
 .ARM.attributes
                0x00000000000002fb       0x32 ./Drivers/STM32F7xx_HAL_Driver/Src/stm32f7xx_hal_ltdc.o
 .ARM.attributes
                0x000000000000032d       0x32 ./Drivers/STM32F7xx_HAL_Driver/Src/stm32f7xx_hal_pwr_ex.o
 .ARM.attributes
                0x000000000000035f       0x32 ./Drivers/STM32F7xx_HAL_Driver/Src/stm32f7xx_hal_rcc.o
 .ARM.attributes
                0x0000000000000391       0x32 ./Drivers/STM32F7xx_HAL_Driver/Src/stm32f7xx_hal_rcc_ex.o
 .ARM.attributes
                0x00000000000003c3       0x32 ./Drivers/STM32F7xx_HAL_Driver/Src/stm32f7xx_hal_sdram.o
 .ARM.attributes
                0x00000000000003f5       0x32 ./Drivers/STM32F7xx_HAL_Driver/Src/stm32f7xx_ll_fmc.o
 .ARM.attributes
                0x0000000000000427       0x32 c:/st/stm32cubeide_1.11.2/stm32cubeide/plugins/com.st.stm32cube.ide.mcu.externaltools.gnu-tools-for-stm32.10.3-2021.10.win32_1.0.100.202210260954/tools/bin/../lib/gcc/arm-none-eabi/10.3.1/../../../../arm-none-eabi/lib/thumb/v7e-m+dp/hard\libc.a(lib_a-impure.o)
 .ARM.attributes
                0x0000000000000459       0x32 c:/st/stm32cubeide_1.11.2/stm32cubeide/plugins/com.st.stm32cube.ide.mcu.externaltools.gnu-tools-for-stm32.10.3-2021.10.win32_1.0.100.202210260954/tools/bin/../lib/gcc/arm-none-eabi/10.3.1/../../../../arm-none-eabi/lib/thumb/v7e-m+dp/hard\libc.a(lib_a-init.o)
 .ARM.attributes
                0x000000000000048b       0x32 c:/st/stm32cubeide_1.11.2/stm32cubeide/plugins/com.st.stm32cube.ide.mcu.externaltools.gnu-tools-for-stm32.10.3-2021.10.win32_1.0.100.202210260954/tools/bin/../lib/gcc/arm-none-eabi/10.3.1/../../../../arm-none-eabi/lib/thumb/v7e-m+dp/hard\libc.a(lib_a-memcpy-stub.o)
 .ARM.attributes
                0x00000000000004bd       0x32 c:/st/stm32cubeide_1.11.2/stm32cubeide/plugins/com.st.stm32cube.ide.mcu.externaltools.gnu-tools-for-stm32.10.3-2021.10.win32_1.0.100.202210260954/tools/bin/../lib/gcc/arm-none-eabi/10.3.1/../../../../arm-none-eabi/lib/thumb/v7e-m+dp/hard\libc.a(lib_a-memset.o)
 .ARM.attributes
                0x00000000000004ef       0x32 c:/st/stm32cubeide_1.11.2/stm32cubeide/plugins/com.st.stm32cube.ide.mcu.externaltools.gnu-tools-for-stm32.10.3-2021.10.win32_1.0.100.202210260954/tools/bin/../lib/gcc/arm-none-eabi/10.3.1/../../../../arm-none-eabi/lib/thumb/v7e-m+dp/hard\libc.a(lib_a-__call_atexit.o)
 .ARM.attributes
                0x0000000000000521       0x32 c:/st/stm32cubeide_1.11.2/stm32cubeide/plugins/com.st.stm32cube.ide.mcu.externaltools.gnu-tools-for-stm32.10.3-2021.10.win32_1.0.100.202210260954/tools/bin/../lib/gcc/arm-none-eabi/10.3.1/../../../../arm-none-eabi/lib/thumb/v7e-m+dp/hard\libc.a(lib_a-atexit.o)
 .ARM.attributes
                0x0000000000000553       0x32 c:/st/stm32cubeide_1.11.2/stm32cubeide/plugins/com.st.stm32cube.ide.mcu.externaltools.gnu-tools-for-stm32.10.3-2021.10.win32_1.0.100.202210260954/tools/bin/../lib/gcc/arm-none-eabi/10.3.1/../../../../arm-none-eabi/lib/thumb/v7e-m+dp/hard\libc.a(lib_a-fini.o)
 .ARM.attributes
                0x0000000000000585       0x32 c:/st/stm32cubeide_1.11.2/stm32cubeide/plugins/com.st.stm32cube.ide.mcu.externaltools.gnu-tools-for-stm32.10.3-2021.10.win32_1.0.100.202210260954/tools/bin/../lib/gcc/arm-none-eabi/10.3.1/../../../../arm-none-eabi/lib/thumb/v7e-m+dp/hard\libc.a(lib_a-lock.o)
 .ARM.attributes
                0x00000000000005b7       0x32 c:/st/stm32cubeide_1.11.2/stm32cubeide/plugins/com.st.stm32cube.ide.mcu.externaltools.gnu-tools-for-stm32.10.3-2021.10.win32_1.0.100.202210260954/tools/bin/../lib/gcc/arm-none-eabi/10.3.1/../../../../arm-none-eabi/lib/thumb/v7e-m+dp/hard\libc.a(lib_a-__atexit.o)
 .ARM.attributes
                0x00000000000005e9       0x1e c:/st/stm32cubeide_1.11.2/stm32cubeide/plugins/com.st.stm32cube.ide.mcu.externaltools.gnu-tools-for-stm32.10.3-2021.10.win32_1.0.100.202210260954/tools/bin/../lib/gcc/arm-none-eabi/10.3.1/thumb/v7e-m+dp/hard\libgcc.a(_aeabi_uldivmod.o)
 .ARM.attributes
                0x0000000000000607       0x32 c:/st/stm32cubeide_1.11.2/stm32cubeide/plugins/com.st.stm32cube.ide.mcu.externaltools.gnu-tools-for-stm32.10.3-2021.10.win32_1.0.100.202210260954/tools/bin/../lib/gcc/arm-none-eabi/10.3.1/thumb/v7e-m+dp/hard\libgcc.a(_udivmoddi4.o)
 .ARM.attributes
                0x0000000000000639       0x1e c:/st/stm32cubeide_1.11.2/stm32cubeide/plugins/com.st.stm32cube.ide.mcu.externaltools.gnu-tools-for-stm32.10.3-2021.10.win32_1.0.100.202210260954/tools/bin/../lib/gcc/arm-none-eabi/10.3.1/thumb/v7e-m+dp/hard\libgcc.a(_dvmd_tls.o)
 .ARM.attributes
                0x0000000000000657       0x1e c:/st/stm32cubeide_1.11.2/stm32cubeide/plugins/com.st.stm32cube.ide.mcu.externaltools.gnu-tools-for-stm32.10.3-2021.10.win32_1.0.100.202210260954/tools/bin/../lib/gcc/arm-none-eabi/10.3.1/thumb/v7e-m+dp/hard/crtn.o
OUTPUT(STM32F769.elf elf32-littlearm)
LOAD linker stubs
LOAD c:/st/stm32cubeide_1.11.2/stm32cubeide/plugins/com.st.stm32cube.ide.mcu.externaltools.gnu-tools-for-stm32.10.3-2021.10.win32_1.0.100.202210260954/tools/bin/../lib/gcc/arm-none-eabi/10.3.1/../../../../arm-none-eabi/lib/thumb/v7e-m+dp/hard\libc.a
LOAD c:/st/stm32cubeide_1.11.2/stm32cubeide/plugins/com.st.stm32cube.ide.mcu.externaltools.gnu-tools-for-stm32.10.3-2021.10.win32_1.0.100.202210260954/tools/bin/../lib/gcc/arm-none-eabi/10.3.1/../../../../arm-none-eabi/lib/thumb/v7e-m+dp/hard\libm.a
LOAD c:/st/stm32cubeide_1.11.2/stm32cubeide/plugins/com.st.stm32cube.ide.mcu.externaltools.gnu-tools-for-stm32.10.3-2021.10.win32_1.0.100.202210260954/tools/bin/../lib/gcc/arm-none-eabi/10.3.1/thumb/v7e-m+dp/hard\libgcc.a

.debug_info     0x0000000000000000     0xd54a
 .debug_info    0x0000000000000000      0x795 ./Core/Componnets/otm8009a/otm8009a.o
 .debug_info    0x0000000000000795      0xd0d ./Core/Src/dsihost.o
 .debug_info    0x00000000000014a2      0xab8 ./Core/Src/fmc.o
 .debug_info    0x0000000000001f5a      0x50f ./Core/Src/gpio.o
 .debug_info    0x0000000000002469      0x9dd ./Core/Src/ltdc.o
 .debug_info    0x0000000000002e46     0x1685 ./Core/Src/main.o
 .debug_info    0x00000000000044cb      0x2d2 ./Core/Src/stm32f7xx_hal_msp.o
 .debug_info    0x000000000000479d      0x121 ./Core/Src/stm32f7xx_it.o
 .debug_info    0x00000000000048be      0x72c ./Core/Src/system_stm32f7xx.o
 .debug_info    0x0000000000004fea       0x22 ./Core/Startup/startup_stm32f769nihx.o
 .debug_info    0x000000000000500c      0xa88 ./Drivers/STM32F7xx_HAL_Driver/Src/stm32f7xx_hal.o
 .debug_info    0x0000000000005a94     0x10a2 ./Drivers/STM32F7xx_HAL_Driver/Src/stm32f7xx_hal_cortex.o
 .debug_info    0x0000000000006b36     0x1af9 ./Drivers/STM32F7xx_HAL_Driver/Src/stm32f7xx_hal_dsi.o
 .debug_info    0x000000000000862f      0x7a2 ./Drivers/STM32F7xx_HAL_Driver/Src/stm32f7xx_hal_gpio.o
 .debug_info    0x0000000000008dd1     0x114d ./Drivers/STM32F7xx_HAL_Driver/Src/stm32f7xx_hal_ltdc.o
 .debug_info    0x0000000000009f1e      0x92e ./Drivers/STM32F7xx_HAL_Driver/Src/stm32f7xx_hal_pwr_ex.o
 .debug_info    0x000000000000a84c      0x9f8 ./Drivers/STM32F7xx_HAL_Driver/Src/stm32f7xx_hal_rcc.o
 .debug_info    0x000000000000b244      0x78b ./Drivers/STM32F7xx_HAL_Driver/Src/stm32f7xx_hal_rcc_ex.o
 .debug_info    0x000000000000b9cf      0xf46 ./Drivers/STM32F7xx_HAL_Driver/Src/stm32f7xx_hal_sdram.o
 .debug_info    0x000000000000c915      0xc35 ./Drivers/STM32F7xx_HAL_Driver/Src/stm32f7xx_ll_fmc.o

.debug_abbrev   0x0000000000000000     0x22bb
 .debug_abbrev  0x0000000000000000       0xf2 ./Core/Componnets/otm8009a/otm8009a.o
 .debug_abbrev  0x00000000000000f2      0x1d2 ./Core/Src/dsihost.o
 .debug_abbrev  0x00000000000002c4      0x218 ./Core/Src/fmc.o
 .debug_abbrev  0x00000000000004dc      0x146 ./Core/Src/gpio.o
 .debug_abbrev  0x0000000000000622      0x1bb ./Core/Src/ltdc.o
 .debug_abbrev  0x00000000000007dd      0x2dc ./Core/Src/main.o
 .debug_abbrev  0x0000000000000ab9       0xd4 ./Core/Src/stm32f7xx_hal_msp.o
 .debug_abbrev  0x0000000000000b8d       0x74 ./Core/Src/stm32f7xx_it.o
 .debug_abbrev  0x0000000000000c01      0x136 ./Core/Src/system_stm32f7xx.o
 .debug_abbrev  0x0000000000000d37       0x12 ./Core/Startup/startup_stm32f769nihx.o
 .debug_abbrev  0x0000000000000d49      0x20d ./Drivers/STM32F7xx_HAL_Driver/Src/stm32f7xx_hal.o
 .debug_abbrev  0x0000000000000f56      0x316 ./Drivers/STM32F7xx_HAL_Driver/Src/stm32f7xx_hal_cortex.o
 .debug_abbrev  0x000000000000126c      0x24f ./Drivers/STM32F7xx_HAL_Driver/Src/stm32f7xx_hal_dsi.o
 .debug_abbrev  0x00000000000014bb      0x1c4 ./Drivers/STM32F7xx_HAL_Driver/Src/stm32f7xx_hal_gpio.o
 .debug_abbrev  0x000000000000167f      0x221 ./Drivers/STM32F7xx_HAL_Driver/Src/stm32f7xx_hal_ltdc.o
 .debug_abbrev  0x00000000000018a0      0x1cb ./Drivers/STM32F7xx_HAL_Driver/Src/stm32f7xx_hal_pwr_ex.o
 .debug_abbrev  0x0000000000001a6b      0x2d1 ./Drivers/STM32F7xx_HAL_Driver/Src/stm32f7xx_hal_rcc.o
 .debug_abbrev  0x0000000000001d3c      0x1b9 ./Drivers/STM32F7xx_HAL_Driver/Src/stm32f7xx_hal_rcc_ex.o
 .debug_abbrev  0x0000000000001ef5      0x230 ./Drivers/STM32F7xx_HAL_Driver/Src/stm32f7xx_hal_sdram.o
 .debug_abbrev  0x0000000000002125      0x196 ./Drivers/STM32F7xx_HAL_Driver/Src/stm32f7xx_ll_fmc.o

.debug_aranges  0x0000000000000000      0xa60
 .debug_aranges
                0x0000000000000000       0x30 ./Core/Componnets/otm8009a/otm8009a.o
 .debug_aranges
                0x0000000000000030       0x30 ./Core/Src/dsihost.o
 .debug_aranges
                0x0000000000000060       0x40 ./Core/Src/fmc.o
 .debug_aranges
                0x00000000000000a0       0x20 ./Core/Src/gpio.o
 .debug_aranges
                0x00000000000000c0       0x30 ./Core/Src/ltdc.o
 .debug_aranges
                0x00000000000000f0       0x48 ./Core/Src/main.o
 .debug_aranges
                0x0000000000000138       0x20 ./Core/Src/stm32f7xx_hal_msp.o
 .debug_aranges
                0x0000000000000158       0x60 ./Core/Src/stm32f7xx_it.o
 .debug_aranges
                0x00000000000001b8       0x28 ./Core/Src/system_stm32f7xx.o
 .debug_aranges
                0x00000000000001e0       0x28 ./Core/Startup/startup_stm32f769nihx.o
 .debug_aranges
                0x0000000000000208      0x110 ./Drivers/STM32F7xx_HAL_Driver/Src/stm32f7xx_hal.o
 .debug_aranges
                0x0000000000000318      0x118 ./Drivers/STM32F7xx_HAL_Driver/Src/stm32f7xx_hal_cortex.o
 .debug_aranges
                0x0000000000000430      0x178 ./Drivers/STM32F7xx_HAL_Driver/Src/stm32f7xx_hal_dsi.o
 .debug_aranges
                0x00000000000005a8       0x58 ./Drivers/STM32F7xx_HAL_Driver/Src/stm32f7xx_hal_gpio.o
 .debug_aranges
                0x0000000000000600      0x158 ./Drivers/STM32F7xx_HAL_Driver/Src/stm32f7xx_hal_ltdc.o
 .debug_aranges
                0x0000000000000758       0x80 ./Drivers/STM32F7xx_HAL_Driver/Src/stm32f7xx_hal_pwr_ex.o
 .debug_aranges
                0x00000000000007d8       0x88 ./Drivers/STM32F7xx_HAL_Driver/Src/stm32f7xx_hal_rcc.o
 .debug_aranges
                0x0000000000000860       0x50 ./Drivers/STM32F7xx_HAL_Driver/Src/stm32f7xx_hal_rcc_ex.o
 .debug_aranges
                0x00000000000008b0       0xe8 ./Drivers/STM32F7xx_HAL_Driver/Src/stm32f7xx_hal_sdram.o
 .debug_aranges
                0x0000000000000998       0xc8 ./Drivers/STM32F7xx_HAL_Driver/Src/stm32f7xx_ll_fmc.o

.debug_ranges   0x0000000000000000      0x928
 .debug_ranges  0x0000000000000000       0x20 ./Core/Componnets/otm8009a/otm8009a.o
 .debug_ranges  0x0000000000000020       0x20 ./Core/Src/dsihost.o
 .debug_ranges  0x0000000000000040       0x30 ./Core/Src/fmc.o
 .debug_ranges  0x0000000000000070       0x10 ./Core/Src/gpio.o
 .debug_ranges  0x0000000000000080       0x20 ./Core/Src/ltdc.o
 .debug_ranges  0x00000000000000a0       0x38 ./Core/Src/main.o
 .debug_ranges  0x00000000000000d8       0x10 ./Core/Src/stm32f7xx_hal_msp.o
 .debug_ranges  0x00000000000000e8       0x50 ./Core/Src/stm32f7xx_it.o
 .debug_ranges  0x0000000000000138       0x18 ./Core/Src/system_stm32f7xx.o
 .debug_ranges  0x0000000000000150       0x20 ./Core/Startup/startup_stm32f769nihx.o
 .debug_ranges  0x0000000000000170      0x100 ./Drivers/STM32F7xx_HAL_Driver/Src/stm32f7xx_hal.o
 .debug_ranges  0x0000000000000270      0x108 ./Drivers/STM32F7xx_HAL_Driver/Src/stm32f7xx_hal_cortex.o
 .debug_ranges  0x0000000000000378      0x168 ./Drivers/STM32F7xx_HAL_Driver/Src/stm32f7xx_hal_dsi.o
 .debug_ranges  0x00000000000004e0       0x48 ./Drivers/STM32F7xx_HAL_Driver/Src/stm32f7xx_hal_gpio.o
 .debug_ranges  0x0000000000000528      0x148 ./Drivers/STM32F7xx_HAL_Driver/Src/stm32f7xx_hal_ltdc.o
 .debug_ranges  0x0000000000000670       0x70 ./Drivers/STM32F7xx_HAL_Driver/Src/stm32f7xx_hal_pwr_ex.o
 .debug_ranges  0x00000000000006e0       0x78 ./Drivers/STM32F7xx_HAL_Driver/Src/stm32f7xx_hal_rcc.o
 .debug_ranges  0x0000000000000758       0x40 ./Drivers/STM32F7xx_HAL_Driver/Src/stm32f7xx_hal_rcc_ex.o
 .debug_ranges  0x0000000000000798       0xd8 ./Drivers/STM32F7xx_HAL_Driver/Src/stm32f7xx_hal_sdram.o
 .debug_ranges  0x0000000000000870       0xb8 ./Drivers/STM32F7xx_HAL_Driver/Src/stm32f7xx_ll_fmc.o

.debug_macro    0x0000000000000000    0x2e167
 .debug_macro   0x0000000000000000      0x21c ./Core/Componnets/otm8009a/otm8009a.o
 .debug_macro   0x000000000000021c      0xa90 ./Core/Componnets/otm8009a/otm8009a.o
 .debug_macro   0x0000000000000cac       0x22 ./Core/Componnets/otm8009a/otm8009a.o
 .debug_macro   0x0000000000000cce       0x8e ./Core/Componnets/otm8009a/otm8009a.o
 .debug_macro   0x0000000000000d5c       0x51 ./Core/Componnets/otm8009a/otm8009a.o
 .debug_macro   0x0000000000000dad      0x103 ./Core/Componnets/otm8009a/otm8009a.o
 .debug_macro   0x0000000000000eb0       0x6a ./Core/Componnets/otm8009a/otm8009a.o
 .debug_macro   0x0000000000000f1a      0x1df ./Core/Componnets/otm8009a/otm8009a.o
 .debug_macro   0x00000000000010f9      0x170 ./Core/Componnets/otm8009a/otm8009a.o
 .debug_macro   0x0000000000001269      0x299 ./Core/Componnets/otm8009a/otm8009a.o
 .debug_macro   0x0000000000001502       0x2e ./Core/Componnets/otm8009a/otm8009a.o
 .debug_macro   0x0000000000001530       0x3b ./Core/Componnets/otm8009a/otm8009a.o
 .debug_macro   0x000000000000156b       0x1c ./Core/Componnets/otm8009a/otm8009a.o
 .debug_macro   0x0000000000001587       0x22 ./Core/Componnets/otm8009a/otm8009a.o
 .debug_macro   0x00000000000015a9       0xd9 ./Core/Componnets/otm8009a/otm8009a.o
 .debug_macro   0x0000000000001682     0x12cd ./Core/Componnets/otm8009a/otm8009a.o
 .debug_macro   0x000000000000294f      0x11f ./Core/Componnets/otm8009a/otm8009a.o
 .debug_macro   0x0000000000002a6e       0x19 ./Core/Componnets/otm8009a/otm8009a.o
 .debug_macro   0x0000000000002a87    0x204b6 ./Core/Componnets/otm8009a/otm8009a.o
 .debug_macro   0x0000000000022f3d       0x6d ./Core/Componnets/otm8009a/otm8009a.o
 .debug_macro   0x0000000000022faa     0x3749 ./Core/Componnets/otm8009a/otm8009a.o
 .debug_macro   0x00000000000266f3      0x174 ./Core/Componnets/otm8009a/otm8009a.o
 .debug_macro   0x0000000000026867       0x5d ./Core/Componnets/otm8009a/otm8009a.o
 .debug_macro   0x00000000000268c4     0x1b3f ./Core/Componnets/otm8009a/otm8009a.o
 .debug_macro   0x0000000000028403      0x6c4 ./Core/Componnets/otm8009a/otm8009a.o
 .debug_macro   0x0000000000028ac7      0x18b ./Core/Componnets/otm8009a/otm8009a.o
 .debug_macro   0x0000000000028c52      0x115 ./Core/Componnets/otm8009a/otm8009a.o
 .debug_macro   0x0000000000028d67      0x275 ./Core/Componnets/otm8009a/otm8009a.o
 .debug_macro   0x0000000000028fdc       0xa5 ./Core/Componnets/otm8009a/otm8009a.o
 .debug_macro   0x0000000000029081      0x24f ./Core/Componnets/otm8009a/otm8009a.o
 .debug_macro   0x00000000000292d0       0x71 ./Core/Componnets/otm8009a/otm8009a.o
 .debug_macro   0x0000000000029341       0x58 ./Core/Componnets/otm8009a/otm8009a.o
 .debug_macro   0x0000000000029399      0x236 ./Core/Componnets/otm8009a/otm8009a.o
 .debug_macro   0x00000000000295cf      0x14e ./Core/Componnets/otm8009a/otm8009a.o
 .debug_macro   0x000000000002971d      0x3db ./Core/Componnets/otm8009a/otm8009a.o
 .debug_macro   0x0000000000029af8       0x12 ./Core/Componnets/otm8009a/otm8009a.o
 .debug_macro   0x0000000000029b0a      0x504 ./Core/Componnets/otm8009a/otm8009a.o
 .debug_macro   0x000000000002a00e      0x22c ./Core/Componnets/otm8009a/otm8009a.o
 .debug_macro   0x000000000002a23a       0x61 ./Core/Componnets/otm8009a/otm8009a.o
 .debug_macro   0x000000000002a29b       0xa5 ./Core/Componnets/otm8009a/otm8009a.o
 .debug_macro   0x000000000002a340      0x198 ./Core/Componnets/otm8009a/otm8009a.o
 .debug_macro   0x000000000002a4d8      0x6fc ./Core/Componnets/otm8009a/otm8009a.o
 .debug_macro   0x000000000002abd4       0xd6 ./Core/Componnets/otm8009a/otm8009a.o
 .debug_macro   0x000000000002acaa      0x12e ./Core/Componnets/otm8009a/otm8009a.o
 .debug_macro   0x000000000002add8      0x108 ./Core/Componnets/otm8009a/otm8009a.o
 .debug_macro   0x000000000002aee0       0x35 ./Core/Componnets/otm8009a/otm8009a.o
 .debug_macro   0x000000000002af15      0x15b ./Core/Componnets/otm8009a/otm8009a.o
 .debug_macro   0x000000000002b070       0x1c ./Core/Componnets/otm8009a/otm8009a.o
 .debug_macro   0x000000000002b08c      0x217 ./Core/Src/dsihost.o
 .debug_macro   0x000000000002b2a3       0x63 ./Core/Src/dsihost.o
 .debug_macro   0x000000000002b306      0x21c ./Core/Src/fmc.o
 .debug_macro   0x000000000002b522       0x9a ./Core/Src/fmc.o
 .debug_macro   0x000000000002b5bc      0x217 ./Core/Src/gpio.o
 .debug_macro   0x000000000002b7d3      0x221 ./Core/Src/ltdc.o
 .debug_macro   0x000000000002b9f4      0x368 ./Core/Src/main.o
 .debug_macro   0x000000000002bd5c       0xa0 ./Core/Src/main.o
 .debug_macro   0x000000000002bdfc       0x64 ./Core/Src/main.o
 .debug_macro   0x000000000002be60       0x1d ./Core/Src/main.o
 .debug_macro   0x000000000002be7d       0x35 ./Core/Src/main.o
 .debug_macro   0x000000000002beb2       0x34 ./Core/Src/main.o
 .debug_macro   0x000000000002bee6       0x16 ./Core/Src/main.o
 .debug_macro   0x000000000002befc       0x43 ./Core/Src/main.o
 .debug_macro   0x000000000002bf3f       0x34 ./Core/Src/main.o
 .debug_macro   0x000000000002bf73       0x10 ./Core/Src/main.o
 .debug_macro   0x000000000002bf83       0x58 ./Core/Src/main.o
 .debug_macro   0x000000000002bfdb      0x182 ./Core/Src/main.o
 .debug_macro   0x000000000002c15d      0x341 ./Core/Src/main.o
 .debug_macro   0x000000000002c49e       0x10 ./Core/Src/main.o
 .debug_macro   0x000000000002c4ae       0x35 ./Core/Src/main.o
 .debug_macro   0x000000000002c4e3       0x20 ./Core/Src/main.o
 .debug_macro   0x000000000002c503      0x170 ./Core/Src/main.o
 .debug_macro   0x000000000002c673      0x20d ./Core/Src/stm32f7xx_hal_msp.o
 .debug_macro   0x000000000002c880      0x217 ./Core/Src/stm32f7xx_it.o
 .debug_macro   0x000000000002ca97      0x1fe ./Core/Src/system_stm32f7xx.o
 .debug_macro   0x000000000002cc95      0x222 ./Drivers/STM32F7xx_HAL_Driver/Src/stm32f7xx_hal.o
 .debug_macro   0x000000000002ceb7      0x1fe ./Drivers/STM32F7xx_HAL_Driver/Src/stm32f7xx_hal_cortex.o
 .debug_macro   0x000000000002d0b5      0x24c ./Drivers/STM32F7xx_HAL_Driver/Src/stm32f7xx_hal_dsi.o
 .debug_macro   0x000000000002d301      0x204 ./Drivers/STM32F7xx_HAL_Driver/Src/stm32f7xx_hal_gpio.o
 .debug_macro   0x000000000002d505      0x206 ./Drivers/STM32F7xx_HAL_Driver/Src/stm32f7xx_hal_ltdc.o
 .debug_macro   0x000000000002d70b      0x216 ./Drivers/STM32F7xx_HAL_Driver/Src/stm32f7xx_hal_pwr_ex.o
 .debug_macro   0x000000000002d921      0x222 ./Drivers/STM32F7xx_HAL_Driver/Src/stm32f7xx_hal_rcc.o
 .debug_macro   0x000000000002db43      0x1fe ./Drivers/STM32F7xx_HAL_Driver/Src/stm32f7xx_hal_rcc_ex.o
 .debug_macro   0x000000000002dd41      0x1fe ./Drivers/STM32F7xx_HAL_Driver/Src/stm32f7xx_hal_sdram.o
 .debug_macro   0x000000000002df3f      0x228 ./Drivers/STM32F7xx_HAL_Driver/Src/stm32f7xx_ll_fmc.o

.debug_line     0x0000000000000000     0xec16
 .debug_line    0x0000000000000000      0x7be ./Core/Componnets/otm8009a/otm8009a.o
 .debug_line    0x00000000000007be      0x80a ./Core/Src/dsihost.o
 .debug_line    0x0000000000000fc8      0x872 ./Core/Src/fmc.o
 .debug_line    0x000000000000183a      0x725 ./Core/Src/gpio.o
 .debug_line    0x0000000000001f5f      0x7bc ./Core/Src/ltdc.o
 .debug_line    0x000000000000271b      0xa69 ./Core/Src/main.o
 .debug_line    0x0000000000003184      0x703 ./Core/Src/stm32f7xx_hal_msp.o
 .debug_line    0x0000000000003887      0x7c6 ./Core/Src/stm32f7xx_it.o
 .debug_line    0x000000000000404d      0x783 ./Core/Src/system_stm32f7xx.o
 .debug_line    0x00000000000047d0       0x88 ./Core/Startup/startup_stm32f769nihx.o
 .debug_line    0x0000000000004858      0xa44 ./Drivers/STM32F7xx_HAL_Driver/Src/stm32f7xx_hal.o
 .debug_line    0x000000000000529c      0xc9a ./Drivers/STM32F7xx_HAL_Driver/Src/stm32f7xx_hal_cortex.o
 .debug_line    0x0000000000005f36     0x2b5e ./Drivers/STM32F7xx_HAL_Driver/Src/stm32f7xx_hal_dsi.o
 .debug_line    0x0000000000008a94      0xb88 ./Drivers/STM32F7xx_HAL_Driver/Src/stm32f7xx_hal_gpio.o
 .debug_line    0x000000000000961c     0x171e ./Drivers/STM32F7xx_HAL_Driver/Src/stm32f7xx_hal_ltdc.o
 .debug_line    0x000000000000ad3a      0x989 ./Drivers/STM32F7xx_HAL_Driver/Src/stm32f7xx_hal_pwr_ex.o
 .debug_line    0x000000000000b6c3      0xe84 ./Drivers/STM32F7xx_HAL_Driver/Src/stm32f7xx_hal_rcc.o
 .debug_line    0x000000000000c547      0xe62 ./Drivers/STM32F7xx_HAL_Driver/Src/stm32f7xx_hal_rcc_ex.o
 .debug_line    0x000000000000d3a9      0xdeb ./Drivers/STM32F7xx_HAL_Driver/Src/stm32f7xx_hal_sdram.o
 .debug_line    0x000000000000e194      0xa82 ./Drivers/STM32F7xx_HAL_Driver/Src/stm32f7xx_ll_fmc.o

.debug_str      0x0000000000000000   0x1123d0
 .debug_str     0x0000000000000000   0x10b24d ./Core/Componnets/otm8009a/otm8009a.o
                                     0x10b917 (size before relaxing)
 .debug_str     0x000000000010b24d      0x85f ./Core/Src/dsihost.o
                                     0x10b5dd (size before relaxing)
 .debug_str     0x000000000010baac      0x9c9 ./Core/Src/fmc.o
                                     0x10b948 (size before relaxing)
 .debug_str     0x000000000010c475       0x68 ./Core/Src/gpio.o
                                     0x10af43 (size before relaxing)
 .debug_str     0x000000000010c4dd      0x52c ./Core/Src/ltdc.o
                                     0x10b4b3 (size before relaxing)
 .debug_str     0x000000000010ca09     0x2c0a ./Core/Src/main.o
                                     0x10ec32 (size before relaxing)
 .debug_str     0x000000000010f613       0x2c ./Core/Src/stm32f7xx_hal_msp.o
                                     0x10ae78 (size before relaxing)
 .debug_str     0x000000000010f63f       0xc9 ./Core/Src/stm32f7xx_it.o
                                     0x10ade1 (size before relaxing)
 .debug_str     0x000000000010f708       0x87 ./Core/Src/system_stm32f7xx.o
                                     0x10af8f (size before relaxing)
 .debug_str     0x000000000010f78f       0x36 ./Core/Startup/startup_stm32f769nihx.o
                                         0x6b (size before relaxing)
 .debug_str     0x000000000010f7c5      0xa87 ./Drivers/STM32F7xx_HAL_Driver/Src/stm32f7xx_hal.o
                                     0x10b9d8 (size before relaxing)
 .debug_str     0x000000000011024c      0x337 ./Drivers/STM32F7xx_HAL_Driver/Src/stm32f7xx_hal_cortex.o
                                     0x10b988 (size before relaxing)
 .debug_str     0x0000000000110583      0x872 ./Drivers/STM32F7xx_HAL_Driver/Src/stm32f7xx_hal_dsi.o
                                     0x10be7c (size before relaxing)
 .debug_str     0x0000000000110df5      0x10a ./Drivers/STM32F7xx_HAL_Driver/Src/stm32f7xx_hal_gpio.o
                                     0x10b04d (size before relaxing)
 .debug_str     0x0000000000110eff      0x487 ./Drivers/STM32F7xx_HAL_Driver/Src/stm32f7xx_hal_ltdc.o
                                     0x10b520 (size before relaxing)
 .debug_str     0x0000000000111386      0x1d1 ./Drivers/STM32F7xx_HAL_Driver/Src/stm32f7xx_hal_pwr_ex.o
                                     0x10b1fe (size before relaxing)
 .debug_str     0x0000000000111557      0x260 ./Drivers/STM32F7xx_HAL_Driver/Src/stm32f7xx_hal_rcc.o
                                     0x10b30a (size before relaxing)
 .debug_str     0x00000000001117b7      0x147 ./Drivers/STM32F7xx_HAL_Driver/Src/stm32f7xx_hal_rcc_ex.o
                                     0x10b26d (size before relaxing)
 .debug_str     0x00000000001118fe      0x36e ./Drivers/STM32F7xx_HAL_Driver/Src/stm32f7xx_hal_sdram.o
                                     0x10b5dc (size before relaxing)
 .debug_str     0x0000000000111c6c      0x764 ./Drivers/STM32F7xx_HAL_Driver/Src/stm32f7xx_ll_fmc.o
                                     0x10b7a0 (size before relaxing)

.comment        0x0000000000000000       0x50
 .comment       0x0000000000000000       0x50 ./Core/Componnets/otm8009a/otm8009a.o
                                         0x51 (size before relaxing)
 .comment       0x0000000000000050       0x51 ./Core/Src/dsihost.o
 .comment       0x0000000000000050       0x51 ./Core/Src/fmc.o
 .comment       0x0000000000000050       0x51 ./Core/Src/gpio.o
 .comment       0x0000000000000050       0x51 ./Core/Src/ltdc.o
 .comment       0x0000000000000050       0x51 ./Core/Src/main.o
 .comment       0x0000000000000050       0x51 ./Core/Src/stm32f7xx_hal_msp.o
 .comment       0x0000000000000050       0x51 ./Core/Src/stm32f7xx_it.o
 .comment       0x0000000000000050       0x51 ./Core/Src/system_stm32f7xx.o
 .comment       0x0000000000000050       0x51 ./Drivers/STM32F7xx_HAL_Driver/Src/stm32f7xx_hal.o
 .comment       0x0000000000000050       0x51 ./Drivers/STM32F7xx_HAL_Driver/Src/stm32f7xx_hal_cortex.o
 .comment       0x0000000000000050       0x51 ./Drivers/STM32F7xx_HAL_Driver/Src/stm32f7xx_hal_dsi.o
 .comment       0x0000000000000050       0x51 ./Drivers/STM32F7xx_HAL_Driver/Src/stm32f7xx_hal_gpio.o
 .comment       0x0000000000000050       0x51 ./Drivers/STM32F7xx_HAL_Driver/Src/stm32f7xx_hal_ltdc.o
 .comment       0x0000000000000050       0x51 ./Drivers/STM32F7xx_HAL_Driver/Src/stm32f7xx_hal_pwr_ex.o
 .comment       0x0000000000000050       0x51 ./Drivers/STM32F7xx_HAL_Driver/Src/stm32f7xx_hal_rcc.o
 .comment       0x0000000000000050       0x51 ./Drivers/STM32F7xx_HAL_Driver/Src/stm32f7xx_hal_rcc_ex.o
 .comment       0x0000000000000050       0x51 ./Drivers/STM32F7xx_HAL_Driver/Src/stm32f7xx_hal_sdram.o
 .comment       0x0000000000000050       0x51 ./Drivers/STM32F7xx_HAL_Driver/Src/stm32f7xx_ll_fmc.o

.debug_frame    0x0000000000000000     0x2a58
 .debug_frame   0x0000000000000000       0x84 ./Core/Componnets/otm8009a/otm8009a.o
 .debug_frame   0x0000000000000084       0x88 ./Core/Src/dsihost.o
 .debug_frame   0x000000000000010c       0xbc ./Core/Src/fmc.o
 .debug_frame   0x00000000000001c8       0x34 ./Core/Src/gpio.o
 .debug_frame   0x00000000000001fc       0x80 ./Core/Src/ltdc.o
 .debug_frame   0x000000000000027c       0xd4 ./Core/Src/main.o
 .debug_frame   0x0000000000000350       0x38 ./Core/Src/stm32f7xx_hal_msp.o
 .debug_frame   0x0000000000000388      0x104 ./Core/Src/stm32f7xx_it.o
 .debug_frame   0x000000000000048c       0x58 ./Core/Src/system_stm32f7xx.o
 .debug_frame   0x00000000000004e4      0x3f4 ./Drivers/STM32F7xx_HAL_Driver/Src/stm32f7xx_hal.o
 .debug_frame   0x00000000000008d8      0x498 ./Drivers/STM32F7xx_HAL_Driver/Src/stm32f7xx_hal_cortex.o
 .debug_frame   0x0000000000000d70      0x6dc ./Drivers/STM32F7xx_HAL_Driver/Src/stm32f7xx_hal_dsi.o
 .debug_frame   0x000000000000144c      0x14c ./Drivers/STM32F7xx_HAL_Driver/Src/stm32f7xx_hal_gpio.o
 .debug_frame   0x0000000000001598      0x61c ./Drivers/STM32F7xx_HAL_Driver/Src/stm32f7xx_hal_ltdc.o
 .debug_frame   0x0000000000001bb4      0x1c8 ./Drivers/STM32F7xx_HAL_Driver/Src/stm32f7xx_hal_pwr_ex.o
 .debug_frame   0x0000000000001d7c      0x1f8 ./Drivers/STM32F7xx_HAL_Driver/Src/stm32f7xx_hal_rcc.o
 .debug_frame   0x0000000000001f74      0x118 ./Drivers/STM32F7xx_HAL_Driver/Src/stm32f7xx_hal_rcc_ex.o
 .debug_frame   0x000000000000208c      0x3e8 ./Drivers/STM32F7xx_HAL_Driver/Src/stm32f7xx_hal_sdram.o
 .debug_frame   0x0000000000002474      0x37c ./Drivers/STM32F7xx_HAL_Driver/Src/stm32f7xx_ll_fmc.o
 .debug_frame   0x00000000000027f0       0x2c c:/st/stm32cubeide_1.11.2/stm32cubeide/plugins/com.st.stm32cube.ide.mcu.externaltools.gnu-tools-for-stm32.10.3-2021.10.win32_1.0.100.202210260954/tools/bin/../lib/gcc/arm-none-eabi/10.3.1/../../../../arm-none-eabi/lib/thumb/v7e-m+dp/hard\libc.a(lib_a-init.o)
 .debug_frame   0x000000000000281c       0x28 c:/st/stm32cubeide_1.11.2/stm32cubeide/plugins/com.st.stm32cube.ide.mcu.externaltools.gnu-tools-for-stm32.10.3-2021.10.win32_1.0.100.202210260954/tools/bin/../lib/gcc/arm-none-eabi/10.3.1/../../../../arm-none-eabi/lib/thumb/v7e-m+dp/hard\libc.a(lib_a-memcpy-stub.o)
 .debug_frame   0x0000000000002844       0x20 c:/st/stm32cubeide_1.11.2/stm32cubeide/plugins/com.st.stm32cube.ide.mcu.externaltools.gnu-tools-for-stm32.10.3-2021.10.win32_1.0.100.202210260954/tools/bin/../lib/gcc/arm-none-eabi/10.3.1/../../../../arm-none-eabi/lib/thumb/v7e-m+dp/hard\libc.a(lib_a-memset.o)
 .debug_frame   0x0000000000002864       0x58 c:/st/stm32cubeide_1.11.2/stm32cubeide/plugins/com.st.stm32cube.ide.mcu.externaltools.gnu-tools-for-stm32.10.3-2021.10.win32_1.0.100.202210260954/tools/bin/../lib/gcc/arm-none-eabi/10.3.1/../../../../arm-none-eabi/lib/thumb/v7e-m+dp/hard\libc.a(lib_a-__call_atexit.o)
 .debug_frame   0x00000000000028bc       0x20 c:/st/stm32cubeide_1.11.2/stm32cubeide/plugins/com.st.stm32cube.ide.mcu.externaltools.gnu-tools-for-stm32.10.3-2021.10.win32_1.0.100.202210260954/tools/bin/../lib/gcc/arm-none-eabi/10.3.1/../../../../arm-none-eabi/lib/thumb/v7e-m+dp/hard\libc.a(lib_a-atexit.o)
 .debug_frame   0x00000000000028dc       0x38 c:/st/stm32cubeide_1.11.2/stm32cubeide/plugins/com.st.stm32cube.ide.mcu.externaltools.gnu-tools-for-stm32.10.3-2021.10.win32_1.0.100.202210260954/tools/bin/../lib/gcc/arm-none-eabi/10.3.1/../../../../arm-none-eabi/lib/thumb/v7e-m+dp/hard\libc.a(lib_a-fini.o)
 .debug_frame   0x0000000000002914       0xb0 c:/st/stm32cubeide_1.11.2/stm32cubeide/plugins/com.st.stm32cube.ide.mcu.externaltools.gnu-tools-for-stm32.10.3-2021.10.win32_1.0.100.202210260954/tools/bin/../lib/gcc/arm-none-eabi/10.3.1/../../../../arm-none-eabi/lib/thumb/v7e-m+dp/hard\libc.a(lib_a-lock.o)
 .debug_frame   0x00000000000029c4       0x34 c:/st/stm32cubeide_1.11.2/stm32cubeide/plugins/com.st.stm32cube.ide.mcu.externaltools.gnu-tools-for-stm32.10.3-2021.10.win32_1.0.100.202210260954/tools/bin/../lib/gcc/arm-none-eabi/10.3.1/../../../../arm-none-eabi/lib/thumb/v7e-m+dp/hard\libc.a(lib_a-__atexit.o)
 .debug_frame   0x00000000000029f8       0x2c c:/st/stm32cubeide_1.11.2/stm32cubeide/plugins/com.st.stm32cube.ide.mcu.externaltools.gnu-tools-for-stm32.10.3-2021.10.win32_1.0.100.202210260954/tools/bin/../lib/gcc/arm-none-eabi/10.3.1/thumb/v7e-m+dp/hard\libgcc.a(_aeabi_uldivmod.o)
 .debug_frame   0x0000000000002a24       0x34 c:/st/stm32cubeide_1.11.2/stm32cubeide/plugins/com.st.stm32cube.ide.mcu.externaltools.gnu-tools-for-stm32.10.3-2021.10.win32_1.0.100.202210260954/tools/bin/../lib/gcc/arm-none-eabi/10.3.1/thumb/v7e-m+dp/hard\libgcc.a(_udivmoddi4.o)
