14:08:25 **** Clean-only build of configuration Debug for project STM32F769 ****
make -j8 clean 
rm -rf ./Drivers/STM32F7xx_HAL_Driver/Src/stm32f7xx_hal.d ./Drivers/STM32F7xx_HAL_Driver/Src/stm32f7xx_hal.o ./Drivers/STM32F7xx_HAL_Driver/Src/stm32f7xx_hal.su ./Drivers/STM32F7xx_HAL_Driver/Src/stm32f7xx_hal_cortex.d ./Drivers/STM32F7xx_HAL_Driver/Src/stm32f7xx_hal_cortex.o ./Drivers/STM32F7xx_HAL_Driver/Src/stm32f7xx_hal_cortex.su ./Drivers/STM32F7xx_HAL_Driver/Src/stm32f7xx_hal_dma.d ./Drivers/STM32F7xx_HAL_Driver/Src/stm32f7xx_hal_dma.o ./Drivers/STM32F7xx_HAL_Driver/Src/stm32f7xx_hal_dma.su ./Drivers/STM32F7xx_HAL_Driver/Src/stm32f7xx_hal_dma_ex.d ./Drivers/STM32F7xx_HAL_Driver/Src/stm32f7xx_hal_dma_ex.o ./Drivers/STM32F7xx_HAL_Driver/Src/stm32f7xx_hal_dma_ex.su ./Drivers/STM32F7xx_HAL_Driver/Src/stm32f7xx_hal_dsi.d ./Drivers/STM32F7xx_HAL_Driver/Src/stm32f7xx_hal_dsi.o ./Drivers/STM32F7xx_HAL_Driver/Src/stm32f7xx_hal_dsi.su ./Drivers/STM32F7xx_HAL_Driver/Src/stm32f7xx_hal_exti.d ./Drivers/STM32F7xx_HAL_Driver/Src/stm32f7xx_hal_exti.o ./Drivers/STM32F7xx_HAL_Driver/Src/stm32f7xx_hal_exti.su ./Drivers/STM32F7xx_HAL_Driver/Src/stm32f7xx_hal_flash.d ./Drivers/STM32F7xx_HAL_Driver/Src/stm32f7xx_hal_flash.o ./Drivers/STM32F7xx_HAL_Driver/Src/stm32f7xx_hal_flash.su ./Drivers/STM32F7xx_HAL_Driver/Src/stm32f7xx_hal_flash_ex.d ./Drivers/STM32F7xx_HAL_Driver/Src/stm32f7xx_hal_flash_ex.o ./Drivers/STM32F7xx_HAL_Driver/Src/stm32f7xx_hal_flash_ex.su ./Drivers/STM32F7xx_HAL_Driver/Src/stm32f7xx_hal_gpio.d ./Drivers/STM32F7xx_HAL_Driver/Src/stm32f7xx_hal_gpio.o ./Drivers/STM32F7xx_HAL_Driver/Src/stm32f7xx_hal_gpio.su ./Drivers/STM32F7xx_HAL_Driver/Src/stm32f7xx_hal_i2c.d ./Drivers/STM32F7xx_HAL_Driver/Src/stm32f7xx_hal_i2c.o ./Drivers/STM32F7xx_HAL_Driver/Src/stm32f7xx_hal_i2c.su ./Drivers/STM32F7xx_HAL_Driver/Src/stm32f7xx_hal_i2c_ex.d ./Drivers/STM32F7xx_HAL_Driver/Src/stm32f7xx_hal_i2c_ex.o ./Drivers/STM32F7xx_HAL_Driver/Src/stm32f7xx_hal_i2c_ex.su ./Drivers/STM32F7xx_HAL_Driver/Src/stm32f7xx_hal_ltdc.d ./Drivers/STM32F7xx_HAL_Driver/Src/stm32f7xx_hal_ltdc.o ./Drivers/STM32F7xx_HAL_Driver/Src/stm32f7xx_hal_ltdc.su ./Drivers/STM32F7xx_HAL_Driver/Src/stm32f7xx_hal_ltdc_ex.d ./Drivers/STM32F7xx_HAL_Driver/Src/stm32f7xx_hal_ltdc_ex.o ./Drivers/STM32F7xx_HAL_Driver/Src/stm32f7xx_hal_ltdc_ex.su ./Drivers/STM32F7xx_HAL_Driver/Src/stm32f7xx_hal_pwr.d ./Drivers/STM32F7xx_HAL_Driver/Src/stm32f7xx_hal_pwr.o ./Drivers/STM32F7xx_HAL_Driver/Src/stm32f7xx_hal_pwr.su ./Drivers/STM32F7xx_HAL_Driver/Src/stm32f7xx_hal_pwr_ex.d ./Drivers/STM32F7xx_HAL_Driver/Src/stm32f7xx_hal_pwr_ex.o ./Drivers/STM32F7xx_HAL_Driver/Src/stm32f7xx_hal_pwr_ex.su ./Drivers/STM32F7xx_HAL_Driver/Src/stm32f7xx_hal_rcc.d ./Drivers/STM32F7xx_HAL_Driver/Src/stm32f7xx_hal_rcc.o ./Drivers/STM32F7xx_HAL_Driver/Src/stm32f7xx_hal_rcc.su ./Drivers/STM32F7xx_HAL_Driver/Src/stm32f7xx_hal_rcc_ex.d ./Drivers/STM32F7xx_HAL_Driver/Src/stm32f7xx_hal_rcc_ex.o ./Drivers/STM32F7xx_HAL_Driver/Src/stm32f7xx_hal_rcc_ex.su ./Drivers/STM32F7xx_HAL_Driver/Src/stm32f7xx_hal_sdram.d ./Drivers/STM32F7xx_HAL_Driver/Src/stm32f7xx_hal_sdram.o ./Drivers/STM32F7xx_HAL_Driver/Src/stm32f7xx_hal_sdram.su ./Drivers/STM32F7xx_HAL_Driver/Src/stm32f7xx_hal_tim.d ./Drivers/STM32F7xx_HAL_Driver/Src/stm32f7xx_hal_tim.o ./Drivers/STM32F7xx_HAL_Driver/Src/stm32f7xx_hal_tim.su ./Drivers/STM32F7xx_HAL_Driver/Src/stm32f7xx_hal_tim_ex.d ./Drivers/STM32F7xx_HAL_Driver/Src/stm32f7xx_hal_tim_ex.o ./Drivers/STM32F7xx_HAL_Driver/Src/stm32f7xx_hal_tim_ex.su ./Drivers/STM32F7xx_HAL_Driver/Src/stm32f7xx_ll_fmc.d ./Drivers/STM32F7xx_HAL_Driver/Src/stm32f7xx_ll_fmc.o ./Drivers/STM32F7xx_HAL_Driver/Src/stm32f7xx_ll_fmc.su
rm -rf ./Core/Startup/startup_stm32f769nihx.d ./Core/Startup/startup_stm32f769nihx.o
rm -rf ./Core/Src/dsihost.d ./Core/Src/dsihost.o ./Core/Src/dsihost.su ./Core/Src/fmc.d ./Core/Src/fmc.o ./Core/Src/fmc.su ./Core/Src/gpio.d ./Core/Src/gpio.o ./Core/Src/gpio.su ./Core/Src/ltdc.d ./Core/Src/ltdc.o ./Core/Src/ltdc.su ./Core/Src/main.d ./Core/Src/main.o ./Core/Src/main.su ./Core/Src/stm32f769i_discovery_lcd.d ./Core/Src/stm32f769i_discovery_lcd.o ./Core/Src/stm32f769i_discovery_lcd.su ./Core/Src/stm32f7xx_hal_msp.d ./Core/Src/stm32f7xx_hal_msp.o ./Core/Src/stm32f7xx_hal_msp.su ./Core/Src/stm32f7xx_it.d ./Core/Src/stm32f7xx_it.o ./Core/Src/stm32f7xx_it.su ./Core/Src/syscalls.d ./Core/Src/syscalls.o ./Core/Src/syscalls.su ./Core/Src/sysmem.d ./Core/Src/sysmem.o ./Core/Src/sysmem.su ./Core/Src/system_stm32f7xx.d ./Core/Src/system_stm32f7xx.o ./Core/Src/system_stm32f7xx.su
rm -rf ./Core/Componnets/otm8009a/otm8009a.d ./Core/Componnets/otm8009a/otm8009a.o ./Core/Componnets/otm8009a/otm8009a.su
rm -rf STM32F769.elf STM32F769.list STM32F769.map default.size.stdout
 

**** Build of configuration Debug for project LCD_DSI_CmdMode_DoubleBuffer ****

Nothing to build for project LCD_DSI_CmdMode_DoubleBuffer
14:08:37 **** Build of configuration Debug for project STM32F401_GPIO ****
make -j8 all 
arm-none-eabi-gcc -mcpu=cortex-m4 -g3 -DDEBUG -c -x assembler-with-cpp -MMD -MP -MF"Startup/startup_stm32f401ccux.d" -MT"Startup/startup_stm32f401ccux.o" --specs=nano.specs -mfpu=fpv4-sp-d16 -mfloat-abi=hard -mthumb -o "Startup/startup_stm32f401ccux.o" "../Startup/startup_stm32f401ccux.s"
arm-none-eabi-gcc "../Src/main.c" -mcpu=cortex-m4 -std=gnu11 -g3 -DDEBUG -DSTM32F401CCUx -DSTM32 -DSTM32F4 -c -I../Inc -O0 -ffunction-sections -fdata-sections -Wall -fstack-usage -MMD -MP -MF"Src/main.d" -MT"Src/main.o" --specs=nano.specs -mfpu=fpv4-sp-d16 -mfloat-abi=hard -mthumb -o "Src/main.o"
arm-none-eabi-gcc "../Src/syscalls.c" -mcpu=cortex-m4 -std=gnu11 -g3 -DDEBUG -DSTM32F401CCUx -DSTM32 -DSTM32F4 -c -I../Inc -O0 -ffunction-sections -fdata-sections -Wall -fstack-usage -MMD -MP -MF"Src/syscalls.d" -MT"Src/syscalls.o" --specs=nano.specs -mfpu=fpv4-sp-d16 -mfloat-abi=hard -mthumb -o "Src/syscalls.o"
arm-none-eabi-gcc "../Src/sysmem.c" -mcpu=cortex-m4 -std=gnu11 -g3 -DDEBUG -DSTM32F401CCUx -DSTM32 -DSTM32F4 -c -I../Inc -O0 -ffunction-sections -fdata-sections -Wall -fstack-usage -MMD -MP -MF"Src/sysmem.d" -MT"Src/sysmem.o" --specs=nano.specs -mfpu=fpv4-sp-d16 -mfloat-abi=hard -mthumb -o "Src/sysmem.o"
../Src/main.c:22:4: warning: #warning "FPU is not initialized, but the project is compiling for an FPU. Please initialize the FPU before use." [-Wcpp]
   22 |   #warning "FPU is not initialized, but the project is compiling for an FPU. Please initialize the FPU before use."
      |    ^~~~~~~
arm-none-eabi-g++ -o "STM32F401_GPIO.elf" @"objects.list"   -mcpu=cortex-m4 -T"E:\Practical-Project\STM32_Workspase\STM32F401_GPIO\STM32F401CCUX_FLASH.ld" --specs=nosys.specs -Wl,-Map="STM32F401_GPIO.map" -Wl,--gc-sections -static --specs=nano.specs -mfpu=fpv4-sp-d16 -mfloat-abi=hard -mthumb -Wl,--start-group -lc -lm -lstdc++ -lsupc++ -Wl,--end-group
Finished building target: STM32F401_GPIO.elf
 
arm-none-eabi-size   STM32F401_GPIO.elf 
arm-none-eabi-objdump -h -S  STM32F401_GPIO.elf  > "STM32F401_GPIO.list"
   text	   data	    bss	    dec	    hex	filename
    656	      8	   1568	   2232	    8b8	STM32F401_GPIO.elf
Finished building: default.size.stdout
 
Finished building: STM32F401_GPIO.list
 
14:08:39 **** Build of configuration Debug for project STM32F769 ****
make -j8 all 
arm-none-eabi-gcc "../Drivers/STM32F7xx_HAL_Driver/Src/stm32f7xx_hal.c" -mcpu=cortex-m7 -g3 -DDEBUG -DUSE_HAL_DRIVER -DSTM32F769xx -c -I../Core/Inc -I../Drivers/STM32F7xx_HAL_Driver/Inc -I../Drivers/STM32F7xx_HAL_Driver/Inc/Legacy -I../Drivers/CMSIS/Device/ST/STM32F7xx/Include -I../Drivers/CMSIS/Include -I"E:/Practical-Project/STM32_Workspase/STM32F769/Core/Componnets" -I"E:/Practical-Project/STM32_Workspase/STM32F769/Core/Componnets/otm8009a" -O0 -ffunction-sections -fdata-sections -Wall -fstack-usage -MMD -MP -MF"Drivers/STM32F7xx_HAL_Driver/Src/stm32f7xx_hal.d" -MT"Drivers/STM32F7xx_HAL_Driver/Src/stm32f7xx_hal.o"  -mfpu=fpv5-d16 -mfloat-abi=hard -mthumb -o "Drivers/STM32F7xx_HAL_Driver/Src/stm32f7xx_hal.o"
arm-none-eabi-gcc "../Drivers/STM32F7xx_HAL_Driver/Src/stm32f7xx_hal_cortex.c" -mcpu=cortex-m7 -g3 -DDEBUG -DUSE_HAL_DRIVER -DSTM32F769xx -c -I../Core/Inc -I../Drivers/STM32F7xx_HAL_Driver/Inc -I../Drivers/STM32F7xx_HAL_Driver/Inc/Legacy -I../Drivers/CMSIS/Device/ST/STM32F7xx/Include -I../Drivers/CMSIS/Include -I"E:/Practical-Project/STM32_Workspase/STM32F769/Core/Componnets" -I"E:/Practical-Project/STM32_Workspase/STM32F769/Core/Componnets/otm8009a" -O0 -ffunction-sections -fdata-sections -Wall -fstack-usage -MMD -MP -MF"Drivers/STM32F7xx_HAL_Driver/Src/stm32f7xx_hal_cortex.d" -MT"Drivers/STM32F7xx_HAL_Driver/Src/stm32f7xx_hal_cortex.o"  -mfpu=fpv5-d16 -mfloat-abi=hard -mthumb -o "Drivers/STM32F7xx_HAL_Driver/Src/stm32f7xx_hal_cortex.o"
arm-none-eabi-gcc "../Drivers/STM32F7xx_HAL_Driver/Src/stm32f7xx_hal_dma.c" -mcpu=cortex-m7 -g3 -DDEBUG -DUSE_HAL_DRIVER -DSTM32F769xx -c -I../Core/Inc -I../Drivers/STM32F7xx_HAL_Driver/Inc -I../Drivers/STM32F7xx_HAL_Driver/Inc/Legacy -I../Drivers/CMSIS/Device/ST/STM32F7xx/Include -I../Drivers/CMSIS/Include -I"E:/Practical-Project/STM32_Workspase/STM32F769/Core/Componnets" -I"E:/Practical-Project/STM32_Workspase/STM32F769/Core/Componnets/otm8009a" -O0 -ffunction-sections -fdata-sections -Wall -fstack-usage -MMD -MP -MF"Drivers/STM32F7xx_HAL_Driver/Src/stm32f7xx_hal_dma.d" -MT"Drivers/STM32F7xx_HAL_Driver/Src/stm32f7xx_hal_dma.o"  -mfpu=fpv5-d16 -mfloat-abi=hard -mthumb -o "Drivers/STM32F7xx_HAL_Driver/Src/stm32f7xx_hal_dma.o"
arm-none-eabi-gcc "../Drivers/STM32F7xx_HAL_Driver/Src/stm32f7xx_hal_dma_ex.c" -mcpu=cortex-m7 -g3 -DDEBUG -DUSE_HAL_DRIVER -DSTM32F769xx -c -I../Core/Inc -I../Drivers/STM32F7xx_HAL_Driver/Inc -I../Drivers/STM32F7xx_HAL_Driver/Inc/Legacy -I../Drivers/CMSIS/Device/ST/STM32F7xx/Include -I../Drivers/CMSIS/Include -I"E:/Practical-Project/STM32_Workspase/STM32F769/Core/Componnets" -I"E:/Practical-Project/STM32_Workspase/STM32F769/Core/Componnets/otm8009a" -O0 -ffunction-sections -fdata-sections -Wall -fstack-usage -MMD -MP -MF"Drivers/STM32F7xx_HAL_Driver/Src/stm32f7xx_hal_dma_ex.d" -MT"Drivers/STM32F7xx_HAL_Driver/Src/stm32f7xx_hal_dma_ex.o"  -mfpu=fpv5-d16 -mfloat-abi=hard -mthumb -o "Drivers/STM32F7xx_HAL_Driver/Src/stm32f7xx_hal_dma_ex.o"
arm-none-eabi-gcc "../Drivers/STM32F7xx_HAL_Driver/Src/stm32f7xx_hal_dsi.c" -mcpu=cortex-m7 -g3 -DDEBUG -DUSE_HAL_DRIVER -DSTM32F769xx -c -I../Core/Inc -I../Drivers/STM32F7xx_HAL_Driver/Inc -I../Drivers/STM32F7xx_HAL_Driver/Inc/Legacy -I../Drivers/CMSIS/Device/ST/STM32F7xx/Include -I../Drivers/CMSIS/Include -I"E:/Practical-Project/STM32_Workspase/STM32F769/Core/Componnets" -I"E:/Practical-Project/STM32_Workspase/STM32F769/Core/Componnets/otm8009a" -O0 -ffunction-sections -fdata-sections -Wall -fstack-usage -MMD -MP -MF"Drivers/STM32F7xx_HAL_Driver/Src/stm32f7xx_hal_dsi.d" -MT"Drivers/STM32F7xx_HAL_Driver/Src/stm32f7xx_hal_dsi.o"  -mfpu=fpv5-d16 -mfloat-abi=hard -mthumb -o "Drivers/STM32F7xx_HAL_Driver/Src/stm32f7xx_hal_dsi.o"
arm-none-eabi-gcc "../Drivers/STM32F7xx_HAL_Driver/Src/stm32f7xx_hal_exti.c" -mcpu=cortex-m7 -g3 -DDEBUG -DUSE_HAL_DRIVER -DSTM32F769xx -c -I../Core/Inc -I../Drivers/STM32F7xx_HAL_Driver/Inc -I../Drivers/STM32F7xx_HAL_Driver/Inc/Legacy -I../Drivers/CMSIS/Device/ST/STM32F7xx/Include -I../Drivers/CMSIS/Include -I"E:/Practical-Project/STM32_Workspase/STM32F769/Core/Componnets" -I"E:/Practical-Project/STM32_Workspase/STM32F769/Core/Componnets/otm8009a" -O0 -ffunction-sections -fdata-sections -Wall -fstack-usage -MMD -MP -MF"Drivers/STM32F7xx_HAL_Driver/Src/stm32f7xx_hal_exti.d" -MT"Drivers/STM32F7xx_HAL_Driver/Src/stm32f7xx_hal_exti.o"  -mfpu=fpv5-d16 -mfloat-abi=hard -mthumb -o "Drivers/STM32F7xx_HAL_Driver/Src/stm32f7xx_hal_exti.o"
arm-none-eabi-gcc "../Drivers/STM32F7xx_HAL_Driver/Src/stm32f7xx_hal_flash.c" -mcpu=cortex-m7 -g3 -DDEBUG -DUSE_HAL_DRIVER -DSTM32F769xx -c -I../Core/Inc -I../Drivers/STM32F7xx_HAL_Driver/Inc -I../Drivers/STM32F7xx_HAL_Driver/Inc/Legacy -I../Drivers/CMSIS/Device/ST/STM32F7xx/Include -I../Drivers/CMSIS/Include -I"E:/Practical-Project/STM32_Workspase/STM32F769/Core/Componnets" -I"E:/Practical-Project/STM32_Workspase/STM32F769/Core/Componnets/otm8009a" -O0 -ffunction-sections -fdata-sections -Wall -fstack-usage -MMD -MP -MF"Drivers/STM32F7xx_HAL_Driver/Src/stm32f7xx_hal_flash.d" -MT"Drivers/STM32F7xx_HAL_Driver/Src/stm32f7xx_hal_flash.o"  -mfpu=fpv5-d16 -mfloat-abi=hard -mthumb -o "Drivers/STM32F7xx_HAL_Driver/Src/stm32f7xx_hal_flash.o"
arm-none-eabi-gcc "../Drivers/STM32F7xx_HAL_Driver/Src/stm32f7xx_hal_flash_ex.c" -mcpu=cortex-m7 -g3 -DDEBUG -DUSE_HAL_DRIVER -DSTM32F769xx -c -I../Core/Inc -I../Drivers/STM32F7xx_HAL_Driver/Inc -I../Drivers/STM32F7xx_HAL_Driver/Inc/Legacy -I../Drivers/CMSIS/Device/ST/STM32F7xx/Include -I../Drivers/CMSIS/Include -I"E:/Practical-Project/STM32_Workspase/STM32F769/Core/Componnets" -I"E:/Practical-Project/STM32_Workspase/STM32F769/Core/Componnets/otm8009a" -O0 -ffunction-sections -fdata-sections -Wall -fstack-usage -MMD -MP -MF"Drivers/STM32F7xx_HAL_Driver/Src/stm32f7xx_hal_flash_ex.d" -MT"Drivers/STM32F7xx_HAL_Driver/Src/stm32f7xx_hal_flash_ex.o"  -mfpu=fpv5-d16 -mfloat-abi=hard -mthumb -o "Drivers/STM32F7xx_HAL_Driver/Src/stm32f7xx_hal_flash_ex.o"
arm-none-eabi-gcc "../Drivers/STM32F7xx_HAL_Driver/Src/stm32f7xx_hal_gpio.c" -mcpu=cortex-m7 -g3 -DDEBUG -DUSE_HAL_DRIVER -DSTM32F769xx -c -I../Core/Inc -I../Drivers/STM32F7xx_HAL_Driver/Inc -I../Drivers/STM32F7xx_HAL_Driver/Inc/Legacy -I../Drivers/CMSIS/Device/ST/STM32F7xx/Include -I../Drivers/CMSIS/Include -I"E:/Practical-Project/STM32_Workspase/STM32F769/Core/Componnets" -I"E:/Practical-Project/STM32_Workspase/STM32F769/Core/Componnets/otm8009a" -O0 -ffunction-sections -fdata-sections -Wall -fstack-usage -MMD -MP -MF"Drivers/STM32F7xx_HAL_Driver/Src/stm32f7xx_hal_gpio.d" -MT"Drivers/STM32F7xx_HAL_Driver/Src/stm32f7xx_hal_gpio.o"  -mfpu=fpv5-d16 -mfloat-abi=hard -mthumb -o "Drivers/STM32F7xx_HAL_Driver/Src/stm32f7xx_hal_gpio.o"
arm-none-eabi-gcc "../Drivers/STM32F7xx_HAL_Driver/Src/stm32f7xx_hal_i2c.c" -mcpu=cortex-m7 -g3 -DDEBUG -DUSE_HAL_DRIVER -DSTM32F769xx -c -I../Core/Inc -I../Drivers/STM32F7xx_HAL_Driver/Inc -I../Drivers/STM32F7xx_HAL_Driver/Inc/Legacy -I../Drivers/CMSIS/Device/ST/STM32F7xx/Include -I../Drivers/CMSIS/Include -I"E:/Practical-Project/STM32_Workspase/STM32F769/Core/Componnets" -I"E:/Practical-Project/STM32_Workspase/STM32F769/Core/Componnets/otm8009a" -O0 -ffunction-sections -fdata-sections -Wall -fstack-usage -MMD -MP -MF"Drivers/STM32F7xx_HAL_Driver/Src/stm32f7xx_hal_i2c.d" -MT"Drivers/STM32F7xx_HAL_Driver/Src/stm32f7xx_hal_i2c.o"  -mfpu=fpv5-d16 -mfloat-abi=hard -mthumb -o "Drivers/STM32F7xx_HAL_Driver/Src/stm32f7xx_hal_i2c.o"
arm-none-eabi-gcc "../Drivers/STM32F7xx_HAL_Driver/Src/stm32f7xx_hal_i2c_ex.c" -mcpu=cortex-m7 -g3 -DDEBUG -DUSE_HAL_DRIVER -DSTM32F769xx -c -I../Core/Inc -I../Drivers/STM32F7xx_HAL_Driver/Inc -I../Drivers/STM32F7xx_HAL_Driver/Inc/Legacy -I../Drivers/CMSIS/Device/ST/STM32F7xx/Include -I../Drivers/CMSIS/Include -I"E:/Practical-Project/STM32_Workspase/STM32F769/Core/Componnets" -I"E:/Practical-Project/STM32_Workspase/STM32F769/Core/Componnets/otm8009a" -O0 -ffunction-sections -fdata-sections -Wall -fstack-usage -MMD -MP -MF"Drivers/STM32F7xx_HAL_Driver/Src/stm32f7xx_hal_i2c_ex.d" -MT"Drivers/STM32F7xx_HAL_Driver/Src/stm32f7xx_hal_i2c_ex.o"  -mfpu=fpv5-d16 -mfloat-abi=hard -mthumb -o "Drivers/STM32F7xx_HAL_Driver/Src/stm32f7xx_hal_i2c_ex.o"
arm-none-eabi-gcc "../Drivers/STM32F7xx_HAL_Driver/Src/stm32f7xx_hal_ltdc.c" -mcpu=cortex-m7 -g3 -DDEBUG -DUSE_HAL_DRIVER -DSTM32F769xx -c -I../Core/Inc -I../Drivers/STM32F7xx_HAL_Driver/Inc -I../Drivers/STM32F7xx_HAL_Driver/Inc/Legacy -I../Drivers/CMSIS/Device/ST/STM32F7xx/Include -I../Drivers/CMSIS/Include -I"E:/Practical-Project/STM32_Workspase/STM32F769/Core/Componnets" -I"E:/Practical-Project/STM32_Workspase/STM32F769/Core/Componnets/otm8009a" -O0 -ffunction-sections -fdata-sections -Wall -fstack-usage -MMD -MP -MF"Drivers/STM32F7xx_HAL_Driver/Src/stm32f7xx_hal_ltdc.d" -MT"Drivers/STM32F7xx_HAL_Driver/Src/stm32f7xx_hal_ltdc.o"  -mfpu=fpv5-d16 -mfloat-abi=hard -mthumb -o "Drivers/STM32F7xx_HAL_Driver/Src/stm32f7xx_hal_ltdc.o"
arm-none-eabi-gcc "../Drivers/STM32F7xx_HAL_Driver/Src/stm32f7xx_hal_ltdc_ex.c" -mcpu=cortex-m7 -g3 -DDEBUG -DUSE_HAL_DRIVER -DSTM32F769xx -c -I../Core/Inc -I../Drivers/STM32F7xx_HAL_Driver/Inc -I../Drivers/STM32F7xx_HAL_Driver/Inc/Legacy -I../Drivers/CMSIS/Device/ST/STM32F7xx/Include -I../Drivers/CMSIS/Include -I"E:/Practical-Project/STM32_Workspase/STM32F769/Core/Componnets" -I"E:/Practical-Project/STM32_Workspase/STM32F769/Core/Componnets/otm8009a" -O0 -ffunction-sections -fdata-sections -Wall -fstack-usage -MMD -MP -MF"Drivers/STM32F7xx_HAL_Driver/Src/stm32f7xx_hal_ltdc_ex.d" -MT"Drivers/STM32F7xx_HAL_Driver/Src/stm32f7xx_hal_ltdc_ex.o"  -mfpu=fpv5-d16 -mfloat-abi=hard -mthumb -o "Drivers/STM32F7xx_HAL_Driver/Src/stm32f7xx_hal_ltdc_ex.o"
arm-none-eabi-gcc "../Drivers/STM32F7xx_HAL_Driver/Src/stm32f7xx_hal_pwr.c" -mcpu=cortex-m7 -g3 -DDEBUG -DUSE_HAL_DRIVER -DSTM32F769xx -c -I../Core/Inc -I../Drivers/STM32F7xx_HAL_Driver/Inc -I../Drivers/STM32F7xx_HAL_Driver/Inc/Legacy -I../Drivers/CMSIS/Device/ST/STM32F7xx/Include -I../Drivers/CMSIS/Include -I"E:/Practical-Project/STM32_Workspase/STM32F769/Core/Componnets" -I"E:/Practical-Project/STM32_Workspase/STM32F769/Core/Componnets/otm8009a" -O0 -ffunction-sections -fdata-sections -Wall -fstack-usage -MMD -MP -MF"Drivers/STM32F7xx_HAL_Driver/Src/stm32f7xx_hal_pwr.d" -MT"Drivers/STM32F7xx_HAL_Driver/Src/stm32f7xx_hal_pwr.o"  -mfpu=fpv5-d16 -mfloat-abi=hard -mthumb -o "Drivers/STM32F7xx_HAL_Driver/Src/stm32f7xx_hal_pwr.o"
arm-none-eabi-gcc "../Drivers/STM32F7xx_HAL_Driver/Src/stm32f7xx_hal_pwr_ex.c" -mcpu=cortex-m7 -g3 -DDEBUG -DUSE_HAL_DRIVER -DSTM32F769xx -c -I../Core/Inc -I../Drivers/STM32F7xx_HAL_Driver/Inc -I../Drivers/STM32F7xx_HAL_Driver/Inc/Legacy -I../Drivers/CMSIS/Device/ST/STM32F7xx/Include -I../Drivers/CMSIS/Include -I"E:/Practical-Project/STM32_Workspase/STM32F769/Core/Componnets" -I"E:/Practical-Project/STM32_Workspase/STM32F769/Core/Componnets/otm8009a" -O0 -ffunction-sections -fdata-sections -Wall -fstack-usage -MMD -MP -MF"Drivers/STM32F7xx_HAL_Driver/Src/stm32f7xx_hal_pwr_ex.d" -MT"Drivers/STM32F7xx_HAL_Driver/Src/stm32f7xx_hal_pwr_ex.o"  -mfpu=fpv5-d16 -mfloat-abi=hard -mthumb -o "Drivers/STM32F7xx_HAL_Driver/Src/stm32f7xx_hal_pwr_ex.o"
arm-none-eabi-gcc "../Drivers/STM32F7xx_HAL_Driver/Src/stm32f7xx_hal_rcc.c" -mcpu=cortex-m7 -g3 -DDEBUG -DUSE_HAL_DRIVER -DSTM32F769xx -c -I../Core/Inc -I../Drivers/STM32F7xx_HAL_Driver/Inc -I../Drivers/STM32F7xx_HAL_Driver/Inc/Legacy -I../Drivers/CMSIS/Device/ST/STM32F7xx/Include -I../Drivers/CMSIS/Include -I"E:/Practical-Project/STM32_Workspase/STM32F769/Core/Componnets" -I"E:/Practical-Project/STM32_Workspase/STM32F769/Core/Componnets/otm8009a" -O0 -ffunction-sections -fdata-sections -Wall -fstack-usage -MMD -MP -MF"Drivers/STM32F7xx_HAL_Driver/Src/stm32f7xx_hal_rcc.d" -MT"Drivers/STM32F7xx_HAL_Driver/Src/stm32f7xx_hal_rcc.o"  -mfpu=fpv5-d16 -mfloat-abi=hard -mthumb -o "Drivers/STM32F7xx_HAL_Driver/Src/stm32f7xx_hal_rcc.o"
arm-none-eabi-gcc "../Drivers/STM32F7xx_HAL_Driver/Src/stm32f7xx_hal_rcc_ex.c" -mcpu=cortex-m7 -g3 -DDEBUG -DUSE_HAL_DRIVER -DSTM32F769xx -c -I../Core/Inc -I../Drivers/STM32F7xx_HAL_Driver/Inc -I../Drivers/STM32F7xx_HAL_Driver/Inc/Legacy -I../Drivers/CMSIS/Device/ST/STM32F7xx/Include -I../Drivers/CMSIS/Include -I"E:/Practical-Project/STM32_Workspase/STM32F769/Core/Componnets" -I"E:/Practical-Project/STM32_Workspase/STM32F769/Core/Componnets/otm8009a" -O0 -ffunction-sections -fdata-sections -Wall -fstack-usage -MMD -MP -MF"Drivers/STM32F7xx_HAL_Driver/Src/stm32f7xx_hal_rcc_ex.d" -MT"Drivers/STM32F7xx_HAL_Driver/Src/stm32f7xx_hal_rcc_ex.o"  -mfpu=fpv5-d16 -mfloat-abi=hard -mthumb -o "Drivers/STM32F7xx_HAL_Driver/Src/stm32f7xx_hal_rcc_ex.o"
arm-none-eabi-gcc "../Drivers/STM32F7xx_HAL_Driver/Src/stm32f7xx_hal_sdram.c" -mcpu=cortex-m7 -g3 -DDEBUG -DUSE_HAL_DRIVER -DSTM32F769xx -c -I../Core/Inc -I../Drivers/STM32F7xx_HAL_Driver/Inc -I../Drivers/STM32F7xx_HAL_Driver/Inc/Legacy -I../Drivers/CMSIS/Device/ST/STM32F7xx/Include -I../Drivers/CMSIS/Include -I"E:/Practical-Project/STM32_Workspase/STM32F769/Core/Componnets" -I"E:/Practical-Project/STM32_Workspase/STM32F769/Core/Componnets/otm8009a" -O0 -ffunction-sections -fdata-sections -Wall -fstack-usage -MMD -MP -MF"Drivers/STM32F7xx_HAL_Driver/Src/stm32f7xx_hal_sdram.d" -MT"Drivers/STM32F7xx_HAL_Driver/Src/stm32f7xx_hal_sdram.o"  -mfpu=fpv5-d16 -mfloat-abi=hard -mthumb -o "Drivers/STM32F7xx_HAL_Driver/Src/stm32f7xx_hal_sdram.o"
arm-none-eabi-gcc "../Drivers/STM32F7xx_HAL_Driver/Src/stm32f7xx_hal_tim.c" -mcpu=cortex-m7 -g3 -DDEBUG -DUSE_HAL_DRIVER -DSTM32F769xx -c -I../Core/Inc -I../Drivers/STM32F7xx_HAL_Driver/Inc -I../Drivers/STM32F7xx_HAL_Driver/Inc/Legacy -I../Drivers/CMSIS/Device/ST/STM32F7xx/Include -I../Drivers/CMSIS/Include -I"E:/Practical-Project/STM32_Workspase/STM32F769/Core/Componnets" -I"E:/Practical-Project/STM32_Workspase/STM32F769/Core/Componnets/otm8009a" -O0 -ffunction-sections -fdata-sections -Wall -fstack-usage -MMD -MP -MF"Drivers/STM32F7xx_HAL_Driver/Src/stm32f7xx_hal_tim.d" -MT"Drivers/STM32F7xx_HAL_Driver/Src/stm32f7xx_hal_tim.o"  -mfpu=fpv5-d16 -mfloat-abi=hard -mthumb -o "Drivers/STM32F7xx_HAL_Driver/Src/stm32f7xx_hal_tim.o"
arm-none-eabi-gcc "../Drivers/STM32F7xx_HAL_Driver/Src/stm32f7xx_hal_tim_ex.c" -mcpu=cortex-m7 -g3 -DDEBUG -DUSE_HAL_DRIVER -DSTM32F769xx -c -I../Core/Inc -I../Drivers/STM32F7xx_HAL_Driver/Inc -I../Drivers/STM32F7xx_HAL_Driver/Inc/Legacy -I../Drivers/CMSIS/Device/ST/STM32F7xx/Include -I../Drivers/CMSIS/Include -I"E:/Practical-Project/STM32_Workspase/STM32F769/Core/Componnets" -I"E:/Practical-Project/STM32_Workspase/STM32F769/Core/Componnets/otm8009a" -O0 -ffunction-sections -fdata-sections -Wall -fstack-usage -MMD -MP -MF"Drivers/STM32F7xx_HAL_Driver/Src/stm32f7xx_hal_tim_ex.d" -MT"Drivers/STM32F7xx_HAL_Driver/Src/stm32f7xx_hal_tim_ex.o"  -mfpu=fpv5-d16 -mfloat-abi=hard -mthumb -o "Drivers/STM32F7xx_HAL_Driver/Src/stm32f7xx_hal_tim_ex.o"
arm-none-eabi-gcc "../Drivers/STM32F7xx_HAL_Driver/Src/stm32f7xx_ll_fmc.c" -mcpu=cortex-m7 -g3 -DDEBUG -DUSE_HAL_DRIVER -DSTM32F769xx -c -I../Core/Inc -I../Drivers/STM32F7xx_HAL_Driver/Inc -I../Drivers/STM32F7xx_HAL_Driver/Inc/Legacy -I../Drivers/CMSIS/Device/ST/STM32F7xx/Include -I../Drivers/CMSIS/Include -I"E:/Practical-Project/STM32_Workspase/STM32F769/Core/Componnets" -I"E:/Practical-Project/STM32_Workspase/STM32F769/Core/Componnets/otm8009a" -O0 -ffunction-sections -fdata-sections -Wall -fstack-usage -MMD -MP -MF"Drivers/STM32F7xx_HAL_Driver/Src/stm32f7xx_ll_fmc.d" -MT"Drivers/STM32F7xx_HAL_Driver/Src/stm32f7xx_ll_fmc.o"  -mfpu=fpv5-d16 -mfloat-abi=hard -mthumb -o "Drivers/STM32F7xx_HAL_Driver/Src/stm32f7xx_ll_fmc.o"
arm-none-eabi-gcc -mcpu=cortex-m7 -g3 -DDEBUG -c -x assembler-with-cpp -MMD -MP -MF"Core/Startup/startup_stm32f769nihx.d" -MT"Core/Startup/startup_stm32f769nihx.o"  -mfpu=fpv5-d16 -mfloat-abi=hard -mthumb -o "Core/Startup/startup_stm32f769nihx.o" "../Core/Startup/startup_stm32f769nihx.s"
arm-none-eabi-gcc "../Core/Src/dsihost.c" -mcpu=cortex-m7 -g3 -DDEBUG -DUSE_HAL_DRIVER -DSTM32F769xx -c -I../Core/Inc -I../Drivers/STM32F7xx_HAL_Driver/Inc -I../Drivers/STM32F7xx_HAL_Driver/Inc/Legacy -I../Drivers/CMSIS/Device/ST/STM32F7xx/Include -I../Drivers/CMSIS/Include -I"E:/Practical-Project/STM32_Workspase/STM32F769/Core/Componnets" -I"E:/Practical-Project/STM32_Workspase/STM32F769/Core/Componnets/otm8009a" -O0 -ffunction-sections -fdata-sections -Wall -fstack-usage -MMD -MP -MF"Core/Src/dsihost.d" -MT"Core/Src/dsihost.o"  -mfpu=fpv5-d16 -mfloat-abi=hard -mthumb -o "Core/Src/dsihost.o"
arm-none-eabi-gcc "../Core/Src/fmc.c" -mcpu=cortex-m7 -g3 -DDEBUG -DUSE_HAL_DRIVER -DSTM32F769xx -c -I../Core/Inc -I../Drivers/STM32F7xx_HAL_Driver/Inc -I../Drivers/STM32F7xx_HAL_Driver/Inc/Legacy -I../Drivers/CMSIS/Device/ST/STM32F7xx/Include -I../Drivers/CMSIS/Include -I"E:/Practical-Project/STM32_Workspase/STM32F769/Core/Componnets" -I"E:/Practical-Project/STM32_Workspase/STM32F769/Core/Componnets/otm8009a" -O0 -ffunction-sections -fdata-sections -Wall -fstack-usage -MMD -MP -MF"Core/Src/fmc.d" -MT"Core/Src/fmc.o"  -mfpu=fpv5-d16 -mfloat-abi=hard -mthumb -o "Core/Src/fmc.o"
arm-none-eabi-gcc "../Core/Src/gpio.c" -mcpu=cortex-m7 -g3 -DDEBUG -DUSE_HAL_DRIVER -DSTM32F769xx -c -I../Core/Inc -I../Drivers/STM32F7xx_HAL_Driver/Inc -I../Drivers/STM32F7xx_HAL_Driver/Inc/Legacy -I../Drivers/CMSIS/Device/ST/STM32F7xx/Include -I../Drivers/CMSIS/Include -I"E:/Practical-Project/STM32_Workspase/STM32F769/Core/Componnets" -I"E:/Practical-Project/STM32_Workspase/STM32F769/Core/Componnets/otm8009a" -O0 -ffunction-sections -fdata-sections -Wall -fstack-usage -MMD -MP -MF"Core/Src/gpio.d" -MT"Core/Src/gpio.o"  -mfpu=fpv5-d16 -mfloat-abi=hard -mthumb -o "Core/Src/gpio.o"
arm-none-eabi-gcc "../Core/Src/ltdc.c" -mcpu=cortex-m7 -g3 -DDEBUG -DUSE_HAL_DRIVER -DSTM32F769xx -c -I../Core/Inc -I../Drivers/STM32F7xx_HAL_Driver/Inc -I../Drivers/STM32F7xx_HAL_Driver/Inc/Legacy -I../Drivers/CMSIS/Device/ST/STM32F7xx/Include -I../Drivers/CMSIS/Include -I"E:/Practical-Project/STM32_Workspase/STM32F769/Core/Componnets" -I"E:/Practical-Project/STM32_Workspase/STM32F769/Core/Componnets/otm8009a" -O0 -ffunction-sections -fdata-sections -Wall -fstack-usage -MMD -MP -MF"Core/Src/ltdc.d" -MT"Core/Src/ltdc.o"  -mfpu=fpv5-d16 -mfloat-abi=hard -mthumb -o "Core/Src/ltdc.o"
arm-none-eabi-gcc "../Core/Src/main.c" -mcpu=cortex-m7 -g3 -DDEBUG -DUSE_HAL_DRIVER -DSTM32F769xx -c -I../Core/Inc -I../Drivers/STM32F7xx_HAL_Driver/Inc -I../Drivers/STM32F7xx_HAL_Driver/Inc/Legacy -I../Drivers/CMSIS/Device/ST/STM32F7xx/Include -I../Drivers/CMSIS/Include -I"E:/Practical-Project/STM32_Workspase/STM32F769/Core/Componnets" -I"E:/Practical-Project/STM32_Workspase/STM32F769/Core/Componnets/otm8009a" -O0 -ffunction-sections -fdata-sections -Wall -fstack-usage -MMD -MP -MF"Core/Src/main.d" -MT"Core/Src/main.o"  -mfpu=fpv5-d16 -mfloat-abi=hard -mthumb -o "Core/Src/main.o"
arm-none-eabi-gcc "../Core/Src/stm32f769i_discovery_lcd.c" -mcpu=cortex-m7 -g3 -DDEBUG -DUSE_HAL_DRIVER -DSTM32F769xx -c -I../Core/Inc -I../Drivers/STM32F7xx_HAL_Driver/Inc -I../Drivers/STM32F7xx_HAL_Driver/Inc/Legacy -I../Drivers/CMSIS/Device/ST/STM32F7xx/Include -I../Drivers/CMSIS/Include -I"E:/Practical-Project/STM32_Workspase/STM32F769/Core/Componnets" -I"E:/Practical-Project/STM32_Workspase/STM32F769/Core/Componnets/otm8009a" -O0 -ffunction-sections -fdata-sections -Wall -fstack-usage -MMD -MP -MF"Core/Src/stm32f769i_discovery_lcd.d" -MT"Core/Src/stm32f769i_discovery_lcd.o"  -mfpu=fpv5-d16 -mfloat-abi=hard -mthumb -o "Core/Src/stm32f769i_discovery_lcd.o"
arm-none-eabi-gcc "../Core/Src/stm32f7xx_hal_msp.c" -mcpu=cortex-m7 -g3 -DDEBUG -DUSE_HAL_DRIVER -DSTM32F769xx -c -I../Core/Inc -I../Drivers/STM32F7xx_HAL_Driver/Inc -I../Drivers/STM32F7xx_HAL_Driver/Inc/Legacy -I../Drivers/CMSIS/Device/ST/STM32F7xx/Include -I../Drivers/CMSIS/Include -I"E:/Practical-Project/STM32_Workspase/STM32F769/Core/Componnets" -I"E:/Practical-Project/STM32_Workspase/STM32F769/Core/Componnets/otm8009a" -O0 -ffunction-sections -fdata-sections -Wall -fstack-usage -MMD -MP -MF"Core/Src/stm32f7xx_hal_msp.d" -MT"Core/Src/stm32f7xx_hal_msp.o"  -mfpu=fpv5-d16 -mfloat-abi=hard -mthumb -o "Core/Src/stm32f7xx_hal_msp.o"
arm-none-eabi-gcc "../Core/Src/stm32f7xx_it.c" -mcpu=cortex-m7 -g3 -DDEBUG -DUSE_HAL_DRIVER -DSTM32F769xx -c -I../Core/Inc -I../Drivers/STM32F7xx_HAL_Driver/Inc -I../Drivers/STM32F7xx_HAL_Driver/Inc/Legacy -I../Drivers/CMSIS/Device/ST/STM32F7xx/Include -I../Drivers/CMSIS/Include -I"E:/Practical-Project/STM32_Workspase/STM32F769/Core/Componnets" -I"E:/Practical-Project/STM32_Workspase/STM32F769/Core/Componnets/otm8009a" -O0 -ffunction-sections -fdata-sections -Wall -fstack-usage -MMD -MP -MF"Core/Src/stm32f7xx_it.d" -MT"Core/Src/stm32f7xx_it.o"  -mfpu=fpv5-d16 -mfloat-abi=hard -mthumb -o "Core/Src/stm32f7xx_it.o"
arm-none-eabi-gcc "../Core/Src/syscalls.c" -mcpu=cortex-m7 -g3 -DDEBUG -DUSE_HAL_DRIVER -DSTM32F769xx -c -I../Core/Inc -I../Drivers/STM32F7xx_HAL_Driver/Inc -I../Drivers/STM32F7xx_HAL_Driver/Inc/Legacy -I../Drivers/CMSIS/Device/ST/STM32F7xx/Include -I../Drivers/CMSIS/Include -I"E:/Practical-Project/STM32_Workspase/STM32F769/Core/Componnets" -I"E:/Practical-Project/STM32_Workspase/STM32F769/Core/Componnets/otm8009a" -O0 -ffunction-sections -fdata-sections -Wall -fstack-usage -MMD -MP -MF"Core/Src/syscalls.d" -MT"Core/Src/syscalls.o"  -mfpu=fpv5-d16 -mfloat-abi=hard -mthumb -o "Core/Src/syscalls.o"
arm-none-eabi-gcc "../Core/Src/sysmem.c" -mcpu=cortex-m7 -g3 -DDEBUG -DUSE_HAL_DRIVER -DSTM32F769xx -c -I../Core/Inc -I../Drivers/STM32F7xx_HAL_Driver/Inc -I../Drivers/STM32F7xx_HAL_Driver/Inc/Legacy -I../Drivers/CMSIS/Device/ST/STM32F7xx/Include -I../Drivers/CMSIS/Include -I"E:/Practical-Project/STM32_Workspase/STM32F769/Core/Componnets" -I"E:/Practical-Project/STM32_Workspase/STM32F769/Core/Componnets/otm8009a" -O0 -ffunction-sections -fdata-sections -Wall -fstack-usage -MMD -MP -MF"Core/Src/sysmem.d" -MT"Core/Src/sysmem.o"  -mfpu=fpv5-d16 -mfloat-abi=hard -mthumb -o "Core/Src/sysmem.o"
../Core/Src/stm32f769i_discovery_lcd.c:936:1: warning: multi-line comment [-Wcomment]
  936 | //  else if((hltdc_discovery.LayerCfg[ActiveLayer].PixelFormat == LTDC_PIXEL_FORMAT_RGB565) || \
      | ^
../Core/Src/stm32f769i_discovery_lcd.c:987:1: warning: multi-line comment [-Wcomment]
  987 | //  DrawChar(Xpos, Ypos, &DrawProp[ActiveLayer].pFont->table[(Ascii-' ') *\
      | ^
../Core/Src/stm32f769i_discovery_lcd.c:1628:1: warning: multi-line comment [-Wcomment]
 1628 | //  else if(((HDMI_IO_Read(LCD_DSI_ADDRESS, LCD_DSI_ID_REG) == LCD_DSI_ID)) || \
      | ^
arm-none-eabi-gcc "../Core/Src/system_stm32f7xx.c" -mcpu=cortex-m7 -g3 -DDEBUG -DUSE_HAL_DRIVER -DSTM32F769xx -c -I../Core/Inc -I../Drivers/STM32F7xx_HAL_Driver/Inc -I../Drivers/STM32F7xx_HAL_Driver/Inc/Legacy -I../Drivers/CMSIS/Device/ST/STM32F7xx/Include -I../Drivers/CMSIS/Include -I"E:/Practical-Project/STM32_Workspase/STM32F769/Core/Componnets" -I"E:/Practical-Project/STM32_Workspase/STM32F769/Core/Componnets/otm8009a" -O0 -ffunction-sections -fdata-sections -Wall -fstack-usage -MMD -MP -MF"Core/Src/system_stm32f7xx.d" -MT"Core/Src/system_stm32f7xx.o"  -mfpu=fpv5-d16 -mfloat-abi=hard -mthumb -o "Core/Src/system_stm32f7xx.o"
arm-none-eabi-gcc "../Core/Componnets/otm8009a/otm8009a.c" -mcpu=cortex-m7 -g3 -DDEBUG -DUSE_HAL_DRIVER -DSTM32F769xx -c -I../Core/Inc -I../Drivers/STM32F7xx_HAL_Driver/Inc -I../Drivers/STM32F7xx_HAL_Driver/Inc/Legacy -I../Drivers/CMSIS/Device/ST/STM32F7xx/Include -I../Drivers/CMSIS/Include -I"E:/Practical-Project/STM32_Workspase/STM32F769/Core/Componnets" -I"E:/Practical-Project/STM32_Workspase/STM32F769/Core/Componnets/otm8009a" -O0 -ffunction-sections -fdata-sections -Wall -fstack-usage -MMD -MP -MF"Core/Componnets/otm8009a/otm8009a.d" -MT"Core/Componnets/otm8009a/otm8009a.o"  -mfpu=fpv5-d16 -mfloat-abi=hard -mthumb -o "Core/Componnets/otm8009a/otm8009a.o"
arm-none-eabi-gcc -o "STM32F769.elf" @"objects.list"   -mcpu=cortex-m7 -T"E:\Practical-Project\STM32_Workspase\STM32F769\STM32F769NIHX_FLASH.ld" --specs=nosys.specs -Wl,-Map="STM32F769.map" -Wl,--gc-sections -static  -mfpu=fpv5-d16 -mfloat-abi=hard -mthumb -Wl,--start-group -lc -lm -Wl,--end-group
Finished building target: STM32F769.elf
 
arm-none-eabi-size   STM32F769.elf 
arm-none-eabi-objdump -h -S  STM32F769.elf  > "STM32F769.list"
   text	   data	    bss	    dec	    hex	filename
 632596	   1104	   1852	 635552	  9b2a0	STM32F769.elf
Finished building: default.size.stdout
 
Finished building: STM32F769.list
 

**** Build of configuration Debug for project LCD_DSI_CmdMode_DoubleBuffer ****

Nothing to build for project LCD_DSI_CmdMode_DoubleBuffer
14:08:50 **** Incremental Build of configuration Debug for project STM32F401_GPIO ****
make -j8 all 
arm-none-eabi-size   STM32F401_GPIO.elf 
   text	   data	    bss	    dec	    hex	filename
    656	      8	   1568	   2232	    8b8	STM32F401_GPIO.elf
Finished building: default.size.stdout
 
15:11:13 **** Incremental Build of configuration Debug for project STM32F401_GPIO ****
make -j8 all 
arm-none-eabi-size   STM32F401_GPIO.elf 
   text	   data	    bss	    dec	    hex	filename
    656	      8	   1568	   2232	    8b8	STM32F401_GPIO.elf
Finished building: default.size.stdout
 
15:23:23 **** Build of configuration Debug for project STM32F401_GPIO ****
make -j8 all 
arm-none-eabi-gcc -mcpu=cortex-m4 -g3 -DDEBUG -c -x assembler-with-cpp -MMD -MP -MF"Startup/startup_stm32f401ccux.d" -MT"Startup/startup_stm32f401ccux.o" --specs=nano.specs -mfpu=fpv4-sp-d16 -mfloat-abi=hard -mthumb -o "Startup/startup_stm32f401ccux.o" "../Startup/startup_stm32f401ccux.s"
arm-none-eabi-gcc "../Src/main.c" -mcpu=cortex-m4 -std=gnu11 -g3 -DDEBUG -DSTM32F401CCUx -DSTM32 -DSTM32F4 -c -I../Inc -O0 -ffunction-sections -fdata-sections -Wall -fstack-usage -MMD -MP -MF"Src/main.d" -MT"Src/main.o" --specs=nano.specs -mfpu=fpv4-sp-d16 -mfloat-abi=hard -mthumb -o "Src/main.o"
arm-none-eabi-gcc "../Src/syscalls.c" -mcpu=cortex-m4 -std=gnu11 -g3 -DDEBUG -DSTM32F401CCUx -DSTM32 -DSTM32F4 -c -I../Inc -O0 -ffunction-sections -fdata-sections -Wall -fstack-usage -MMD -MP -MF"Src/syscalls.d" -MT"Src/syscalls.o" --specs=nano.specs -mfpu=fpv4-sp-d16 -mfloat-abi=hard -mthumb -o "Src/syscalls.o"
arm-none-eabi-gcc "../Src/sysmem.c" -mcpu=cortex-m4 -std=gnu11 -g3 -DDEBUG -DSTM32F401CCUx -DSTM32 -DSTM32F4 -c -I../Inc -O0 -ffunction-sections -fdata-sections -Wall -fstack-usage -MMD -MP -MF"Src/sysmem.d" -MT"Src/sysmem.o" --specs=nano.specs -mfpu=fpv4-sp-d16 -mfloat-abi=hard -mthumb -o "Src/sysmem.o"
../Src/main.c:23:2: warning: #warning "FPU is not initialized, but the project is compiling for an FPU. Please initialize the FPU before use." [-Wcpp]
   23 | #warning "FPU is not initialized, but the project is compiling for an FPU. Please initialize the FPU before use."
      |  ^~~~~~~
arm-none-eabi-gcc -o "STM32F401_GPIO.elf" @"objects.list"   -mcpu=cortex-m4 -T"E:\Practical-Project\STM32_Workspase\STM32F401_GPIO\STM32F401CCUX_FLASH.ld" --specs=nosys.specs -Wl,-Map="STM32F401_GPIO.map" -Wl,--gc-sections -static --specs=nano.specs -mfpu=fpv4-sp-d16 -mfloat-abi=hard -mthumb -Wl,--start-group -lc -lm -Wl,--end-group
Finished building target: STM32F401_GPIO.elf
 
arm-none-eabi-size   STM32F401_GPIO.elf 
arm-none-eabi-objdump -h -S  STM32F401_GPIO.elf  > "STM32F401_GPIO.list"
   text	   data	    bss	    dec	    hex	filename
    656	      8	   1568	   2232	    8b8	STM32F401_GPIO.elf
Finished building: default.size.stdout
 
Finished building: STM32F401_GPIO.list
 
15:23:40 **** Incremental Build of configuration Debug for project STM32F401_GPIO ****
make -j8 all 
arm-none-eabi-gcc "../Src/main.c" -mcpu=cortex-m4 -std=gnu11 -g3 -DDEBUG -DSTM32F401CCUx -DSTM32 -DSTM32F4 -c -I../Inc -O0 -ffunction-sections -fdata-sections -Wall -fstack-usage -MMD -MP -MF"Src/main.d" -MT"Src/main.o" --specs=nano.specs -mfpu=fpv4-sp-d16 -mfloat-abi=hard -mthumb -o "Src/main.o"
In file included from ../Src/main.c:20:
../Inc/main.h:12:2: warning: #warning "FPU is not initialized, but the project is compiling for an FPU. Please initialize the FPU before use." [-Wcpp]
   12 | #warning "FPU is not initialized, but the project is compiling for an FPU. Please initialize the FPU before use."
      |  ^~~~~~~
arm-none-eabi-gcc -o "STM32F401_GPIO.elf" @"objects.list"   -mcpu=cortex-m4 -T"E:\Practical-Project\STM32_Workspase\STM32F401_GPIO\STM32F401CCUX_FLASH.ld" --specs=nosys.specs -Wl,-Map="STM32F401_GPIO.map" -Wl,--gc-sections -static --specs=nano.specs -mfpu=fpv4-sp-d16 -mfloat-abi=hard -mthumb -Wl,--start-group -lc -lm -Wl,--end-group
Finished building target: STM32F401_GPIO.elf
 
arm-none-eabi-size   STM32F401_GPIO.elf 
arm-none-eabi-objdump -h -S  STM32F401_GPIO.elf  > "STM32F401_GPIO.list"
   text	   data	    bss	    dec	    hex	filename
    656	      8	   1568	   2232	    8b8	STM32F401_GPIO.elf
Finished building: default.size.stdout
 
Finished building: STM32F401_GPIO.list
 
15:37:28 **** Incremental Build of configuration Debug for project STM32F401_GPIO ****
make -j8 all 
arm-none-eabi-gcc "../Src/main.c" -mcpu=cortex-m4 -std=gnu11 -g3 -DDEBUG -DSTM32F401CCUx -DSTM32 -DSTM32F4 -c -I../Inc -I"E:/Practical-Project/STM32_Workspase/STM32F401_GPIO/CMSIS/Inc" -O0 -ffunction-sections -fdata-sections -Wall -fstack-usage -MMD -MP -MF"Src/main.d" -MT"Src/main.o" --specs=nano.specs -mfpu=fpv4-sp-d16 -mfloat-abi=hard -mthumb -o "Src/main.o"
arm-none-eabi-gcc "../Src/syscalls.c" -mcpu=cortex-m4 -std=gnu11 -g3 -DDEBUG -DSTM32F401CCUx -DSTM32 -DSTM32F4 -c -I../Inc -I"E:/Practical-Project/STM32_Workspase/STM32F401_GPIO/CMSIS/Inc" -O0 -ffunction-sections -fdata-sections -Wall -fstack-usage -MMD -MP -MF"Src/syscalls.d" -MT"Src/syscalls.o" --specs=nano.specs -mfpu=fpv4-sp-d16 -mfloat-abi=hard -mthumb -o "Src/syscalls.o"
arm-none-eabi-gcc "../Src/sysmem.c" -mcpu=cortex-m4 -std=gnu11 -g3 -DDEBUG -DSTM32F401CCUx -DSTM32 -DSTM32F4 -c -I../Inc -I"E:/Practical-Project/STM32_Workspase/STM32F401_GPIO/CMSIS/Inc" -O0 -ffunction-sections -fdata-sections -Wall -fstack-usage -MMD -MP -MF"Src/sysmem.d" -MT"Src/sysmem.o" --specs=nano.specs -mfpu=fpv4-sp-d16 -mfloat-abi=hard -mthumb -o "Src/sysmem.o"
In file included from ../Src/main.c:20:
../Inc/main.h:12:2: warning: #warning "FPU is not initialized, but the project is compiling for an FPU. Please initialize the FPU before use." [-Wcpp]
   12 | #warning "FPU is not initialized, but the project is compiling for an FPU. Please initialize the FPU before use."
      |  ^~~~~~~
arm-none-eabi-gcc -o "STM32F401_GPIO.elf" @"objects.list"   -mcpu=cortex-m4 -T"E:\Practical-Project\STM32_Workspase\STM32F401_GPIO\STM32F401CCUX_FLASH.ld" --specs=nosys.specs -Wl,-Map="STM32F401_GPIO.map" -Wl,--gc-sections -static --specs=nano.specs -mfpu=fpv4-sp-d16 -mfloat-abi=hard -mthumb -Wl,--start-group -lc -lm -Wl,--end-group
Finished building target: STM32F401_GPIO.elf
 
arm-none-eabi-size   STM32F401_GPIO.elf 
arm-none-eabi-objdump -h -S  STM32F401_GPIO.elf  > "STM32F401_GPIO.list"
   text	   data	    bss	    dec	    hex	filename
    656	      8	   1568	   2232	    8b8	STM32F401_GPIO.elf
Finished building: default.size.stdout
 
Finished building: STM32F401_GPIO.list
 
15:38:27 **** Clean-only build of configuration Debug for project STM32F401_GPIO ****
make -j8 clean 
rm -rf ./Startup/startup_stm32f401ccux.d ./Startup/startup_stm32f401ccux.o
rm -rf ./Src/main.d ./Src/main.o ./Src/main.su ./Src/syscalls.d ./Src/syscalls.o ./Src/syscalls.su ./Src/sysmem.d ./Src/sysmem.o ./Src/sysmem.su
rm -rf STM32F401_GPIO.elf STM32F401_GPIO.list STM32F401_GPIO.map default.size.stdout
 
15:38:28 **** Incremental Build of configuration Debug for project STM32F401_GPIO ****
make -j8 all 
arm-none-eabi-gcc -mcpu=cortex-m4 -g3 -DDEBUG -c -x assembler-with-cpp -MMD -MP -MF"Startup/startup_stm32f401ccux.d" -MT"Startup/startup_stm32f401ccux.o" --specs=nano.specs -mfpu=fpv4-sp-d16 -mfloat-abi=hard -mthumb -o "Startup/startup_stm32f401ccux.o" "../Startup/startup_stm32f401ccux.s"
arm-none-eabi-gcc "../Src/main.c" -mcpu=cortex-m4 -std=gnu11 -g3 -DDEBUG -DSTM32F401CCUx -DSTM32 -DSTM32F4 -c -I../Inc -I"E:/Practical-Project/STM32_Workspase/STM32F401_GPIO/CMSIS/Inc" -O0 -ffunction-sections -fdata-sections -Wall -fstack-usage -MMD -MP -MF"Src/main.d" -MT"Src/main.o" --specs=nano.specs -mfpu=fpv4-sp-d16 -mfloat-abi=hard -mthumb -o "Src/main.o"
arm-none-eabi-gcc "../Src/syscalls.c" -mcpu=cortex-m4 -std=gnu11 -g3 -DDEBUG -DSTM32F401CCUx -DSTM32 -DSTM32F4 -c -I../Inc -I"E:/Practical-Project/STM32_Workspase/STM32F401_GPIO/CMSIS/Inc" -O0 -ffunction-sections -fdata-sections -Wall -fstack-usage -MMD -MP -MF"Src/syscalls.d" -MT"Src/syscalls.o" --specs=nano.specs -mfpu=fpv4-sp-d16 -mfloat-abi=hard -mthumb -o "Src/syscalls.o"
arm-none-eabi-gcc "../Src/sysmem.c" -mcpu=cortex-m4 -std=gnu11 -g3 -DDEBUG -DSTM32F401CCUx -DSTM32 -DSTM32F4 -c -I../Inc -I"E:/Practical-Project/STM32_Workspase/STM32F401_GPIO/CMSIS/Inc" -O0 -ffunction-sections -fdata-sections -Wall -fstack-usage -MMD -MP -MF"Src/sysmem.d" -MT"Src/sysmem.o" --specs=nano.specs -mfpu=fpv4-sp-d16 -mfloat-abi=hard -mthumb -o "Src/sysmem.o"
arm-none-eabi-gcc "../CMSIS/Src/system_stm32f4xx.c" -mcpu=cortex-m4 -std=gnu11 -g3 -DDEBUG -DSTM32F401CCUx -DSTM32 -DSTM32F4 -c -I../Inc -I"E:/Practical-Project/STM32_Workspase/STM32F401_GPIO/CMSIS/Inc" -O0 -ffunction-sections -fdata-sections -Wall -fstack-usage -MMD -MP -MF"CMSIS/Src/system_stm32f4xx.d" -MT"CMSIS/Src/system_stm32f4xx.o" --specs=nano.specs -mfpu=fpv4-sp-d16 -mfloat-abi=hard -mthumb -o "CMSIS/Src/system_stm32f4xx.o"
In file included from ../Src/main.c:20:
../Inc/main.h:12:2: warning: #warning "FPU is not initialized, but the project is compiling for an FPU. Please initialize the FPU before use." [-Wcpp]
   12 | #warning "FPU is not initialized, but the project is compiling for an FPU. Please initialize the FPU before use."
      |  ^~~~~~~
In file included from ../CMSIS/Src/system_stm32f4xx.c:48:
E:/Practical-Project/STM32_Workspase/STM32F401_GPIO/CMSIS/Inc/stm32f4xx.h:174:3: error: #error "Please select first the target STM32F4xx device used in your application (in stm32f4xx.h file)"
  174 |  #error "Please select first the target STM32F4xx device used in your application (in stm32f4xx.h file)"
      |   ^~~~~
../CMSIS/Src/system_stm32f4xx.c:137:1: error: unknown type name 'uint32_t'
  137 | uint32_t SystemCoreClock = 16000000;
      | ^~~~~~~~
../CMSIS/Src/system_stm32f4xx.c:138:7: error: unknown type name 'uint8_t'
  138 | const uint8_t AHBPrescTable[16] = {0, 0, 0, 0, 0, 0, 0, 0, 1, 2, 3, 4, 6, 7, 8, 9};
      |       ^~~~~~~
../CMSIS/Src/system_stm32f4xx.c:139:7: error: unknown type name 'uint8_t'
  139 | const uint8_t APBPrescTable[8]  = {0, 0, 0, 0, 1, 2, 3, 4};
      |       ^~~~~~~
../CMSIS/Src/system_stm32f4xx.c: In function 'SystemCoreClockUpdate':
../CMSIS/Src/system_stm32f4xx.c:222:3: error: unknown type name 'uint32_t'
  222 |   uint32_t tmp = 0, pllvco = 0, pllp = 2, pllsource = 0, pllm = 2;
      |   ^~~~~~~~
../CMSIS/Src/system_stm32f4xx.c:225:9: error: 'RCC' undeclared (first use in this function)
  225 |   tmp = RCC->CFGR & RCC_CFGR_SWS;
      |         ^~~
../CMSIS/Src/system_stm32f4xx.c:225:9: note: each undeclared identifier is reported only once for each function it appears in
../CMSIS/Src/system_stm32f4xx.c:225:21: error: 'RCC_CFGR_SWS' undeclared (first use in this function)
  225 |   tmp = RCC->CFGR & RCC_CFGR_SWS;
      |                     ^~~~~~~~~~~~
../CMSIS/Src/system_stm32f4xx.c:55:26: error: 'uint32_t' undeclared (first use in this function)
   55 |   #define HSI_VALUE    ((uint32_t)16000000) /*!< Value of the Internal oscillator in Hz*/
      |                          ^~~~~~~~
../CMSIS/Src/system_stm32f4xx.c:230:25: note: in expansion of macro 'HSI_VALUE'
  230 |       SystemCoreClock = HSI_VALUE;
      |                         ^~~~~~~~~
../CMSIS/Src/system_stm32f4xx.c:55:35: error: expected ')' before numeric constant
   55 |   #define HSI_VALUE    ((uint32_t)16000000) /*!< Value of the Internal oscillator in Hz*/
      |                        ~          ^~~~~~~~
../CMSIS/Src/system_stm32f4xx.c:230:25: note: in expansion of macro 'HSI_VALUE'
  230 |       SystemCoreClock = HSI_VALUE;
      |                         ^~~~~~~~~
../CMSIS/Src/system_stm32f4xx.c:51:35: error: expected ')' before numeric constant
   51 |   #define HSE_VALUE    ((uint32_t)25000000) /*!< Default value of the External oscillator in Hz */
      |                        ~          ^~~~~~~~
../CMSIS/Src/system_stm32f4xx.c:233:25: note: in expansion of macro 'HSE_VALUE'
  233 |       SystemCoreClock = HSE_VALUE;
      |                         ^~~~~~~~~
../CMSIS/Src/system_stm32f4xx.c:240:35: error: 'RCC_PLLCFGR_PLLSRC' undeclared (first use in this function)
  240 |       pllsource = (RCC->PLLCFGR & RCC_PLLCFGR_PLLSRC) >> 22;
      |                                   ^~~~~~~~~~~~~~~~~~
../CMSIS/Src/system_stm32f4xx.c:241:29: error: 'RCC_PLLCFGR_PLLM' undeclared (first use in this function)
  241 |       pllm = RCC->PLLCFGR & RCC_PLLCFGR_PLLM;
      |                             ^~~~~~~~~~~~~~~~
../CMSIS/Src/system_stm32f4xx.c:51:35: error: expected ')' before numeric constant
   51 |   #define HSE_VALUE    ((uint32_t)25000000) /*!< Default value of the External oscillator in Hz */
      |                        ~          ^~~~~~~~
../CMSIS/Src/system_stm32f4xx.c:246:19: note: in expansion of macro 'HSE_VALUE'
  246 |         pllvco = (HSE_VALUE / pllm) * ((RCC->PLLCFGR & RCC_PLLCFGR_PLLN) >> 6);
      |                   ^~~~~~~~~
../CMSIS/Src/system_stm32f4xx.c:246:56: error: 'RCC_PLLCFGR_PLLN' undeclared (first use in this function)
  246 |         pllvco = (HSE_VALUE / pllm) * ((RCC->PLLCFGR & RCC_PLLCFGR_PLLN) >> 6);
      |                                                        ^~~~~~~~~~~~~~~~
../CMSIS/Src/system_stm32f4xx.c:55:35: error: expected ')' before numeric constant
   55 |   #define HSI_VALUE    ((uint32_t)16000000) /*!< Value of the Internal oscillator in Hz*/
      |                        ~          ^~~~~~~~
../CMSIS/Src/system_stm32f4xx.c:251:19: note: in expansion of macro 'HSI_VALUE'
  251 |         pllvco = (HSI_VALUE / pllm) * ((RCC->PLLCFGR & RCC_PLLCFGR_PLLN) >> 6);
      |                   ^~~~~~~~~
../CMSIS/Src/system_stm32f4xx.c:254:32: error: 'RCC_PLLCFGR_PLLP' undeclared (first use in this function)
  254 |       pllp = (((RCC->PLLCFGR & RCC_PLLCFGR_PLLP) >>16) + 1 ) *2;
      |                                ^~~~~~~~~~~~~~~~
../CMSIS/Src/system_stm32f4xx.c:55:35: error: expected ')' before numeric constant
   55 |   #define HSI_VALUE    ((uint32_t)16000000) /*!< Value of the Internal oscillator in Hz*/
      |                        ~          ^~~~~~~~
../CMSIS/Src/system_stm32f4xx.c:258:25: note: in expansion of macro 'HSI_VALUE'
  258 |       SystemCoreClock = HSI_VALUE;
      |                         ^~~~~~~~~
../CMSIS/Src/system_stm32f4xx.c:263:37: error: 'RCC_CFGR_HPRE' undeclared (first use in this function)
  263 |   tmp = AHBPrescTable[((RCC->CFGR & RCC_CFGR_HPRE) >> 4)];
      |                                     ^~~~~~~~~~~~~
make: *** [CMSIS/Src/subdir.mk:19: CMSIS/Src/system_stm32f4xx.o] Error 1
make: *** Waiting for unfinished jobs....
"make -j8 all" terminated with exit code 2. Build might be incomplete.
15:40:00 **** Incremental Build of configuration Debug for project STM32F401_GPIO ****
make -j8 all 
arm-none-eabi-gcc "../Src/main.c" -mcpu=cortex-m4 -std=gnu11 -g3 -DDEBUG -DSTM32F401xC -DSTM32F401CCUx -DSTM32 -DSTM32F4 -c -I../Inc -I"E:/Practical-Project/STM32_Workspase/STM32F401_GPIO/CMSIS/Inc" -O0 -ffunction-sections -fdata-sections -Wall -fstack-usage -MMD -MP -MF"Src/main.d" -MT"Src/main.o" --specs=nano.specs -mfpu=fpv4-sp-d16 -mfloat-abi=hard -mthumb -o "Src/main.o"
arm-none-eabi-gcc "../Src/syscalls.c" -mcpu=cortex-m4 -std=gnu11 -g3 -DDEBUG -DSTM32F401xC -DSTM32F401CCUx -DSTM32 -DSTM32F4 -c -I../Inc -I"E:/Practical-Project/STM32_Workspase/STM32F401_GPIO/CMSIS/Inc" -O0 -ffunction-sections -fdata-sections -Wall -fstack-usage -MMD -MP -MF"Src/syscalls.d" -MT"Src/syscalls.o" --specs=nano.specs -mfpu=fpv4-sp-d16 -mfloat-abi=hard -mthumb -o "Src/syscalls.o"
arm-none-eabi-gcc "../Src/sysmem.c" -mcpu=cortex-m4 -std=gnu11 -g3 -DDEBUG -DSTM32F401xC -DSTM32F401CCUx -DSTM32 -DSTM32F4 -c -I../Inc -I"E:/Practical-Project/STM32_Workspase/STM32F401_GPIO/CMSIS/Inc" -O0 -ffunction-sections -fdata-sections -Wall -fstack-usage -MMD -MP -MF"Src/sysmem.d" -MT"Src/sysmem.o" --specs=nano.specs -mfpu=fpv4-sp-d16 -mfloat-abi=hard -mthumb -o "Src/sysmem.o"
arm-none-eabi-gcc "../CMSIS/Src/system_stm32f4xx.c" -mcpu=cortex-m4 -std=gnu11 -g3 -DDEBUG -DSTM32F401xC -DSTM32F401CCUx -DSTM32 -DSTM32F4 -c -I../Inc -I"E:/Practical-Project/STM32_Workspase/STM32F401_GPIO/CMSIS/Inc" -O0 -ffunction-sections -fdata-sections -Wall -fstack-usage -MMD -MP -MF"CMSIS/Src/system_stm32f4xx.d" -MT"CMSIS/Src/system_stm32f4xx.o" --specs=nano.specs -mfpu=fpv4-sp-d16 -mfloat-abi=hard -mthumb -o "CMSIS/Src/system_stm32f4xx.o"
In file included from ../Src/main.c:20:
../Inc/main.h:12:2: warning: #warning "FPU is not initialized, but the project is compiling for an FPU. Please initialize the FPU before use." [-Wcpp]
   12 | #warning "FPU is not initialized, but the project is compiling for an FPU. Please initialize the FPU before use."
      |  ^~~~~~~
arm-none-eabi-gcc -o "STM32F401_GPIO.elf" @"objects.list"   -mcpu=cortex-m4 -T"E:\Practical-Project\STM32_Workspase\STM32F401_GPIO\STM32F401CCUX_FLASH.ld" --specs=nosys.specs -Wl,-Map="STM32F401_GPIO.map" -Wl,--gc-sections -static --specs=nano.specs -mfpu=fpv4-sp-d16 -mfloat-abi=hard -mthumb -Wl,--start-group -lc -lm -Wl,--end-group
Finished building target: STM32F401_GPIO.elf
 
arm-none-eabi-size   STM32F401_GPIO.elf 
arm-none-eabi-objdump -h -S  STM32F401_GPIO.elf  > "STM32F401_GPIO.list"
   text	   data	    bss	    dec	    hex	filename
    692	      8	   1568	   2268	    8dc	STM32F401_GPIO.elf
Finished building: default.size.stdout
 
Finished building: STM32F401_GPIO.list
 
15:40:31 **** Incremental Build of configuration Debug for project STM32F401_GPIO ****
make -j8 all 
arm-none-eabi-gcc "../Src/main.c" -mcpu=cortex-m4 -std=gnu11 -g3 -DDEBUG -DSTM32F401xC -DSTM32F401CCUx -DSTM32 -DSTM32F4 -c -I../Inc -I"E:/Practical-Project/STM32_Workspase/STM32F401_GPIO/CMSIS/Inc" -O0 -ffunction-sections -fdata-sections -Wall -fstack-usage -MMD -MP -MF"Src/main.d" -MT"Src/main.o" --specs=nano.specs -mfpu=fpv4-sp-d16 -mfloat-abi=hard -mthumb -o "Src/main.o"
arm-none-eabi-gcc -o "STM32F401_GPIO.elf" @"objects.list"   -mcpu=cortex-m4 -T"E:\Practical-Project\STM32_Workspase\STM32F401_GPIO\STM32F401CCUX_FLASH.ld" --specs=nosys.specs -Wl,-Map="STM32F401_GPIO.map" -Wl,--gc-sections -static --specs=nano.specs -mfpu=fpv4-sp-d16 -mfloat-abi=hard -mthumb -Wl,--start-group -lc -lm -Wl,--end-group
Finished building target: STM32F401_GPIO.elf
 
arm-none-eabi-size   STM32F401_GPIO.elf 
arm-none-eabi-objdump -h -S  STM32F401_GPIO.elf  > "STM32F401_GPIO.list"
   text	   data	    bss	    dec	    hex	filename
    692	      8	   1568	   2268	    8dc	STM32F401_GPIO.elf
Finished building: default.size.stdout
 
Finished building: STM32F401_GPIO.list
 
15:45:57 **** Incremental Build of configuration Debug for project STM32F401_GPIO ****
make -j8 all 
arm-none-eabi-gcc "../Src/main.c" -mcpu=cortex-m4 -std=gnu11 -g3 -DDEBUG -DSTM32F401xC -DSTM32F401CCUx -DSTM32 -DSTM32F4 -c -I../Inc -I"E:/Practical-Project/STM32_Workspase/STM32F401_GPIO/CMSIS/Inc" -O0 -ffunction-sections -fdata-sections -Wall -fstack-usage -MMD -MP -MF"Src/main.d" -MT"Src/main.o" --specs=nano.specs -mfpu=fpv4-sp-d16 -mfloat-abi=hard -mthumb -o "Src/main.o"
arm-none-eabi-gcc -o "STM32F401_GPIO.elf" @"objects.list"   -mcpu=cortex-m4 -T"E:\Practical-Project\STM32_Workspase\STM32F401_GPIO\STM32F401CCUX_FLASH.ld" --specs=nosys.specs -Wl,-Map="STM32F401_GPIO.map" -Wl,--gc-sections -static --specs=nano.specs -mfpu=fpv4-sp-d16 -mfloat-abi=hard -mthumb -Wl,--start-group -lc -lm -Wl,--end-group
Finished building target: STM32F401_GPIO.elf
 
arm-none-eabi-size   STM32F401_GPIO.elf 
arm-none-eabi-objdump -h -S  STM32F401_GPIO.elf  > "STM32F401_GPIO.list"
   text	   data	    bss	    dec	    hex	filename
    692	      8	   1568	   2268	    8dc	STM32F401_GPIO.elf
Finished building: default.size.stdout
 
Finished building: STM32F401_GPIO.list
 
16:04:19 **** Incremental Build of configuration Debug for project STM32F401_GPIO ****
make -j8 all 
arm-none-eabi-gcc "../Src/main.c" -mcpu=cortex-m4 -std=gnu11 -g3 -DDEBUG -DSTM32F401xC -DSTM32F401CCUx -DSTM32 -DSTM32F4 -c -I../Inc -I"E:/Practical-Project/STM32_Workspase/STM32F401_GPIO/Lib/delay" -I"E:/Practical-Project/STM32_Workspase/STM32F401_GPIO/CMSIS/Inc" -O0 -ffunction-sections -fdata-sections -Wall -fstack-usage -MMD -MP -MF"Src/main.d" -MT"Src/main.o" --specs=nano.specs -mfpu=fpv4-sp-d16 -mfloat-abi=hard -mthumb -o "Src/main.o"
arm-none-eabi-gcc "../Src/syscalls.c" -mcpu=cortex-m4 -std=gnu11 -g3 -DDEBUG -DSTM32F401xC -DSTM32F401CCUx -DSTM32 -DSTM32F4 -c -I../Inc -I"E:/Practical-Project/STM32_Workspase/STM32F401_GPIO/Lib/delay" -I"E:/Practical-Project/STM32_Workspase/STM32F401_GPIO/CMSIS/Inc" -O0 -ffunction-sections -fdata-sections -Wall -fstack-usage -MMD -MP -MF"Src/syscalls.d" -MT"Src/syscalls.o" --specs=nano.specs -mfpu=fpv4-sp-d16 -mfloat-abi=hard -mthumb -o "Src/syscalls.o"
arm-none-eabi-gcc "../Src/sysmem.c" -mcpu=cortex-m4 -std=gnu11 -g3 -DDEBUG -DSTM32F401xC -DSTM32F401CCUx -DSTM32 -DSTM32F4 -c -I../Inc -I"E:/Practical-Project/STM32_Workspase/STM32F401_GPIO/Lib/delay" -I"E:/Practical-Project/STM32_Workspase/STM32F401_GPIO/CMSIS/Inc" -O0 -ffunction-sections -fdata-sections -Wall -fstack-usage -MMD -MP -MF"Src/sysmem.d" -MT"Src/sysmem.o" --specs=nano.specs -mfpu=fpv4-sp-d16 -mfloat-abi=hard -mthumb -o "Src/sysmem.o"
arm-none-eabi-gcc "../CMSIS/Src/system_stm32f4xx.c" -mcpu=cortex-m4 -std=gnu11 -g3 -DDEBUG -DSTM32F401xC -DSTM32F401CCUx -DSTM32 -DSTM32F4 -c -I../Inc -I"E:/Practical-Project/STM32_Workspase/STM32F401_GPIO/Lib/delay" -I"E:/Practical-Project/STM32_Workspase/STM32F401_GPIO/CMSIS/Inc" -O0 -ffunction-sections -fdata-sections -Wall -fstack-usage -MMD -MP -MF"CMSIS/Src/system_stm32f4xx.d" -MT"CMSIS/Src/system_stm32f4xx.o" --specs=nano.specs -mfpu=fpv4-sp-d16 -mfloat-abi=hard -mthumb -o "CMSIS/Src/system_stm32f4xx.o"
arm-none-eabi-gcc -o "STM32F401_GPIO.elf" @"objects.list"   -mcpu=cortex-m4 -T"E:\Practical-Project\STM32_Workspase\STM32F401_GPIO\STM32F401CCUX_FLASH.ld" --specs=nosys.specs -Wl,-Map="STM32F401_GPIO.map" -Wl,--gc-sections -static --specs=nano.specs -mfpu=fpv4-sp-d16 -mfloat-abi=hard -mthumb -Wl,--start-group -lc -lm -Wl,--end-group
c:\st\stm32cubeide_1.11.2\stm32cubeide\plugins\com.st.stm32cube.ide.mcu.externaltools.gnu-tools-for-stm32.10.3-2021.10.win32_1.0.100.202210260954\tools\arm-none-eabi\bin\ld.exe: ./Src/main.o: in function `main':
E:/Practical-Project/STM32_Workspase/STM32F401_GPIO/Debug/../Src/main.c:29: undefined reference to `delay_ms'
collect2.exe: error: ld returned 1 exit status
make: *** [makefile:64: STM32F401_GPIO.elf] Error 1
"make -j8 all" terminated with exit code 2. Build might be incomplete.
16:05:59 **** Incremental Build of configuration Debug for project STM32F401_GPIO ****
make -j8 all 
arm-none-eabi-gcc "../Src/main.c" -mcpu=cortex-m4 -std=gnu11 -g3 -DDEBUG -DSTM32F401xC -DSTM32F401CCUx -DSTM32 -DSTM32F4 -c -I../Inc -I"E:/Practical-Project/STM32_Workspase/STM32F401_GPIO/Lib" -I"E:/Practical-Project/STM32_Workspase/STM32F401_GPIO/Lib/delay" -I"E:/Practical-Project/STM32_Workspase/STM32F401_GPIO/CMSIS/Inc" -O0 -ffunction-sections -fdata-sections -Wall -fstack-usage -MMD -MP -MF"Src/main.d" -MT"Src/main.o" --specs=nano.specs -mfpu=fpv4-sp-d16 -mfloat-abi=hard -mthumb -o "Src/main.o"
arm-none-eabi-gcc "../Src/syscalls.c" -mcpu=cortex-m4 -std=gnu11 -g3 -DDEBUG -DSTM32F401xC -DSTM32F401CCUx -DSTM32 -DSTM32F4 -c -I../Inc -I"E:/Practical-Project/STM32_Workspase/STM32F401_GPIO/Lib" -I"E:/Practical-Project/STM32_Workspase/STM32F401_GPIO/Lib/delay" -I"E:/Practical-Project/STM32_Workspase/STM32F401_GPIO/CMSIS/Inc" -O0 -ffunction-sections -fdata-sections -Wall -fstack-usage -MMD -MP -MF"Src/syscalls.d" -MT"Src/syscalls.o" --specs=nano.specs -mfpu=fpv4-sp-d16 -mfloat-abi=hard -mthumb -o "Src/syscalls.o"
arm-none-eabi-gcc "../Src/sysmem.c" -mcpu=cortex-m4 -std=gnu11 -g3 -DDEBUG -DSTM32F401xC -DSTM32F401CCUx -DSTM32 -DSTM32F4 -c -I../Inc -I"E:/Practical-Project/STM32_Workspase/STM32F401_GPIO/Lib" -I"E:/Practical-Project/STM32_Workspase/STM32F401_GPIO/Lib/delay" -I"E:/Practical-Project/STM32_Workspase/STM32F401_GPIO/CMSIS/Inc" -O0 -ffunction-sections -fdata-sections -Wall -fstack-usage -MMD -MP -MF"Src/sysmem.d" -MT"Src/sysmem.o" --specs=nano.specs -mfpu=fpv4-sp-d16 -mfloat-abi=hard -mthumb -o "Src/sysmem.o"
arm-none-eabi-gcc "../CMSIS/Src/system_stm32f4xx.c" -mcpu=cortex-m4 -std=gnu11 -g3 -DDEBUG -DSTM32F401xC -DSTM32F401CCUx -DSTM32 -DSTM32F4 -c -I../Inc -I"E:/Practical-Project/STM32_Workspase/STM32F401_GPIO/Lib" -I"E:/Practical-Project/STM32_Workspase/STM32F401_GPIO/Lib/delay" -I"E:/Practical-Project/STM32_Workspase/STM32F401_GPIO/CMSIS/Inc" -O0 -ffunction-sections -fdata-sections -Wall -fstack-usage -MMD -MP -MF"CMSIS/Src/system_stm32f4xx.d" -MT"CMSIS/Src/system_stm32f4xx.o" --specs=nano.specs -mfpu=fpv4-sp-d16 -mfloat-abi=hard -mthumb -o "CMSIS/Src/system_stm32f4xx.o"
arm-none-eabi-gcc -o "STM32F401_GPIO.elf" @"objects.list"   -mcpu=cortex-m4 -T"E:\Practical-Project\STM32_Workspase\STM32F401_GPIO\STM32F401CCUX_FLASH.ld" --specs=nosys.specs -Wl,-Map="STM32F401_GPIO.map" -Wl,--gc-sections -static --specs=nano.specs -mfpu=fpv4-sp-d16 -mfloat-abi=hard -mthumb -Wl,--start-group -lc -lm -Wl,--end-group
c:\st\stm32cubeide_1.11.2\stm32cubeide\plugins\com.st.stm32cube.ide.mcu.externaltools.gnu-tools-for-stm32.10.3-2021.10.win32_1.0.100.202210260954\tools\arm-none-eabi\bin\ld.exe: ./Src/main.o: in function `main':
E:/Practical-Project/STM32_Workspase/STM32F401_GPIO/Debug/../Src/main.c:28: undefined reference to `delay_ms'
collect2.exe: error: ld returned 1 exit status
make: *** [makefile:64: STM32F401_GPIO.elf] Error 1
"make -j8 all" terminated with exit code 2. Build might be incomplete.
16:06:15 **** Incremental Build of configuration Debug for project STM32F401_GPIO ****
make -j8 all 
arm-none-eabi-gcc "../Src/main.c" -mcpu=cortex-m4 -std=gnu11 -g3 -DDEBUG -DSTM32F401xC -DSTM32F401CCUx -DSTM32 -DSTM32F4 -c -I../Inc -I"E:/Practical-Project/STM32_Workspase/STM32F401_GPIO/Lib" -I"E:/Practical-Project/STM32_Workspase/STM32F401_GPIO/Lib/delay" -I"E:/Practical-Project/STM32_Workspase/STM32F401_GPIO/CMSIS/Inc" -O0 -ffunction-sections -fdata-sections -Wall -fstack-usage -MMD -MP -MF"Src/main.d" -MT"Src/main.o" --specs=nano.specs -mfpu=fpv4-sp-d16 -mfloat-abi=hard -mthumb -o "Src/main.o"
arm-none-eabi-gcc -o "STM32F401_GPIO.elf" @"objects.list"   -mcpu=cortex-m4 -T"E:\Practical-Project\STM32_Workspase\STM32F401_GPIO\STM32F401CCUX_FLASH.ld" --specs=nosys.specs -Wl,-Map="STM32F401_GPIO.map" -Wl,--gc-sections -static --specs=nano.specs -mfpu=fpv4-sp-d16 -mfloat-abi=hard -mthumb -Wl,--start-group -lc -lm -Wl,--end-group
c:\st\stm32cubeide_1.11.2\stm32cubeide\plugins\com.st.stm32cube.ide.mcu.externaltools.gnu-tools-for-stm32.10.3-2021.10.win32_1.0.100.202210260954\tools\arm-none-eabi\bin\ld.exe: ./Src/main.o: in function `main':
E:/Practical-Project/STM32_Workspase/STM32F401_GPIO/Debug/../Src/main.c:28: undefined reference to `delay_ms'
collect2.exe: error: ld returned 1 exit status
make: *** [makefile:64: STM32F401_GPIO.elf] Error 1
"make -j8 all" terminated with exit code 2. Build might be incomplete.
16:06:41 **** Incremental Build of configuration Debug for project STM32F401_GPIO ****
make -j8 all 
arm-none-eabi-gcc "../Src/main.c" -mcpu=cortex-m4 -std=gnu11 -g3 -DDEBUG -DSTM32F401xC -DSTM32F401CCUx -DSTM32 -DSTM32F4 -c -I../Inc -I"E:/Practical-Project/STM32_Workspase/STM32F401_GPIO/Lib" -I"E:/Practical-Project/STM32_Workspase/STM32F401_GPIO/Lib/delay" -I"E:/Practical-Project/STM32_Workspase/STM32F401_GPIO/CMSIS/Inc" -O0 -ffunction-sections -fdata-sections -Wall -fstack-usage -MMD -MP -MF"Src/main.d" -MT"Src/main.o" --specs=nano.specs -mfpu=fpv4-sp-d16 -mfloat-abi=hard -mthumb -o "Src/main.o"
arm-none-eabi-gcc -o "STM32F401_GPIO.elf" @"objects.list"   -mcpu=cortex-m4 -T"E:\Practical-Project\STM32_Workspase\STM32F401_GPIO\STM32F401CCUX_FLASH.ld" --specs=nosys.specs -Wl,-Map="STM32F401_GPIO.map" -Wl,--gc-sections -static --specs=nano.specs -mfpu=fpv4-sp-d16 -mfloat-abi=hard -mthumb -Wl,--start-group -lc -lm -Wl,--end-group
c:\st\stm32cubeide_1.11.2\stm32cubeide\plugins\com.st.stm32cube.ide.mcu.externaltools.gnu-tools-for-stm32.10.3-2021.10.win32_1.0.100.202210260954\tools\arm-none-eabi\bin\ld.exe: ./Src/main.o: in function `main':
E:/Practical-Project/STM32_Workspase/STM32F401_GPIO/Debug/../Src/main.c:28: undefined reference to `delay_ms'
collect2.exe: error: ld returned 1 exit status
make: *** [makefile:64: STM32F401_GPIO.elf] Error 1
"make -j8 all" terminated with exit code 2. Build might be incomplete.
16:06:45 **** Incremental Build of configuration Debug for project STM32F401_GPIO ****
make -j8 all 
arm-none-eabi-gcc "../Src/main.c" -mcpu=cortex-m4 -std=gnu11 -g3 -DDEBUG -DSTM32F401xC -DSTM32F401CCUx -DSTM32 -DSTM32F4 -c -I../Inc -I"E:/Practical-Project/STM32_Workspase/STM32F401_GPIO/Lib" -I"E:/Practical-Project/STM32_Workspase/STM32F401_GPIO/Lib/delay" -I"E:/Practical-Project/STM32_Workspase/STM32F401_GPIO/CMSIS/Inc" -O0 -ffunction-sections -fdata-sections -Wall -fstack-usage -MMD -MP -MF"Src/main.d" -MT"Src/main.o" --specs=nano.specs -mfpu=fpv4-sp-d16 -mfloat-abi=hard -mthumb -o "Src/main.o"
arm-none-eabi-gcc -o "STM32F401_GPIO.elf" @"objects.list"   -mcpu=cortex-m4 -T"E:\Practical-Project\STM32_Workspase\STM32F401_GPIO\STM32F401CCUX_FLASH.ld" --specs=nosys.specs -Wl,-Map="STM32F401_GPIO.map" -Wl,--gc-sections -static --specs=nano.specs -mfpu=fpv4-sp-d16 -mfloat-abi=hard -mthumb -Wl,--start-group -lc -lm -Wl,--end-group
Finished building target: STM32F401_GPIO.elf
 
arm-none-eabi-size   STM32F401_GPIO.elf 
arm-none-eabi-objdump -h -S  STM32F401_GPIO.elf  > "STM32F401_GPIO.list"
   text	   data	    bss	    dec	    hex	filename
    872	     12	   1564	   2448	    990	STM32F401_GPIO.elf
Finished building: default.size.stdout
 
Finished building: STM32F401_GPIO.list
 
16:06:52 **** Incremental Build of configuration Debug for project STM32F401_GPIO ****
make -j8 all 
arm-none-eabi-gcc "../Src/main.c" -mcpu=cortex-m4 -std=gnu11 -g3 -DDEBUG -DSTM32F401xC -DSTM32F401CCUx -DSTM32 -DSTM32F4 -c -I../Inc -I"E:/Practical-Project/STM32_Workspase/STM32F401_GPIO/Lib" -I"E:/Practical-Project/STM32_Workspase/STM32F401_GPIO/Lib/delay" -I"E:/Practical-Project/STM32_Workspase/STM32F401_GPIO/CMSIS/Inc" -O0 -ffunction-sections -fdata-sections -Wall -fstack-usage -MMD -MP -MF"Src/main.d" -MT"Src/main.o" --specs=nano.specs -mfpu=fpv4-sp-d16 -mfloat-abi=hard -mthumb -o "Src/main.o"
arm-none-eabi-gcc -o "STM32F401_GPIO.elf" @"objects.list"   -mcpu=cortex-m4 -T"E:\Practical-Project\STM32_Workspase\STM32F401_GPIO\STM32F401CCUX_FLASH.ld" --specs=nosys.specs -Wl,-Map="STM32F401_GPIO.map" -Wl,--gc-sections -static --specs=nano.specs -mfpu=fpv4-sp-d16 -mfloat-abi=hard -mthumb -Wl,--start-group -lc -lm -Wl,--end-group
c:\st\stm32cubeide_1.11.2\stm32cubeide\plugins\com.st.stm32cube.ide.mcu.externaltools.gnu-tools-for-stm32.10.3-2021.10.win32_1.0.100.202210260954\tools\arm-none-eabi\bin\ld.exe: ./Src/main.o: in function `main':
E:/Practical-Project/STM32_Workspase/STM32F401_GPIO/Debug/../Src/main.c:28: undefined reference to `delay_us'
collect2.exe: error: ld returned 1 exit status
make: *** [makefile:64: STM32F401_GPIO.elf] Error 1
"make -j8 all" terminated with exit code 2. Build might be incomplete.
16:07:54 **** Clean-only build of configuration Debug for project STM32F401_GPIO ****
make -j8 clean 
rm -rf ./Startup/startup_stm32f401ccux.d ./Startup/startup_stm32f401ccux.o
rm -rf ./Src/main.d ./Src/main.o ./Src/main.su ./Src/syscalls.d ./Src/syscalls.o ./Src/syscalls.su ./Src/sysmem.d ./Src/sysmem.o ./Src/sysmem.su
rm -rf ./CMSIS/Src/system_stm32f4xx.d ./CMSIS/Src/system_stm32f4xx.o ./CMSIS/Src/system_stm32f4xx.su
rm -rf STM32F401_GPIO.elf STM32F401_GPIO.list STM32F401_GPIO.map default.size.stdout
 
16:07:54 **** Incremental Build of configuration Debug for project STM32F401_GPIO ****
make -j8 all 
arm-none-eabi-gcc -mcpu=cortex-m4 -g3 -DDEBUG -c -x assembler-with-cpp -MMD -MP -MF"Startup/startup_stm32f401ccux.d" -MT"Startup/startup_stm32f401ccux.o" --specs=nano.specs -mfpu=fpv4-sp-d16 -mfloat-abi=hard -mthumb -o "Startup/startup_stm32f401ccux.o" "../Startup/startup_stm32f401ccux.s"
arm-none-eabi-gcc "../Src/main.c" -mcpu=cortex-m4 -std=gnu11 -g3 -DDEBUG -DSTM32F401xC -DSTM32F401CCUx -DSTM32 -DSTM32F4 -c -I../Inc -I"E:/Practical-Project/STM32_Workspase/STM32F401_GPIO/Lib" -I"E:/Practical-Project/STM32_Workspase/STM32F401_GPIO/Lib/delay" -I"E:/Practical-Project/STM32_Workspase/STM32F401_GPIO/CMSIS/Inc" -O0 -ffunction-sections -fdata-sections -Wall -fstack-usage -MMD -MP -MF"Src/main.d" -MT"Src/main.o" --specs=nano.specs -mfpu=fpv4-sp-d16 -mfloat-abi=hard -mthumb -o "Src/main.o"
arm-none-eabi-gcc "../Src/syscalls.c" -mcpu=cortex-m4 -std=gnu11 -g3 -DDEBUG -DSTM32F401xC -DSTM32F401CCUx -DSTM32 -DSTM32F4 -c -I../Inc -I"E:/Practical-Project/STM32_Workspase/STM32F401_GPIO/Lib" -I"E:/Practical-Project/STM32_Workspase/STM32F401_GPIO/Lib/delay" -I"E:/Practical-Project/STM32_Workspase/STM32F401_GPIO/CMSIS/Inc" -O0 -ffunction-sections -fdata-sections -Wall -fstack-usage -MMD -MP -MF"Src/syscalls.d" -MT"Src/syscalls.o" --specs=nano.specs -mfpu=fpv4-sp-d16 -mfloat-abi=hard -mthumb -o "Src/syscalls.o"
arm-none-eabi-gcc "../Src/sysmem.c" -mcpu=cortex-m4 -std=gnu11 -g3 -DDEBUG -DSTM32F401xC -DSTM32F401CCUx -DSTM32 -DSTM32F4 -c -I../Inc -I"E:/Practical-Project/STM32_Workspase/STM32F401_GPIO/Lib" -I"E:/Practical-Project/STM32_Workspase/STM32F401_GPIO/Lib/delay" -I"E:/Practical-Project/STM32_Workspase/STM32F401_GPIO/CMSIS/Inc" -O0 -ffunction-sections -fdata-sections -Wall -fstack-usage -MMD -MP -MF"Src/sysmem.d" -MT"Src/sysmem.o" --specs=nano.specs -mfpu=fpv4-sp-d16 -mfloat-abi=hard -mthumb -o "Src/sysmem.o"
arm-none-eabi-gcc "../Lib/delay/delay.c" -mcpu=cortex-m4 -std=gnu11 -g3 -DDEBUG -DSTM32F401xC -DSTM32F401CCUx -DSTM32 -DSTM32F4 -c -I../Inc -I"E:/Practical-Project/STM32_Workspase/STM32F401_GPIO/Lib" -I"E:/Practical-Project/STM32_Workspase/STM32F401_GPIO/Lib/delay" -I"E:/Practical-Project/STM32_Workspase/STM32F401_GPIO/CMSIS/Inc" -I"E:/Practical-Project/STM32_Workspase/STM32F401_GPIO/Lib/delay" -O0 -ffunction-sections -fdata-sections -Wall -fstack-usage -MMD -MP -MF"Lib/delay/delay.d" -MT"Lib/delay/delay.o" --specs=nano.specs -mfpu=fpv4-sp-d16 -mfloat-abi=hard -mthumb -o "Lib/delay/delay.o"
arm-none-eabi-gcc "../CMSIS/Src/system_stm32f4xx.c" -mcpu=cortex-m4 -std=gnu11 -g3 -DDEBUG -DSTM32F401xC -DSTM32F401CCUx -DSTM32 -DSTM32F4 -c -I../Inc -I"E:/Practical-Project/STM32_Workspase/STM32F401_GPIO/Lib" -I"E:/Practical-Project/STM32_Workspase/STM32F401_GPIO/Lib/delay" -I"E:/Practical-Project/STM32_Workspase/STM32F401_GPIO/CMSIS/Inc" -O0 -ffunction-sections -fdata-sections -Wall -fstack-usage -MMD -MP -MF"CMSIS/Src/system_stm32f4xx.d" -MT"CMSIS/Src/system_stm32f4xx.o" --specs=nano.specs -mfpu=fpv4-sp-d16 -mfloat-abi=hard -mthumb -o "CMSIS/Src/system_stm32f4xx.o"
In file included from ../Lib/delay/delay.c:8:
../Lib/delay/delay.h:11:15: error: unknown type name 'uint32_t'
   11 | void delay_us(uint32_t us);
      |               ^~~~~~~~
../Lib/delay/delay.h:12:15: error: unknown type name 'uint32_t'
   12 | void delay_ms(uint32_t ms);
      |               ^~~~~~~~
../Lib/delay/delay.c:10:17: error: unknown type name 'uint32_t'
   10 | static volatile uint32_t usTicks;
      |                 ^~~~~~~~
../Lib/delay/delay.c:18:15: error: unknown type name 'uint32_t'
   18 | void delay_us(uint32_t us)
      |               ^~~~~~~~
../Lib/delay/delay.c:28:15: error: unknown type name 'uint32_t'
   28 | void delay_ms(uint32_t ms)
      |               ^~~~~~~~
make: *** [Lib/delay/subdir.mk:19: Lib/delay/delay.o] Error 1
make: *** Waiting for unfinished jobs....
"make -j8 all" terminated with exit code 2. Build might be incomplete.
16:08:16 **** Incremental Build of configuration Debug for project STM32F401_GPIO ****
make -j8 all 
arm-none-eabi-gcc "../Src/main.c" -mcpu=cortex-m4 -std=gnu11 -g3 -DDEBUG -DSTM32F401xC -DSTM32F401CCUx -DSTM32 -DSTM32F4 -c -I../Inc -I"E:/Practical-Project/STM32_Workspase/STM32F401_GPIO/Lib" -I"E:/Practical-Project/STM32_Workspase/STM32F401_GPIO/Lib/delay" -I"E:/Practical-Project/STM32_Workspase/STM32F401_GPIO/CMSIS/Inc" -O0 -ffunction-sections -fdata-sections -Wall -fstack-usage -MMD -MP -MF"Src/main.d" -MT"Src/main.o" --specs=nano.specs -mfpu=fpv4-sp-d16 -mfloat-abi=hard -mthumb -o "Src/main.o"
arm-none-eabi-gcc "../Lib/delay/delay.c" -mcpu=cortex-m4 -std=gnu11 -g3 -DDEBUG -DSTM32F401xC -DSTM32F401CCUx -DSTM32 -DSTM32F4 -c -I../Inc -I"E:/Practical-Project/STM32_Workspase/STM32F401_GPIO/Lib" -I"E:/Practical-Project/STM32_Workspase/STM32F401_GPIO/Lib/delay" -I"E:/Practical-Project/STM32_Workspase/STM32F401_GPIO/CMSIS/Inc" -I"E:/Practical-Project/STM32_Workspase/STM32F401_GPIO/Lib/delay" -O0 -ffunction-sections -fdata-sections -Wall -fstack-usage -MMD -MP -MF"Lib/delay/delay.d" -MT"Lib/delay/delay.o" --specs=nano.specs -mfpu=fpv4-sp-d16 -mfloat-abi=hard -mthumb -o "Lib/delay/delay.o"
../Lib/delay/delay.c: In function 'delay_ms':
../Lib/delay/delay.c:34:3: warning: implicit declaration of function 'DelayUs' [-Wimplicit-function-declaration]
   34 |   DelayUs(1000);
      |   ^~~~~~~
arm-none-eabi-gcc -o "STM32F401_GPIO.elf" @"objects.list"   -mcpu=cortex-m4 -T"E:\Practical-Project\STM32_Workspase\STM32F401_GPIO\STM32F401CCUX_FLASH.ld" --specs=nosys.specs -Wl,-Map="STM32F401_GPIO.map" -Wl,--gc-sections -static --specs=nano.specs -mfpu=fpv4-sp-d16 -mfloat-abi=hard -mthumb -Wl,--start-group -lc -lm -Wl,--end-group
Finished building target: STM32F401_GPIO.elf
 
arm-none-eabi-size   STM32F401_GPIO.elf 
arm-none-eabi-objdump -h -S  STM32F401_GPIO.elf  > "STM32F401_GPIO.list"
   text	   data	    bss	    dec	    hex	filename
    952	     12	   1572	   2536	    9e8	STM32F401_GPIO.elf
Finished building: default.size.stdout
 
Finished building: STM32F401_GPIO.list
 
16:08:32 **** Incremental Build of configuration Debug for project STM32F401_GPIO ****
make -j8 all 
arm-none-eabi-gcc "../Lib/delay/delay.c" -mcpu=cortex-m4 -std=gnu11 -g3 -DDEBUG -DSTM32F401xC -DSTM32F401CCUx -DSTM32 -DSTM32F4 -c -I../Inc -I"E:/Practical-Project/STM32_Workspase/STM32F401_GPIO/Lib" -I"E:/Practical-Project/STM32_Workspase/STM32F401_GPIO/Lib/delay" -I"E:/Practical-Project/STM32_Workspase/STM32F401_GPIO/CMSIS/Inc" -I"E:/Practical-Project/STM32_Workspase/STM32F401_GPIO/Lib/delay" -O0 -ffunction-sections -fdata-sections -Wall -fstack-usage -MMD -MP -MF"Lib/delay/delay.d" -MT"Lib/delay/delay.o" --specs=nano.specs -mfpu=fpv4-sp-d16 -mfloat-abi=hard -mthumb -o "Lib/delay/delay.o"
arm-none-eabi-gcc -o "STM32F401_GPIO.elf" @"objects.list"   -mcpu=cortex-m4 -T"E:\Practical-Project\STM32_Workspase\STM32F401_GPIO\STM32F401CCUX_FLASH.ld" --specs=nosys.specs -Wl,-Map="STM32F401_GPIO.map" -Wl,--gc-sections -static --specs=nano.specs -mfpu=fpv4-sp-d16 -mfloat-abi=hard -mthumb -Wl,--start-group -lc -lm -Wl,--end-group
Finished building target: STM32F401_GPIO.elf
 
arm-none-eabi-size   STM32F401_GPIO.elf 
arm-none-eabi-objdump -h -S  STM32F401_GPIO.elf  > "STM32F401_GPIO.list"
   text	   data	    bss	    dec	    hex	filename
    952	     12	   1572	   2536	    9e8	STM32F401_GPIO.elf
Finished building: default.size.stdout
 
Finished building: STM32F401_GPIO.list
 
16:08:55 **** Clean-only build of configuration Debug for project STM32F401_GPIO ****
make -j8 clean 
rm -rf ./Startup/startup_stm32f401ccux.d ./Startup/startup_stm32f401ccux.o
rm -rf ./Src/main.d ./Src/main.o ./Src/main.su ./Src/syscalls.d ./Src/syscalls.o ./Src/syscalls.su ./Src/sysmem.d ./Src/sysmem.o ./Src/sysmem.su
rm -rf ./Lib/delay/delay.d ./Lib/delay/delay.o ./Lib/delay/delay.su
rm -rf ./CMSIS/Src/system_stm32f4xx.d ./CMSIS/Src/system_stm32f4xx.o ./CMSIS/Src/system_stm32f4xx.su
rm -rf STM32F401_GPIO.elf STM32F401_GPIO.list STM32F401_GPIO.map default.size.stdout
 
16:08:56 **** Incremental Build of configuration Debug for project STM32F401_GPIO ****
make -j8 all 
arm-none-eabi-gcc -mcpu=cortex-m4 -g3 -DDEBUG -c -x assembler-with-cpp -MMD -MP -MF"Startup/startup_stm32f401ccux.d" -MT"Startup/startup_stm32f401ccux.o" --specs=nano.specs -mfpu=fpv4-sp-d16 -mfloat-abi=hard -mthumb -o "Startup/startup_stm32f401ccux.o" "../Startup/startup_stm32f401ccux.s"
arm-none-eabi-gcc "../Src/main.c" -mcpu=cortex-m4 -std=gnu11 -g3 -DDEBUG -DSTM32F401xC -DSTM32F401CCUx -DSTM32 -DSTM32F4 -c -I../Inc -I"E:/Practical-Project/STM32_Workspase/STM32F401_GPIO/Lib" -I"E:/Practical-Project/STM32_Workspase/STM32F401_GPIO/Lib/delay" -I"E:/Practical-Project/STM32_Workspase/STM32F401_GPIO/CMSIS/Inc" -O0 -ffunction-sections -fdata-sections -Wall -fstack-usage -MMD -MP -MF"Src/main.d" -MT"Src/main.o" --specs=nano.specs -mfpu=fpv4-sp-d16 -mfloat-abi=hard -mthumb -o "Src/main.o"
arm-none-eabi-gcc "../Src/syscalls.c" -mcpu=cortex-m4 -std=gnu11 -g3 -DDEBUG -DSTM32F401xC -DSTM32F401CCUx -DSTM32 -DSTM32F4 -c -I../Inc -I"E:/Practical-Project/STM32_Workspase/STM32F401_GPIO/Lib" -I"E:/Practical-Project/STM32_Workspase/STM32F401_GPIO/Lib/delay" -I"E:/Practical-Project/STM32_Workspase/STM32F401_GPIO/CMSIS/Inc" -O0 -ffunction-sections -fdata-sections -Wall -fstack-usage -MMD -MP -MF"Src/syscalls.d" -MT"Src/syscalls.o" --specs=nano.specs -mfpu=fpv4-sp-d16 -mfloat-abi=hard -mthumb -o "Src/syscalls.o"
arm-none-eabi-gcc "../Src/sysmem.c" -mcpu=cortex-m4 -std=gnu11 -g3 -DDEBUG -DSTM32F401xC -DSTM32F401CCUx -DSTM32 -DSTM32F4 -c -I../Inc -I"E:/Practical-Project/STM32_Workspase/STM32F401_GPIO/Lib" -I"E:/Practical-Project/STM32_Workspase/STM32F401_GPIO/Lib/delay" -I"E:/Practical-Project/STM32_Workspase/STM32F401_GPIO/CMSIS/Inc" -O0 -ffunction-sections -fdata-sections -Wall -fstack-usage -MMD -MP -MF"Src/sysmem.d" -MT"Src/sysmem.o" --specs=nano.specs -mfpu=fpv4-sp-d16 -mfloat-abi=hard -mthumb -o "Src/sysmem.o"
arm-none-eabi-gcc "../CMSIS/Src/system_stm32f4xx.c" -mcpu=cortex-m4 -std=gnu11 -g3 -DDEBUG -DSTM32F401xC -DSTM32F401CCUx -DSTM32 -DSTM32F4 -c -I../Inc -I"E:/Practical-Project/STM32_Workspase/STM32F401_GPIO/Lib" -I"E:/Practical-Project/STM32_Workspase/STM32F401_GPIO/Lib/delay" -I"E:/Practical-Project/STM32_Workspase/STM32F401_GPIO/CMSIS/Inc" -O0 -ffunction-sections -fdata-sections -Wall -fstack-usage -MMD -MP -MF"CMSIS/Src/system_stm32f4xx.d" -MT"CMSIS/Src/system_stm32f4xx.o" --specs=nano.specs -mfpu=fpv4-sp-d16 -mfloat-abi=hard -mthumb -o "CMSIS/Src/system_stm32f4xx.o"
arm-none-eabi-gcc -o "STM32F401_GPIO.elf" @"objects.list"   -mcpu=cortex-m4 -T"E:\Practical-Project\STM32_Workspase\STM32F401_GPIO\STM32F401CCUX_FLASH.ld" --specs=nosys.specs -Wl,-Map="STM32F401_GPIO.map" -Wl,--gc-sections -static --specs=nano.specs -mfpu=fpv4-sp-d16 -mfloat-abi=hard -mthumb -Wl,--start-group -lc -lm -Wl,--end-group
c:\st\stm32cubeide_1.11.2\stm32cubeide\plugins\com.st.stm32cube.ide.mcu.externaltools.gnu-tools-for-stm32.10.3-2021.10.win32_1.0.100.202210260954\tools\arm-none-eabi\bin\ld.exe: ./Src/main.o: in function `main':
E:/Practical-Project/STM32_Workspase/STM32F401_GPIO/Debug/../Src/main.c:28: undefined reference to `delay_us'
collect2.exe: error: ld returned 1 exit status
make: *** [makefile:64: STM32F401_GPIO.elf] Error 1
"make -j8 all" terminated with exit code 2. Build might be incomplete.
16:09:30 **** Clean-only build of configuration Debug for project STM32F401_GPIO ****
make -j8 clean 
rm -rf ./Startup/startup_stm32f401ccux.d ./Startup/startup_stm32f401ccux.o
rm -rf ./Src/main.d ./Src/main.o ./Src/main.su ./Src/syscalls.d ./Src/syscalls.o ./Src/syscalls.su ./Src/sysmem.d ./Src/sysmem.o ./Src/sysmem.su
rm -rf ./CMSIS/Src/system_stm32f4xx.d ./CMSIS/Src/system_stm32f4xx.o ./CMSIS/Src/system_stm32f4xx.su
rm -rf STM32F401_GPIO.elf STM32F401_GPIO.list STM32F401_GPIO.map default.size.stdout
 
16:09:31 **** Incremental Build of configuration Debug for project STM32F401_GPIO ****
make -j8 all 
arm-none-eabi-gcc -mcpu=cortex-m4 -g3 -DDEBUG -c -x assembler-with-cpp -MMD -MP -MF"Startup/startup_stm32f401ccux.d" -MT"Startup/startup_stm32f401ccux.o" --specs=nano.specs -mfpu=fpv4-sp-d16 -mfloat-abi=hard -mthumb -o "Startup/startup_stm32f401ccux.o" "../Startup/startup_stm32f401ccux.s"
arm-none-eabi-gcc "../Src/main.c" -mcpu=cortex-m4 -std=gnu11 -g3 -DDEBUG -DSTM32F401xC -DSTM32F401CCUx -DSTM32 -DSTM32F4 -c -I../Inc -I"E:/Practical-Project/STM32_Workspase/STM32F401_GPIO/Lib" -I"E:/Practical-Project/STM32_Workspase/STM32F401_GPIO/Lib/delay" -I"E:/Practical-Project/STM32_Workspase/STM32F401_GPIO/CMSIS/Inc" -O0 -ffunction-sections -fdata-sections -Wall -fstack-usage -MMD -MP -MF"Src/main.d" -MT"Src/main.o" --specs=nano.specs -mfpu=fpv4-sp-d16 -mfloat-abi=hard -mthumb -o "Src/main.o"
arm-none-eabi-gcc "../Src/syscalls.c" -mcpu=cortex-m4 -std=gnu11 -g3 -DDEBUG -DSTM32F401xC -DSTM32F401CCUx -DSTM32 -DSTM32F4 -c -I../Inc -I"E:/Practical-Project/STM32_Workspase/STM32F401_GPIO/Lib" -I"E:/Practical-Project/STM32_Workspase/STM32F401_GPIO/Lib/delay" -I"E:/Practical-Project/STM32_Workspase/STM32F401_GPIO/CMSIS/Inc" -O0 -ffunction-sections -fdata-sections -Wall -fstack-usage -MMD -MP -MF"Src/syscalls.d" -MT"Src/syscalls.o" --specs=nano.specs -mfpu=fpv4-sp-d16 -mfloat-abi=hard -mthumb -o "Src/syscalls.o"
arm-none-eabi-gcc "../Src/sysmem.c" -mcpu=cortex-m4 -std=gnu11 -g3 -DDEBUG -DSTM32F401xC -DSTM32F401CCUx -DSTM32 -DSTM32F4 -c -I../Inc -I"E:/Practical-Project/STM32_Workspase/STM32F401_GPIO/Lib" -I"E:/Practical-Project/STM32_Workspase/STM32F401_GPIO/Lib/delay" -I"E:/Practical-Project/STM32_Workspase/STM32F401_GPIO/CMSIS/Inc" -O0 -ffunction-sections -fdata-sections -Wall -fstack-usage -MMD -MP -MF"Src/sysmem.d" -MT"Src/sysmem.o" --specs=nano.specs -mfpu=fpv4-sp-d16 -mfloat-abi=hard -mthumb -o "Src/sysmem.o"
arm-none-eabi-gcc "../Lib/delay/delay.c" -mcpu=cortex-m4 -std=gnu11 -g3 -DDEBUG -DSTM32F401xC -DSTM32F401CCUx -DSTM32 -DSTM32F4 -c -I../Inc -I"E:/Practical-Project/STM32_Workspase/STM32F401_GPIO/Lib" -I"E:/Practical-Project/STM32_Workspase/STM32F401_GPIO/Lib/delay" -I"E:/Practical-Project/STM32_Workspase/STM32F401_GPIO/CMSIS/Inc" -I"E:/Practical-Project/STM32_Workspase/STM32F401_GPIO/Lib/delay" -O0 -ffunction-sections -fdata-sections -Wall -fstack-usage -MMD -MP -MF"Lib/delay/delay.d" -MT"Lib/delay/delay.o" --specs=nano.specs -mfpu=fpv4-sp-d16 -mfloat-abi=hard -mthumb -o "Lib/delay/delay.o"
arm-none-eabi-gcc "../CMSIS/Src/system_stm32f4xx.c" -mcpu=cortex-m4 -std=gnu11 -g3 -DDEBUG -DSTM32F401xC -DSTM32F401CCUx -DSTM32 -DSTM32F4 -c -I../Inc -I"E:/Practical-Project/STM32_Workspase/STM32F401_GPIO/Lib" -I"E:/Practical-Project/STM32_Workspase/STM32F401_GPIO/Lib/delay" -I"E:/Practical-Project/STM32_Workspase/STM32F401_GPIO/CMSIS/Inc" -O0 -ffunction-sections -fdata-sections -Wall -fstack-usage -MMD -MP -MF"CMSIS/Src/system_stm32f4xx.d" -MT"CMSIS/Src/system_stm32f4xx.o" --specs=nano.specs -mfpu=fpv4-sp-d16 -mfloat-abi=hard -mthumb -o "CMSIS/Src/system_stm32f4xx.o"
arm-none-eabi-gcc -o "STM32F401_GPIO.elf" @"objects.list"   -mcpu=cortex-m4 -T"E:\Practical-Project\STM32_Workspase\STM32F401_GPIO\STM32F401CCUX_FLASH.ld" --specs=nosys.specs -Wl,-Map="STM32F401_GPIO.map" -Wl,--gc-sections -static --specs=nano.specs -mfpu=fpv4-sp-d16 -mfloat-abi=hard -mthumb -Wl,--start-group -lc -lm -Wl,--end-group
Finished building target: STM32F401_GPIO.elf
 
arm-none-eabi-size   STM32F401_GPIO.elf 
arm-none-eabi-objdump -h -S  STM32F401_GPIO.elf  > "STM32F401_GPIO.list"
   text	   data	    bss	    dec	    hex	filename
    952	     12	   1572	   2536	    9e8	STM32F401_GPIO.elf
Finished building: default.size.stdout
 
Finished building: STM32F401_GPIO.list
 
16:09:38 **** Incremental Build of configuration Debug for project STM32F401_GPIO ****
make -j8 all 
arm-none-eabi-gcc "../Src/main.c" -mcpu=cortex-m4 -std=gnu11 -g3 -DDEBUG -DSTM32F401xC -DSTM32F401CCUx -DSTM32 -DSTM32F4 -c -I../Inc -I"E:/Practical-Project/STM32_Workspase/STM32F401_GPIO/Lib" -I"E:/Practical-Project/STM32_Workspase/STM32F401_GPIO/Lib/delay" -I"E:/Practical-Project/STM32_Workspase/STM32F401_GPIO/CMSIS/Inc" -O0 -ffunction-sections -fdata-sections -Wall -fstack-usage -MMD -MP -MF"Src/main.d" -MT"Src/main.o" --specs=nano.specs -mfpu=fpv4-sp-d16 -mfloat-abi=hard -mthumb -o "Src/main.o"
[...]
   11 | class DeviceIO
      | ^~~~~
E:/Practical-Project/STM32_Workspase/001_STM32F401_GPIO_OUT_PUT/Drivers/DeviceIO.h:12:1: error: expected '=', ',', ';', 'asm' or '__attribute__' before '{' token
   12 | {
      | ^
make: *** [Src/subdir.mk:28: Src/main.o] Error 1
make: *** Waiting for unfinished jobs....
"make -j8 all" terminated with exit code 2. Build might be incomplete.
12:26:07 **** Incremental Build of configuration Debug for project 001_STM32F401_GPIO ****
make -j8 all 
arm-none-eabi-gcc "../Src/main.c" -mcpu=cortex-m4 -std=gnu11 -g3 -DDEBUG -DSTM32F401xC -DSTM32F401CCUx -DSTM32 -DSTM32F4 -c -I../Inc -I"E:/Practical-Project/STM32_Workspase/001_STM32F401_GPIO_OUT_PUT/Drivers" -I"E:/Practical-Project/STM32_Workspase/001_STM32F401_GPIO_OUT_PUT/CMSIS/Inc" -O0 -ffunction-sections -fdata-sections -Wall -fstack-usage -MMD -MP -MF"Src/main.d" -MT"Src/main.o" --specs=nano.specs -mfpu=fpv4-sp-d16 -mfloat-abi=hard -mthumb -o "Src/main.o"
arm-none-eabi-g++ -o "001_STM32F401_GPIO.elf" @"objects.list"   -mcpu=cortex-m4 -T"E:\Practical-Project\STM32_Workspase\001_STM32F401_GPIO_OUT_PUT\STM32F401CCUX_FLASH.ld" --specs=nosys.specs -Wl,-Map="001_STM32F401_GPIO.map" -Wl,--gc-sections -static --specs=nano.specs -mfpu=fpv4-sp-d16 -mfloat-abi=hard -mthumb -Wl,--start-group -lc -lm -lstdc++ -lsupc++ -Wl,--end-group
Finished building target: 001_STM32F401_GPIO.elf
 
arm-none-eabi-size   001_STM32F401_GPIO.elf 
arm-none-eabi-objdump -h -S  001_STM32F401_GPIO.elf  > "001_STM32F401_GPIO.list"
   text	   data	    bss	    dec	    hex	filename
   1500	     12	   1572	   3084	    c0c	001_STM32F401_GPIO.elf
Finished building: default.size.stdout
 
Finished building: 001_STM32F401_GPIO.list
 
12:26:22 **** Incremental Build of configuration Debug for project 001_STM32F401_GPIO ****
make -j8 all 
arm-none-eabi-gcc "../Src/GPIO.c" -mcpu=cortex-m4 -std=gnu11 -g3 -DDEBUG -DSTM32F401xC -DSTM32F401CCUx -DSTM32 -DSTM32F4 -c -I../Inc -I"E:/Practical-Project/STM32_Workspase/001_STM32F401_GPIO_OUT_PUT/Drivers" -I"E:/Practical-Project/STM32_Workspase/001_STM32F401_GPIO_OUT_PUT/CMSIS/Inc" -O0 -ffunction-sections -fdata-sections -Wall -fstack-usage -MMD -MP -MF"Src/GPIO.d" -MT"Src/GPIO.o" --specs=nano.specs -mfpu=fpv4-sp-d16 -mfloat-abi=hard -mthumb -o "Src/GPIO.o"
arm-none-eabi-g++ "../Src/main.cpp" -mcpu=cortex-m4 -std=gnu++14 -g3 -DDEBUG -DSTM32F401xC -DSTM32F401CCUx -DSTM32 -DSTM32F4 -c -I../Inc -I"E:/Practical-Project/STM32_Workspase/001_STM32F401_GPIO_OUT_PUT/Drivers" -I"E:/Practical-Project/STM32_Workspase/001_STM32F401_GPIO_OUT_PUT/CMSIS/Inc" -O0 -ffunction-sections -fdata-sections -fno-exceptions -fno-rtti -fno-use-cxa-atexit -Wall -fstack-usage -MMD -MP -MF"Src/main.d" -MT"Src/main.o" --specs=nano.specs -mfpu=fpv4-sp-d16 -mfloat-abi=hard -mthumb -o "Src/main.o"
arm-none-eabi-gcc "../Src/syscalls.c" -mcpu=cortex-m4 -std=gnu11 -g3 -DDEBUG -DSTM32F401xC -DSTM32F401CCUx -DSTM32 -DSTM32F4 -c -I../Inc -I"E:/Practical-Project/STM32_Workspase/001_STM32F401_GPIO_OUT_PUT/Drivers" -I"E:/Practical-Project/STM32_Workspase/001_STM32F401_GPIO_OUT_PUT/CMSIS/Inc" -O0 -ffunction-sections -fdata-sections -Wall -fstack-usage -MMD -MP -MF"Src/syscalls.d" -MT"Src/syscalls.o" --specs=nano.specs -mfpu=fpv4-sp-d16 -mfloat-abi=hard -mthumb -o "Src/syscalls.o"
arm-none-eabi-gcc "../Src/sysmem.c" -mcpu=cortex-m4 -std=gnu11 -g3 -DDEBUG -DSTM32F401xC -DSTM32F401CCUx -DSTM32 -DSTM32F4 -c -I../Inc -I"E:/Practical-Project/STM32_Workspase/001_STM32F401_GPIO_OUT_PUT/Drivers" -I"E:/Practical-Project/STM32_Workspase/001_STM32F401_GPIO_OUT_PUT/CMSIS/Inc" -O0 -ffunction-sections -fdata-sections -Wall -fstack-usage -MMD -MP -MF"Src/sysmem.d" -MT"Src/sysmem.o" --specs=nano.specs -mfpu=fpv4-sp-d16 -mfloat-abi=hard -mthumb -o "Src/sysmem.o"
arm-none-eabi-g++ -o "001_STM32F401_GPIO.elf" @"objects.list"   -mcpu=cortex-m4 -T"E:\Practical-Project\STM32_Workspase\001_STM32F401_GPIO_OUT_PUT\STM32F401CCUX_FLASH.ld" --specs=nosys.specs -Wl,-Map="001_STM32F401_GPIO.map" -Wl,--gc-sections -static --specs=nano.specs -mfpu=fpv4-sp-d16 -mfloat-abi=hard -mthumb -Wl,--start-group -lc -lm -lstdc++ -lsupc++ -Wl,--end-group
c:\st\stm32cubeide_1.11.2\stm32cubeide\plugins\com.st.stm32cube.ide.mcu.externaltools.gnu-tools-for-stm32.10.3-2021.10.win32_1.0.100.202210260954\tools\arm-none-eabi\bin\ld.exe: ./Src/main.o: in function `main':
E:/Practical-Project/STM32_Workspase/001_STM32F401_GPIO_OUT_PUT/Debug/../Src/main.cpp:58: undefined reference to `gpio_port_init(GPIO_TypeDef*, Ts_GPIO_Handel*)'
c:\st\stm32cubeide_1.11.2\stm32cubeide\plugins\com.st.stm32cube.ide.mcu.externaltools.gnu-tools-for-stm32.10.3-2021.10.win32_1.0.100.202210260954\tools\arm-none-eabi\bin\ld.exe: E:/Practical-Project/STM32_Workspase/001_STM32F401_GPIO_OUT_PUT/Debug/../Src/main.cpp:65: undefined reference to `gpio_port_init(GPIO_TypeDef*, Ts_GPIO_Handel*)'
c:\st\stm32cubeide_1.11.2\stm32cubeide\plugins\com.st.stm32cube.ide.mcu.externaltools.gnu-tools-for-stm32.10.3-2021.10.win32_1.0.100.202210260954\tools\arm-none-eabi\bin\ld.exe: E:/Practical-Project/STM32_Workspase/001_STM32F401_GPIO_OUT_PUT/Debug/../Src/main.cpp:66: undefined reference to `gpio_write_pin(GPIO_TypeDef*, unsigned long, Te_Pin_State)'
c:\st\stm32cubeide_1.11.2\stm32cubeide\plugins\com.st.stm32cube.ide.mcu.externaltools.gnu-tools-for-stm32.10.3-2021.10.win32_1.0.100.202210260954\tools\arm-none-eabi\bin\ld.exe: E:/Practical-Project/STM32_Workspase/001_STM32F401_GPIO_OUT_PUT/Debug/../Src/main.cpp:70: undefined reference to `gpio_read_pin(GPIO_TypeDef*, unsigned long)'
c:\st\stm32cubeide_1.11.2\stm32cubeide\plugins\com.st.stm32cube.ide.mcu.externaltools.gnu-tools-for-stm32.10.3-2021.10.win32_1.0.100.202210260954\tools\arm-none-eabi\bin\ld.exe: E:/Practical-Project/STM32_Workspase/001_STM32F401_GPIO_OUT_PUT/Debug/../Src/main.cpp:72: undefined reference to `gpio_write_pin(GPIO_TypeDef*, unsigned long, Te_Pin_State)'
c:\st\stm32cubeide_1.11.2\stm32cubeide\plugins\com.st.stm32cube.ide.mcu.externaltools.gnu-tools-for-stm32.10.3-2021.10.win32_1.0.100.202210260954\tools\arm-none-eabi\bin\ld.exe: E:/Practical-Project/STM32_Workspase/001_STM32F401_GPIO_OUT_PUT/Debug/../Src/main.cpp:76: undefined reference to `gpio_write_pin(GPIO_TypeDef*, unsigned long, Te_Pin_State)'
collect2.exe: error: ld returned 1 exit status
make: *** [makefile:79: 001_STM32F401_GPIO.elf] Error 1
"make -j8 all" terminated with exit code 2. Build might be incomplete.
12:26:44 **** Incremental Build of configuration Debug for project 001_STM32F401_GPIO ****
make -j8 all 
arm-none-eabi-g++ "../Src/GPIO.cpp" -mcpu=cortex-m4 -std=gnu++14 -g3 -DDEBUG -DSTM32F401xC -DSTM32F401CCUx -DSTM32 -DSTM32F4 -c -I../Inc -I"E:/Practical-Project/STM32_Workspase/001_STM32F401_GPIO_OUT_PUT/Drivers" -I"E:/Practical-Project/STM32_Workspase/001_STM32F401_GPIO_OUT_PUT/CMSIS/Inc" -O0 -ffunction-sections -fdata-sections -fno-exceptions -fno-rtti -fno-use-cxa-atexit -Wall -fstack-usage -MMD -MP -MF"Src/GPIO.d" -MT"Src/GPIO.o" --specs=nano.specs -mfpu=fpv4-sp-d16 -mfloat-abi=hard -mthumb -o "Src/GPIO.o"
arm-none-eabi-g++ "../Src/main.cpp" -mcpu=cortex-m4 -std=gnu++14 -g3 -DDEBUG -DSTM32F401xC -DSTM32F401CCUx -DSTM32 -DSTM32F4 -c -I../Inc -I"E:/Practical-Project/STM32_Workspase/001_STM32F401_GPIO_OUT_PUT/Drivers" -I"E:/Practical-Project/STM32_Workspase/001_STM32F401_GPIO_OUT_PUT/CMSIS/Inc" -O0 -ffunction-sections -fdata-sections -fno-exceptions -fno-rtti -fno-use-cxa-atexit -Wall -fstack-usage -MMD -MP -MF"Src/main.d" -MT"Src/main.o" --specs=nano.specs -mfpu=fpv4-sp-d16 -mfloat-abi=hard -mthumb -o "Src/main.o"
arm-none-eabi-gcc "../Src/syscalls.c" -mcpu=cortex-m4 -std=gnu11 -g3 -DDEBUG -DSTM32F401xC -DSTM32F401CCUx -DSTM32 -DSTM32F4 -c -I../Inc -I"E:/Practical-Project/STM32_Workspase/001_STM32F401_GPIO_OUT_PUT/Drivers" -I"E:/Practical-Project/STM32_Workspase/001_STM32F401_GPIO_OUT_PUT/CMSIS/Inc" -O0 -ffunction-sections -fdata-sections -Wall -fstack-usage -MMD -MP -MF"Src/syscalls.d" -MT"Src/syscalls.o" --specs=nano.specs -mfpu=fpv4-sp-d16 -mfloat-abi=hard -mthumb -o "Src/syscalls.o"
arm-none-eabi-gcc "../Src/sysmem.c" -mcpu=cortex-m4 -std=gnu11 -g3 -DDEBUG -DSTM32F401xC -DSTM32F401CCUx -DSTM32 -DSTM32F4 -c -I../Inc -I"E:/Practical-Project/STM32_Workspase/001_STM32F401_GPIO_OUT_PUT/Drivers" -I"E:/Practical-Project/STM32_Workspase/001_STM32F401_GPIO_OUT_PUT/CMSIS/Inc" -O0 -ffunction-sections -fdata-sections -Wall -fstack-usage -MMD -MP -MF"Src/sysmem.d" -MT"Src/sysmem.o" --specs=nano.specs -mfpu=fpv4-sp-d16 -mfloat-abi=hard -mthumb -o "Src/sysmem.o"
arm-none-eabi-g++ -o "001_STM32F401_GPIO.elf" @"objects.list"   -mcpu=cortex-m4 -T"E:\Practical-Project\STM32_Workspase\001_STM32F401_GPIO_OUT_PUT\STM32F401CCUX_FLASH.ld" --specs=nosys.specs -Wl,-Map="001_STM32F401_GPIO.map" -Wl,--gc-sections -static --specs=nano.specs -mfpu=fpv4-sp-d16 -mfloat-abi=hard -mthumb -Wl,--start-group -lc -lm -lstdc++ -lsupc++ -Wl,--end-group
Finished building target: 001_STM32F401_GPIO.elf
 
arm-none-eabi-size   001_STM32F401_GPIO.elf 
arm-none-eabi-objdump -h -S  001_STM32F401_GPIO.elf  > "001_STM32F401_GPIO.list"
   text	   data	    bss	    dec	    hex	filename
   1496	     12	   1564	   3072	    c00	001_STM32F401_GPIO.elf
Finished building: default.size.stdout
 
Finished building: 001_STM32F401_GPIO.list
 
12:26:55 **** Incremental Build of configuration Debug for project 001_STM32F401_GPIO ****
make -j8 all 
arm-none-eabi-gcc "../Src/GPIO.c" -mcpu=cortex-m4 -std=gnu11 -g3 -DDEBUG -DSTM32F401xC -DSTM32F401CCUx -DSTM32 -DSTM32F4 -c -I../Inc -I"E:/Practical-Project/STM32_Workspase/001_STM32F401_GPIO_OUT_PUT/Drivers" -I"E:/Practical-Project/STM32_Workspase/001_STM32F401_GPIO_OUT_PUT/CMSIS/Inc" -O0 -ffunction-sections -fdata-sections -Wall -fstack-usage -MMD -MP -MF"Src/GPIO.d" -MT"Src/GPIO.o" --specs=nano.specs -mfpu=fpv4-sp-d16 -mfloat-abi=hard -mthumb -o "Src/GPIO.o"
arm-none-eabi-g++ "../Src/main.cpp" -mcpu=cortex-m4 -std=gnu++14 -g3 -DDEBUG -DSTM32F401xC -DSTM32F401CCUx -DSTM32 -DSTM32F4 -c -I../Inc -I"E:/Practical-Project/STM32_Workspase/001_STM32F401_GPIO_OUT_PUT/Drivers" -I"E:/Practical-Project/STM32_Workspase/001_STM32F401_GPIO_OUT_PUT/CMSIS/Inc" -O0 -ffunction-sections -fdata-sections -fno-exceptions -fno-rtti -fno-use-cxa-atexit -Wall -fstack-usage -MMD -MP -MF"Src/main.d" -MT"Src/main.o" --specs=nano.specs -mfpu=fpv4-sp-d16 -mfloat-abi=hard -mthumb -o "Src/main.o"
arm-none-eabi-gcc "../Src/syscalls.c" -mcpu=cortex-m4 -std=gnu11 -g3 -DDEBUG -DSTM32F401xC -DSTM32F401CCUx -DSTM32 -DSTM32F4 -c -I../Inc -I"E:/Practical-Project/STM32_Workspase/001_STM32F401_GPIO_OUT_PUT/Drivers" -I"E:/Practical-Project/STM32_Workspase/001_STM32F401_GPIO_OUT_PUT/CMSIS/Inc" -O0 -ffunction-sections -fdata-sections -Wall -fstack-usage -MMD -MP -MF"Src/syscalls.d" -MT"Src/syscalls.o" --specs=nano.specs -mfpu=fpv4-sp-d16 -mfloat-abi=hard -mthumb -o "Src/syscalls.o"
arm-none-eabi-gcc "../Src/sysmem.c" -mcpu=cortex-m4 -std=gnu11 -g3 -DDEBUG -DSTM32F401xC -DSTM32F401CCUx -DSTM32 -DSTM32F4 -c -I../Inc -I"E:/Practical-Project/STM32_Workspase/001_STM32F401_GPIO_OUT_PUT/Drivers" -I"E:/Practical-Project/STM32_Workspase/001_STM32F401_GPIO_OUT_PUT/CMSIS/Inc" -O0 -ffunction-sections -fdata-sections -Wall -fstack-usage -MMD -MP -MF"Src/sysmem.d" -MT"Src/sysmem.o" --specs=nano.specs -mfpu=fpv4-sp-d16 -mfloat-abi=hard -mthumb -o "Src/sysmem.o"
arm-none-eabi-g++ -o "001_STM32F401_GPIO.elf" @"objects.list"   -mcpu=cortex-m4 -T"E:\Practical-Project\STM32_Workspase\001_STM32F401_GPIO_OUT_PUT\STM32F401CCUX_FLASH.ld" --specs=nosys.specs -Wl,-Map="001_STM32F401_GPIO.map" -Wl,--gc-sections -static --specs=nano.specs -mfpu=fpv4-sp-d16 -mfloat-abi=hard -mthumb -Wl,--start-group -lc -lm -lstdc++ -lsupc++ -Wl,--end-group
c:\st\stm32cubeide_1.11.2\stm32cubeide\plugins\com.st.stm32cube.ide.mcu.externaltools.gnu-tools-for-stm32.10.3-2021.10.win32_1.0.100.202210260954\tools\arm-none-eabi\bin\ld.exe: ./Src/main.o: in function `main':
E:/Practical-Project/STM32_Workspase/001_STM32F401_GPIO_OUT_PUT/Debug/../Src/main.cpp:58: undefined reference to `gpio_port_init(GPIO_TypeDef*, Ts_GPIO_Handel*)'
c:\st\stm32cubeide_1.11.2\stm32cubeide\plugins\com.st.stm32cube.ide.mcu.externaltools.gnu-tools-for-stm32.10.3-2021.10.win32_1.0.100.202210260954\tools\arm-none-eabi\bin\ld.exe: E:/Practical-Project/STM32_Workspase/001_STM32F401_GPIO_OUT_PUT/Debug/../Src/main.cpp:65: undefined reference to `gpio_port_init(GPIO_TypeDef*, Ts_GPIO_Handel*)'
c:\st\stm32cubeide_1.11.2\stm32cubeide\plugins\com.st.stm32cube.ide.mcu.externaltools.gnu-tools-for-stm32.10.3-2021.10.win32_1.0.100.202210260954\tools\arm-none-eabi\bin\ld.exe: E:/Practical-Project/STM32_Workspase/001_STM32F401_GPIO_OUT_PUT/Debug/../Src/main.cpp:66: undefined reference to `gpio_write_pin(GPIO_TypeDef*, unsigned long, Te_Pin_State)'
c:\st\stm32cubeide_1.11.2\stm32cubeide\plugins\com.st.stm32cube.ide.mcu.externaltools.gnu-tools-for-stm32.10.3-2021.10.win32_1.0.100.202210260954\tools\arm-none-eabi\bin\ld.exe: E:/Practical-Project/STM32_Workspase/001_STM32F401_GPIO_OUT_PUT/Debug/../Src/main.cpp:70: undefined reference to `gpio_read_pin(GPIO_TypeDef*, unsigned long)'
c:\st\stm32cubeide_1.11.2\stm32cubeide\plugins\com.st.stm32cube.ide.mcu.externaltools.gnu-tools-for-stm32.10.3-2021.10.win32_1.0.100.202210260954\tools\arm-none-eabi\bin\ld.exe: E:/Practical-Project/STM32_Workspase/001_STM32F401_GPIO_OUT_PUT/Debug/../Src/main.cpp:72: undefined reference to `gpio_write_pin(GPIO_TypeDef*, unsigned long, Te_Pin_State)'
c:\st\stm32cubeide_1.11.2\stm32cubeide\plugins\com.st.stm32cube.ide.mcu.externaltools.gnu-tools-for-stm32.10.3-2021.10.win32_1.0.100.202210260954\tools\arm-none-eabi\bin\ld.exe: E:/Practical-Project/STM32_Workspase/001_STM32F401_GPIO_OUT_PUT/Debug/../Src/main.cpp:76: undefined reference to `gpio_write_pin(GPIO_TypeDef*, unsigned long, Te_Pin_State)'
collect2.exe: error: ld returned 1 exit status
make: *** [makefile:79: 001_STM32F401_GPIO.elf] Error 1
"make -j8 all" terminated with exit code 2. Build might be incomplete.
12:27:31 **** Incremental Build of configuration Debug for project 001_STM32F401_GPIO ****
make -j8 all 
arm-none-eabi-g++ "../Src/GPIO.cpp" -mcpu=cortex-m4 -std=gnu++14 -g3 -DDEBUG -DSTM32F401xC -DSTM32F401CCUx -DSTM32 -DSTM32F4 -c -I../Inc -I"E:/Practical-Project/STM32_Workspase/001_STM32F401_GPIO_OUT_PUT/Drivers" -I"E:/Practical-Project/STM32_Workspase/001_STM32F401_GPIO_OUT_PUT/CMSIS/Inc" -O0 -ffunction-sections -fdata-sections -fno-exceptions -fno-rtti -fno-use-cxa-atexit -Wall -fstack-usage -MMD -MP -MF"Src/GPIO.d" -MT"Src/GPIO.o" --specs=nano.specs -mfpu=fpv4-sp-d16 -mfloat-abi=hard -mthumb -o "Src/GPIO.o"
arm-none-eabi-g++ "../Src/main.cpp" -mcpu=cortex-m4 -std=gnu++14 -g3 -DDEBUG -DSTM32F401xC -DSTM32F401CCUx -DSTM32 -DSTM32F4 -c -I../Inc -I"E:/Practical-Project/STM32_Workspase/001_STM32F401_GPIO_OUT_PUT/Drivers" -I"E:/Practical-Project/STM32_Workspase/001_STM32F401_GPIO_OUT_PUT/CMSIS/Inc" -O0 -ffunction-sections -fdata-sections -fno-exceptions -fno-rtti -fno-use-cxa-atexit -Wall -fstack-usage -MMD -MP -MF"Src/main.d" -MT"Src/main.o" --specs=nano.specs -mfpu=fpv4-sp-d16 -mfloat-abi=hard -mthumb -o "Src/main.o"
arm-none-eabi-gcc "../Src/syscalls.c" -mcpu=cortex-m4 -std=gnu11 -g3 -DDEBUG -DSTM32F401xC -DSTM32F401CCUx -DSTM32 -DSTM32F4 -c -I../Inc -I"E:/Practical-Project/STM32_Workspase/001_STM32F401_GPIO_OUT_PUT/Drivers" -I"E:/Practical-Project/STM32_Workspase/001_STM32F401_GPIO_OUT_PUT/CMSIS/Inc" -O0 -ffunction-sections -fdata-sections -Wall -fstack-usage -MMD -MP -MF"Src/syscalls.d" -MT"Src/syscalls.o" --specs=nano.specs -mfpu=fpv4-sp-d16 -mfloat-abi=hard -mthumb -o "Src/syscalls.o"
arm-none-eabi-gcc "../Src/sysmem.c" -mcpu=cortex-m4 -std=gnu11 -g3 -DDEBUG -DSTM32F401xC -DSTM32F401CCUx -DSTM32 -DSTM32F4 -c -I../Inc -I"E:/Practical-Project/STM32_Workspase/001_STM32F401_GPIO_OUT_PUT/Drivers" -I"E:/Practical-Project/STM32_Workspase/001_STM32F401_GPIO_OUT_PUT/CMSIS/Inc" -O0 -ffunction-sections -fdata-sections -Wall -fstack-usage -MMD -MP -MF"Src/sysmem.d" -MT"Src/sysmem.o" --specs=nano.specs -mfpu=fpv4-sp-d16 -mfloat-abi=hard -mthumb -o "Src/sysmem.o"
arm-none-eabi-g++ -o "001_STM32F401_GPIO.elf" @"objects.list"   -mcpu=cortex-m4 -T"E:\Practical-Project\STM32_Workspase\001_STM32F401_GPIO_OUT_PUT\STM32F401CCUX_FLASH.ld" --specs=nosys.specs -Wl,-Map="001_STM32F401_GPIO.map" -Wl,--gc-sections -static --specs=nano.specs -mfpu=fpv4-sp-d16 -mfloat-abi=hard -mthumb -Wl,--start-group -lc -lm -lstdc++ -lsupc++ -Wl,--end-group
Finished building target: 001_STM32F401_GPIO.elf
 
arm-none-eabi-size   001_STM32F401_GPIO.elf 
arm-none-eabi-objdump -h -S  001_STM32F401_GPIO.elf  > "001_STM32F401_GPIO.list"
   text	   data	    bss	    dec	    hex	filename
   1496	     12	   1564	   3072	    c00	001_STM32F401_GPIO.elf
Finished building: default.size.stdout
 
Finished building: 001_STM32F401_GPIO.list
 
15:27:12 **** Incremental Build of configuration Debug for project 001_STM32F401_GPIO ****
make -j8 all 
arm-none-eabi-size   001_STM32F401_GPIO.elf 
   text	   data	    bss	    dec	    hex	filename
   1496	     12	   1564	   3072	    c00	001_STM32F401_GPIO.elf
Finished building: default.size.stdout
 
15:27:47 **** Incremental Build of configuration Debug for project 001_STM32F401_GPIO ****
make -j8 all 
arm-none-eabi-gcc "../Src/GPIO.c" -mcpu=cortex-m4 -std=gnu11 -g3 -DDEBUG -DSTM32F401xC -DSTM32F401CCUx -DSTM32 -DSTM32F4 -c -I../Inc -I"E:/Practical-Project/STM32_Workspase/001_STM32F401_GPIO_OUT_PUT/CMSIS/Inc" -O0 -ffunction-sections -fdata-sections -Wall -fstack-usage -MMD -MP -MF"Src/GPIO.d" -MT"Src/GPIO.o" --specs=nano.specs -mfpu=fpv4-sp-d16 -mfloat-abi=hard -mthumb -o "Src/GPIO.o"
arm-none-eabi-gcc "../Src/main.c" -mcpu=cortex-m4 -std=gnu11 -g3 -DDEBUG -DSTM32F401xC -DSTM32F401CCUx -DSTM32 -DSTM32F4 -c -I../Inc -I"E:/Practical-Project/STM32_Workspase/001_STM32F401_GPIO_OUT_PUT/CMSIS/Inc" -O0 -ffunction-sections -fdata-sections -Wall -fstack-usage -MMD -MP -MF"Src/main.d" -MT"Src/main.o" --specs=nano.specs -mfpu=fpv4-sp-d16 -mfloat-abi=hard -mthumb -o "Src/main.o"
arm-none-eabi-gcc "../Src/syscalls.c" -mcpu=cortex-m4 -std=gnu11 -g3 -DDEBUG -DSTM32F401xC -DSTM32F401CCUx -DSTM32 -DSTM32F4 -c -I../Inc -I"E:/Practical-Project/STM32_Workspase/001_STM32F401_GPIO_OUT_PUT/CMSIS/Inc" -O0 -ffunction-sections -fdata-sections -Wall -fstack-usage -MMD -MP -MF"Src/syscalls.d" -MT"Src/syscalls.o" --specs=nano.specs -mfpu=fpv4-sp-d16 -mfloat-abi=hard -mthumb -o "Src/syscalls.o"
arm-none-eabi-gcc "../Src/sysmem.c" -mcpu=cortex-m4 -std=gnu11 -g3 -DDEBUG -DSTM32F401xC -DSTM32F401CCUx -DSTM32 -DSTM32F4 -c -I../Inc -I"E:/Practical-Project/STM32_Workspase/001_STM32F401_GPIO_OUT_PUT/CMSIS/Inc" -O0 -ffunction-sections -fdata-sections -Wall -fstack-usage -MMD -MP -MF"Src/sysmem.d" -MT"Src/sysmem.o" --specs=nano.specs -mfpu=fpv4-sp-d16 -mfloat-abi=hard -mthumb -o "Src/sysmem.o"
arm-none-eabi-gcc "../CMSIS/Src/system_stm32f4xx.c" -mcpu=cortex-m4 -std=gnu11 -g3 -DDEBUG -DSTM32F401xC -DSTM32F401CCUx -DSTM32 -DSTM32F4 -c -I../Inc -I"E:/Practical-Project/STM32_Workspase/001_STM32F401_GPIO_OUT_PUT/CMSIS/Inc" -O0 -ffunction-sections -fdata-sections -Wall -fstack-usage -MMD -MP -MF"CMSIS/Src/system_stm32f4xx.d" -MT"CMSIS/Src/system_stm32f4xx.o" --specs=nano.specs -mfpu=fpv4-sp-d16 -mfloat-abi=hard -mthumb -o "CMSIS/Src/system_stm32f4xx.o"
arm-none-eabi-g++ -o "001_STM32F401_GPIO.elf" @"objects.list"   -mcpu=cortex-m4 -T"E:\Practical-Project\STM32_Workspase\001_STM32F401_GPIO_OUT_PUT\STM32F401CCUX_FLASH.ld" --specs=nosys.specs -Wl,-Map="001_STM32F401_GPIO.map" -Wl,--gc-sections -static --specs=nano.specs -mfpu=fpv4-sp-d16 -mfloat-abi=hard -mthumb -Wl,--start-group -lc -lm -lstdc++ -lsupc++ -Wl,--end-group
Finished building target: 001_STM32F401_GPIO.elf
 
arm-none-eabi-size   001_STM32F401_GPIO.elf 
arm-none-eabi-objdump -h -S  001_STM32F401_GPIO.elf  > "001_STM32F401_GPIO.list"
   text	   data	    bss	    dec	    hex	filename
   1500	     12	   1572	   3084	    c0c	001_STM32F401_GPIO.elf
Finished building: default.size.stdout
 
Finished building: 001_STM32F401_GPIO.list
 
