14:08:39 **** Build of configuration Debug for project STM32F769 ****
make -j8 all 
arm-none-eabi-gcc "../Drivers/STM32F7xx_HAL_Driver/Src/stm32f7xx_hal.c" -mcpu=cortex-m7 -g3 -DDEBUG -DUSE_HAL_DRIVER -DSTM32F769xx -c -I../Core/Inc -I../Drivers/STM32F7xx_HAL_Driver/Inc -I../Drivers/STM32F7xx_HAL_Driver/Inc/Legacy -I../Drivers/CMSIS/Device/ST/STM32F7xx/Include -I../Drivers/CMSIS/Include -I"E:/Practical-Project/STM32_Workspase/STM32F769/Core/Componnets" -I"E:/Practical-Project/STM32_Workspase/STM32F769/Core/Componnets/otm8009a" -O0 -ffunction-sections -fdata-sections -Wall -fstack-usage -MMD -MP -MF"Drivers/STM32F7xx_HAL_Driver/Src/stm32f7xx_hal.d" -MT"Drivers/STM32F7xx_HAL_Driver/Src/stm32f7xx_hal.o"  -mfpu=fpv5-d16 -mfloat-abi=hard -mthumb -o "Drivers/STM32F7xx_HAL_Driver/Src/stm32f7xx_hal.o"
arm-none-eabi-gcc "../Drivers/STM32F7xx_HAL_Driver/Src/stm32f7xx_hal_cortex.c" -mcpu=cortex-m7 -g3 -DDEBUG -DUSE_HAL_DRIVER -DSTM32F769xx -c -I../Core/Inc -I../Drivers/STM32F7xx_HAL_Driver/Inc -I../Drivers/STM32F7xx_HAL_Driver/Inc/Legacy -I../Drivers/CMSIS/Device/ST/STM32F7xx/Include -I../Drivers/CMSIS/Include -I"E:/Practical-Project/STM32_Workspase/STM32F769/Core/Componnets" -I"E:/Practical-Project/STM32_Workspase/STM32F769/Core/Componnets/otm8009a" -O0 -ffunction-sections -fdata-sections -Wall -fstack-usage -MMD -MP -MF"Drivers/STM32F7xx_HAL_Driver/Src/stm32f7xx_hal_cortex.d" -MT"Drivers/STM32F7xx_HAL_Driver/Src/stm32f7xx_hal_cortex.o"  -mfpu=fpv5-d16 -mfloat-abi=hard -mthumb -o "Drivers/STM32F7xx_HAL_Driver/Src/stm32f7xx_hal_cortex.o"
arm-none-eabi-gcc "../Drivers/STM32F7xx_HAL_Driver/Src/stm32f7xx_hal_dma.c" -mcpu=cortex-m7 -g3 -DDEBUG -DUSE_HAL_DRIVER -DSTM32F769xx -c -I../Core/Inc -I../Drivers/STM32F7xx_HAL_Driver/Inc -I../Drivers/STM32F7xx_HAL_Driver/Inc/Legacy -I../Drivers/CMSIS/Device/ST/STM32F7xx/Include -I../Drivers/CMSIS/Include -I"E:/Practical-Project/STM32_Workspase/STM32F769/Core/Componnets" -I"E:/Practical-Project/STM32_Workspase/STM32F769/Core/Componnets/otm8009a" -O0 -ffunction-sections -fdata-sections -Wall -fstack-usage -MMD -MP -MF"Drivers/STM32F7xx_HAL_Driver/Src/stm32f7xx_hal_dma.d" -MT"Drivers/STM32F7xx_HAL_Driver/Src/stm32f7xx_hal_dma.o"  -mfpu=fpv5-d16 -mfloat-abi=hard -mthumb -o "Drivers/STM32F7xx_HAL_Driver/Src/stm32f7xx_hal_dma.o"
arm-none-eabi-gcc "../Drivers/STM32F7xx_HAL_Driver/Src/stm32f7xx_hal_dma_ex.c" -mcpu=cortex-m7 -g3 -DDEBUG -DUSE_HAL_DRIVER -DSTM32F769xx -c -I../Core/Inc -I../Drivers/STM32F7xx_HAL_Driver/Inc -I../Drivers/STM32F7xx_HAL_Driver/Inc/Legacy -I../Drivers/CMSIS/Device/ST/STM32F7xx/Include -I../Drivers/CMSIS/Include -I"E:/Practical-Project/STM32_Workspase/STM32F769/Core/Componnets" -I"E:/Practical-Project/STM32_Workspase/STM32F769/Core/Componnets/otm8009a" -O0 -ffunction-sections -fdata-sections -Wall -fstack-usage -MMD -MP -MF"Drivers/STM32F7xx_HAL_Driver/Src/stm32f7xx_hal_dma_ex.d" -MT"Drivers/STM32F7xx_HAL_Driver/Src/stm32f7xx_hal_dma_ex.o"  -mfpu=fpv5-d16 -mfloat-abi=hard -mthumb -o "Drivers/STM32F7xx_HAL_Driver/Src/stm32f7xx_hal_dma_ex.o"
arm-none-eabi-gcc "../Drivers/STM32F7xx_HAL_Driver/Src/stm32f7xx_hal_dsi.c" -mcpu=cortex-m7 -g3 -DDEBUG -DUSE_HAL_DRIVER -DSTM32F769xx -c -I../Core/Inc -I../Drivers/STM32F7xx_HAL_Driver/Inc -I../Drivers/STM32F7xx_HAL_Driver/Inc/Legacy -I../Drivers/CMSIS/Device/ST/STM32F7xx/Include -I../Drivers/CMSIS/Include -I"E:/Practical-Project/STM32_Workspase/STM32F769/Core/Componnets" -I"E:/Practical-Project/STM32_Workspase/STM32F769/Core/Componnets/otm8009a" -O0 -ffunction-sections -fdata-sections -Wall -fstack-usage -MMD -MP -MF"Drivers/STM32F7xx_HAL_Driver/Src/stm32f7xx_hal_dsi.d" -MT"Drivers/STM32F7xx_HAL_Driver/Src/stm32f7xx_hal_dsi.o"  -mfpu=fpv5-d16 -mfloat-abi=hard -mthumb -o "Drivers/STM32F7xx_HAL_Driver/Src/stm32f7xx_hal_dsi.o"
arm-none-eabi-gcc "../Drivers/STM32F7xx_HAL_Driver/Src/stm32f7xx_hal_exti.c" -mcpu=cortex-m7 -g3 -DDEBUG -DUSE_HAL_DRIVER -DSTM32F769xx -c -I../Core/Inc -I../Drivers/STM32F7xx_HAL_Driver/Inc -I../Drivers/STM32F7xx_HAL_Driver/Inc/Legacy -I../Drivers/CMSIS/Device/ST/STM32F7xx/Include -I../Drivers/CMSIS/Include -I"E:/Practical-Project/STM32_Workspase/STM32F769/Core/Componnets" -I"E:/Practical-Project/STM32_Workspase/STM32F769/Core/Componnets/otm8009a" -O0 -ffunction-sections -fdata-sections -Wall -fstack-usage -MMD -MP -MF"Drivers/STM32F7xx_HAL_Driver/Src/stm32f7xx_hal_exti.d" -MT"Drivers/STM32F7xx_HAL_Driver/Src/stm32f7xx_hal_exti.o"  -mfpu=fpv5-d16 -mfloat-abi=hard -mthumb -o "Drivers/STM32F7xx_HAL_Driver/Src/stm32f7xx_hal_exti.o"
arm-none-eabi-gcc "../Drivers/STM32F7xx_HAL_Driver/Src/stm32f7xx_hal_flash.c" -mcpu=cortex-m7 -g3 -DDEBUG -DUSE_HAL_DRIVER -DSTM32F769xx -c -I../Core/Inc -I../Drivers/STM32F7xx_HAL_Driver/Inc -I../Drivers/STM32F7xx_HAL_Driver/Inc/Legacy -I../Drivers/CMSIS/Device/ST/STM32F7xx/Include -I../Drivers/CMSIS/Include -I"E:/Practical-Project/STM32_Workspase/STM32F769/Core/Componnets" -I"E:/Practical-Project/STM32_Workspase/STM32F769/Core/Componnets/otm8009a" -O0 -ffunction-sections -fdata-sections -Wall -fstack-usage -MMD -MP -MF"Drivers/STM32F7xx_HAL_Driver/Src/stm32f7xx_hal_flash.d" -MT"Drivers/STM32F7xx_HAL_Driver/Src/stm32f7xx_hal_flash.o"  -mfpu=fpv5-d16 -mfloat-abi=hard -mthumb -o "Drivers/STM32F7xx_HAL_Driver/Src/stm32f7xx_hal_flash.o"
arm-none-eabi-gcc "../Drivers/STM32F7xx_HAL_Driver/Src/stm32f7xx_hal_flash_ex.c" -mcpu=cortex-m7 -g3 -DDEBUG -DUSE_HAL_DRIVER -DSTM32F769xx -c -I../Core/Inc -I../Drivers/STM32F7xx_HAL_Driver/Inc -I../Drivers/STM32F7xx_HAL_Driver/Inc/Legacy -I../Drivers/CMSIS/Device/ST/STM32F7xx/Include -I../Drivers/CMSIS/Include -I"E:/Practical-Project/STM32_Workspase/STM32F769/Core/Componnets" -I"E:/Practical-Project/STM32_Workspase/STM32F769/Core/Componnets/otm8009a" -O0 -ffunction-sections -fdata-sections -Wall -fstack-usage -MMD -MP -MF"Drivers/STM32F7xx_HAL_Driver/Src/stm32f7xx_hal_flash_ex.d" -MT"Drivers/STM32F7xx_HAL_Driver/Src/stm32f7xx_hal_flash_ex.o"  -mfpu=fpv5-d16 -mfloat-abi=hard -mthumb -o "Drivers/STM32F7xx_HAL_Driver/Src/stm32f7xx_hal_flash_ex.o"
arm-none-eabi-gcc "../Drivers/STM32F7xx_HAL_Driver/Src/stm32f7xx_hal_gpio.c" -mcpu=cortex-m7 -g3 -DDEBUG -DUSE_HAL_DRIVER -DSTM32F769xx -c -I../Core/Inc -I../Drivers/STM32F7xx_HAL_Driver/Inc -I../Drivers/STM32F7xx_HAL_Driver/Inc/Legacy -I../Drivers/CMSIS/Device/ST/STM32F7xx/Include -I../Drivers/CMSIS/Include -I"E:/Practical-Project/STM32_Workspase/STM32F769/Core/Componnets" -I"E:/Practical-Project/STM32_Workspase/STM32F769/Core/Componnets/otm8009a" -O0 -ffunction-sections -fdata-sections -Wall -fstack-usage -MMD -MP -MF"Drivers/STM32F7xx_HAL_Driver/Src/stm32f7xx_hal_gpio.d" -MT"Drivers/STM32F7xx_HAL_Driver/Src/stm32f7xx_hal_gpio.o"  -mfpu=fpv5-d16 -mfloat-abi=hard -mthumb -o "Drivers/STM32F7xx_HAL_Driver/Src/stm32f7xx_hal_gpio.o"
arm-none-eabi-gcc "../Drivers/STM32F7xx_HAL_Driver/Src/stm32f7xx_hal_i2c.c" -mcpu=cortex-m7 -g3 -DDEBUG -DUSE_HAL_DRIVER -DSTM32F769xx -c -I../Core/Inc -I../Drivers/STM32F7xx_HAL_Driver/Inc -I../Drivers/STM32F7xx_HAL_Driver/Inc/Legacy -I../Drivers/CMSIS/Device/ST/STM32F7xx/Include -I../Drivers/CMSIS/Include -I"E:/Practical-Project/STM32_Workspase/STM32F769/Core/Componnets" -I"E:/Practical-Project/STM32_Workspase/STM32F769/Core/Componnets/otm8009a" -O0 -ffunction-sections -fdata-sections -Wall -fstack-usage -MMD -MP -MF"Drivers/STM32F7xx_HAL_Driver/Src/stm32f7xx_hal_i2c.d" -MT"Drivers/STM32F7xx_HAL_Driver/Src/stm32f7xx_hal_i2c.o"  -mfpu=fpv5-d16 -mfloat-abi=hard -mthumb -o "Drivers/STM32F7xx_HAL_Driver/Src/stm32f7xx_hal_i2c.o"
arm-none-eabi-gcc "../Drivers/STM32F7xx_HAL_Driver/Src/stm32f7xx_hal_i2c_ex.c" -mcpu=cortex-m7 -g3 -DDEBUG -DUSE_HAL_DRIVER -DSTM32F769xx -c -I../Core/Inc -I../Drivers/STM32F7xx_HAL_Driver/Inc -I../Drivers/STM32F7xx_HAL_Driver/Inc/Legacy -I../Drivers/CMSIS/Device/ST/STM32F7xx/Include -I../Drivers/CMSIS/Include -I"E:/Practical-Project/STM32_Workspase/STM32F769/Core/Componnets" -I"E:/Practical-Project/STM32_Workspase/STM32F769/Core/Componnets/otm8009a" -O0 -ffunction-sections -fdata-sections -Wall -fstack-usage -MMD -MP -MF"Drivers/STM32F7xx_HAL_Driver/Src/stm32f7xx_hal_i2c_ex.d" -MT"Drivers/STM32F7xx_HAL_Driver/Src/stm32f7xx_hal_i2c_ex.o"  -mfpu=fpv5-d16 -mfloat-abi=hard -mthumb -o "Drivers/STM32F7xx_HAL_Driver/Src/stm32f7xx_hal_i2c_ex.o"
arm-none-eabi-gcc "../Drivers/STM32F7xx_HAL_Driver/Src/stm32f7xx_hal_ltdc.c" -mcpu=cortex-m7 -g3 -DDEBUG -DUSE_HAL_DRIVER -DSTM32F769xx -c -I../Core/Inc -I../Drivers/STM32F7xx_HAL_Driver/Inc -I../Drivers/STM32F7xx_HAL_Driver/Inc/Legacy -I../Drivers/CMSIS/Device/ST/STM32F7xx/Include -I../Drivers/CMSIS/Include -I"E:/Practical-Project/STM32_Workspase/STM32F769/Core/Componnets" -I"E:/Practical-Project/STM32_Workspase/STM32F769/Core/Componnets/otm8009a" -O0 -ffunction-sections -fdata-sections -Wall -fstack-usage -MMD -MP -MF"Drivers/STM32F7xx_HAL_Driver/Src/stm32f7xx_hal_ltdc.d" -MT"Drivers/STM32F7xx_HAL_Driver/Src/stm32f7xx_hal_ltdc.o"  -mfpu=fpv5-d16 -mfloat-abi=hard -mthumb -o "Drivers/STM32F7xx_HAL_Driver/Src/stm32f7xx_hal_ltdc.o"
arm-none-eabi-gcc "../Drivers/STM32F7xx_HAL_Driver/Src/stm32f7xx_hal_ltdc_ex.c" -mcpu=cortex-m7 -g3 -DDEBUG -DUSE_HAL_DRIVER -DSTM32F769xx -c -I../Core/Inc -I../Drivers/STM32F7xx_HAL_Driver/Inc -I../Drivers/STM32F7xx_HAL_Driver/Inc/Legacy -I../Drivers/CMSIS/Device/ST/STM32F7xx/Include -I../Drivers/CMSIS/Include -I"E:/Practical-Project/STM32_Workspase/STM32F769/Core/Componnets" -I"E:/Practical-Project/STM32_Workspase/STM32F769/Core/Componnets/otm8009a" -O0 -ffunction-sections -fdata-sections -Wall -fstack-usage -MMD -MP -MF"Drivers/STM32F7xx_HAL_Driver/Src/stm32f7xx_hal_ltdc_ex.d" -MT"Drivers/STM32F7xx_HAL_Driver/Src/stm32f7xx_hal_ltdc_ex.o"  -mfpu=fpv5-d16 -mfloat-abi=hard -mthumb -o "Drivers/STM32F7xx_HAL_Driver/Src/stm32f7xx_hal_ltdc_ex.o"
arm-none-eabi-gcc "../Drivers/STM32F7xx_HAL_Driver/Src/stm32f7xx_hal_pwr.c" -mcpu=cortex-m7 -g3 -DDEBUG -DUSE_HAL_DRIVER -DSTM32F769xx -c -I../Core/Inc -I../Drivers/STM32F7xx_HAL_Driver/Inc -I../Drivers/STM32F7xx_HAL_Driver/Inc/Legacy -I../Drivers/CMSIS/Device/ST/STM32F7xx/Include -I../Drivers/CMSIS/Include -I"E:/Practical-Project/STM32_Workspase/STM32F769/Core/Componnets" -I"E:/Practical-Project/STM32_Workspase/STM32F769/Core/Componnets/otm8009a" -O0 -ffunction-sections -fdata-sections -Wall -fstack-usage -MMD -MP -MF"Drivers/STM32F7xx_HAL_Driver/Src/stm32f7xx_hal_pwr.d" -MT"Drivers/STM32F7xx_HAL_Driver/Src/stm32f7xx_hal_pwr.o"  -mfpu=fpv5-d16 -mfloat-abi=hard -mthumb -o "Drivers/STM32F7xx_HAL_Driver/Src/stm32f7xx_hal_pwr.o"
arm-none-eabi-gcc "../Drivers/STM32F7xx_HAL_Driver/Src/stm32f7xx_hal_pwr_ex.c" -mcpu=cortex-m7 -g3 -DDEBUG -DUSE_HAL_DRIVER -DSTM32F769xx -c -I../Core/Inc -I../Drivers/STM32F7xx_HAL_Driver/Inc -I../Drivers/STM32F7xx_HAL_Driver/Inc/Legacy -I../Drivers/CMSIS/Device/ST/STM32F7xx/Include -I../Drivers/CMSIS/Include -I"E:/Practical-Project/STM32_Workspase/STM32F769/Core/Componnets" -I"E:/Practical-Project/STM32_Workspase/STM32F769/Core/Componnets/otm8009a" -O0 -ffunction-sections -fdata-sections -Wall -fstack-usage -MMD -MP -MF"Drivers/STM32F7xx_HAL_Driver/Src/stm32f7xx_hal_pwr_ex.d" -MT"Drivers/STM32F7xx_HAL_Driver/Src/stm32f7xx_hal_pwr_ex.o"  -mfpu=fpv5-d16 -mfloat-abi=hard -mthumb -o "Drivers/STM32F7xx_HAL_Driver/Src/stm32f7xx_hal_pwr_ex.o"
arm-none-eabi-gcc "../Drivers/STM32F7xx_HAL_Driver/Src/stm32f7xx_hal_rcc.c" -mcpu=cortex-m7 -g3 -DDEBUG -DUSE_HAL_DRIVER -DSTM32F769xx -c -I../Core/Inc -I../Drivers/STM32F7xx_HAL_Driver/Inc -I../Drivers/STM32F7xx_HAL_Driver/Inc/Legacy -I../Drivers/CMSIS/Device/ST/STM32F7xx/Include -I../Drivers/CMSIS/Include -I"E:/Practical-Project/STM32_Workspase/STM32F769/Core/Componnets" -I"E:/Practical-Project/STM32_Workspase/STM32F769/Core/Componnets/otm8009a" -O0 -ffunction-sections -fdata-sections -Wall -fstack-usage -MMD -MP -MF"Drivers/STM32F7xx_HAL_Driver/Src/stm32f7xx_hal_rcc.d" -MT"Drivers/STM32F7xx_HAL_Driver/Src/stm32f7xx_hal_rcc.o"  -mfpu=fpv5-d16 -mfloat-abi=hard -mthumb -o "Drivers/STM32F7xx_HAL_Driver/Src/stm32f7xx_hal_rcc.o"
arm-none-eabi-gcc "../Drivers/STM32F7xx_HAL_Driver/Src/stm32f7xx_hal_rcc_ex.c" -mcpu=cortex-m7 -g3 -DDEBUG -DUSE_HAL_DRIVER -DSTM32F769xx -c -I../Core/Inc -I../Drivers/STM32F7xx_HAL_Driver/Inc -I../Drivers/STM32F7xx_HAL_Driver/Inc/Legacy -I../Drivers/CMSIS/Device/ST/STM32F7xx/Include -I../Drivers/CMSIS/Include -I"E:/Practical-Project/STM32_Workspase/STM32F769/Core/Componnets" -I"E:/Practical-Project/STM32_Workspase/STM32F769/Core/Componnets/otm8009a" -O0 -ffunction-sections -fdata-sections -Wall -fstack-usage -MMD -MP -MF"Drivers/STM32F7xx_HAL_Driver/Src/stm32f7xx_hal_rcc_ex.d" -MT"Drivers/STM32F7xx_HAL_Driver/Src/stm32f7xx_hal_rcc_ex.o"  -mfpu=fpv5-d16 -mfloat-abi=hard -mthumb -o "Drivers/STM32F7xx_HAL_Driver/Src/stm32f7xx_hal_rcc_ex.o"
arm-none-eabi-gcc "../Drivers/STM32F7xx_HAL_Driver/Src/stm32f7xx_hal_sdram.c" -mcpu=cortex-m7 -g3 -DDEBUG -DUSE_HAL_DRIVER -DSTM32F769xx -c -I../Core/Inc -I../Drivers/STM32F7xx_HAL_Driver/Inc -I../Drivers/STM32F7xx_HAL_Driver/Inc/Legacy -I../Drivers/CMSIS/Device/ST/STM32F7xx/Include -I../Drivers/CMSIS/Include -I"E:/Practical-Project/STM32_Workspase/STM32F769/Core/Componnets" -I"E:/Practical-Project/STM32_Workspase/STM32F769/Core/Componnets/otm8009a" -O0 -ffunction-sections -fdata-sections -Wall -fstack-usage -MMD -MP -MF"Drivers/STM32F7xx_HAL_Driver/Src/stm32f7xx_hal_sdram.d" -MT"Drivers/STM32F7xx_HAL_Driver/Src/stm32f7xx_hal_sdram.o"  -mfpu=fpv5-d16 -mfloat-abi=hard -mthumb -o "Drivers/STM32F7xx_HAL_Driver/Src/stm32f7xx_hal_sdram.o"
arm-none-eabi-gcc "../Drivers/STM32F7xx_HAL_Driver/Src/stm32f7xx_hal_tim.c" -mcpu=cortex-m7 -g3 -DDEBUG -DUSE_HAL_DRIVER -DSTM32F769xx -c -I../Core/Inc -I../Drivers/STM32F7xx_HAL_Driver/Inc -I../Drivers/STM32F7xx_HAL_Driver/Inc/Legacy -I../Drivers/CMSIS/Device/ST/STM32F7xx/Include -I../Drivers/CMSIS/Include -I"E:/Practical-Project/STM32_Workspase/STM32F769/Core/Componnets" -I"E:/Practical-Project/STM32_Workspase/STM32F769/Core/Componnets/otm8009a" -O0 -ffunction-sections -fdata-sections -Wall -fstack-usage -MMD -MP -MF"Drivers/STM32F7xx_HAL_Driver/Src/stm32f7xx_hal_tim.d" -MT"Drivers/STM32F7xx_HAL_Driver/Src/stm32f7xx_hal_tim.o"  -mfpu=fpv5-d16 -mfloat-abi=hard -mthumb -o "Drivers/STM32F7xx_HAL_Driver/Src/stm32f7xx_hal_tim.o"
arm-none-eabi-gcc "../Drivers/STM32F7xx_HAL_Driver/Src/stm32f7xx_hal_tim_ex.c" -mcpu=cortex-m7 -g3 -DDEBUG -DUSE_HAL_DRIVER -DSTM32F769xx -c -I../Core/Inc -I../Drivers/STM32F7xx_HAL_Driver/Inc -I../Drivers/STM32F7xx_HAL_Driver/Inc/Legacy -I../Drivers/CMSIS/Device/ST/STM32F7xx/Include -I../Drivers/CMSIS/Include -I"E:/Practical-Project/STM32_Workspase/STM32F769/Core/Componnets" -I"E:/Practical-Project/STM32_Workspase/STM32F769/Core/Componnets/otm8009a" -O0 -ffunction-sections -fdata-sections -Wall -fstack-usage -MMD -MP -MF"Drivers/STM32F7xx_HAL_Driver/Src/stm32f7xx_hal_tim_ex.d" -MT"Drivers/STM32F7xx_HAL_Driver/Src/stm32f7xx_hal_tim_ex.o"  -mfpu=fpv5-d16 -mfloat-abi=hard -mthumb -o "Drivers/STM32F7xx_HAL_Driver/Src/stm32f7xx_hal_tim_ex.o"
arm-none-eabi-gcc "../Drivers/STM32F7xx_HAL_Driver/Src/stm32f7xx_ll_fmc.c" -mcpu=cortex-m7 -g3 -DDEBUG -DUSE_HAL_DRIVER -DSTM32F769xx -c -I../Core/Inc -I../Drivers/STM32F7xx_HAL_Driver/Inc -I../Drivers/STM32F7xx_HAL_Driver/Inc/Legacy -I../Drivers/CMSIS/Device/ST/STM32F7xx/Include -I../Drivers/CMSIS/Include -I"E:/Practical-Project/STM32_Workspase/STM32F769/Core/Componnets" -I"E:/Practical-Project/STM32_Workspase/STM32F769/Core/Componnets/otm8009a" -O0 -ffunction-sections -fdata-sections -Wall -fstack-usage -MMD -MP -MF"Drivers/STM32F7xx_HAL_Driver/Src/stm32f7xx_ll_fmc.d" -MT"Drivers/STM32F7xx_HAL_Driver/Src/stm32f7xx_ll_fmc.o"  -mfpu=fpv5-d16 -mfloat-abi=hard -mthumb -o "Drivers/STM32F7xx_HAL_Driver/Src/stm32f7xx_ll_fmc.o"
arm-none-eabi-gcc -mcpu=cortex-m7 -g3 -DDEBUG -c -x assembler-with-cpp -MMD -MP -MF"Core/Startup/startup_stm32f769nihx.d" -MT"Core/Startup/startup_stm32f769nihx.o"  -mfpu=fpv5-d16 -mfloat-abi=hard -mthumb -o "Core/Startup/startup_stm32f769nihx.o" "../Core/Startup/startup_stm32f769nihx.s"
arm-none-eabi-gcc "../Core/Src/dsihost.c" -mcpu=cortex-m7 -g3 -DDEBUG -DUSE_HAL_DRIVER -DSTM32F769xx -c -I../Core/Inc -I../Drivers/STM32F7xx_HAL_Driver/Inc -I../Drivers/STM32F7xx_HAL_Driver/Inc/Legacy -I../Drivers/CMSIS/Device/ST/STM32F7xx/Include -I../Drivers/CMSIS/Include -I"E:/Practical-Project/STM32_Workspase/STM32F769/Core/Componnets" -I"E:/Practical-Project/STM32_Workspase/STM32F769/Core/Componnets/otm8009a" -O0 -ffunction-sections -fdata-sections -Wall -fstack-usage -MMD -MP -MF"Core/Src/dsihost.d" -MT"Core/Src/dsihost.o"  -mfpu=fpv5-d16 -mfloat-abi=hard -mthumb -o "Core/Src/dsihost.o"
arm-none-eabi-gcc "../Core/Src/fmc.c" -mcpu=cortex-m7 -g3 -DDEBUG -DUSE_HAL_DRIVER -DSTM32F769xx -c -I../Core/Inc -I../Drivers/STM32F7xx_HAL_Driver/Inc -I../Drivers/STM32F7xx_HAL_Driver/Inc/Legacy -I../Drivers/CMSIS/Device/ST/STM32F7xx/Include -I../Drivers/CMSIS/Include -I"E:/Practical-Project/STM32_Workspase/STM32F769/Core/Componnets" -I"E:/Practical-Project/STM32_Workspase/STM32F769/Core/Componnets/otm8009a" -O0 -ffunction-sections -fdata-sections -Wall -fstack-usage -MMD -MP -MF"Core/Src/fmc.d" -MT"Core/Src/fmc.o"  -mfpu=fpv5-d16 -mfloat-abi=hard -mthumb -o "Core/Src/fmc.o"
arm-none-eabi-gcc "../Core/Src/gpio.c" -mcpu=cortex-m7 -g3 -DDEBUG -DUSE_HAL_DRIVER -DSTM32F769xx -c -I../Core/Inc -I../Drivers/STM32F7xx_HAL_Driver/Inc -I../Drivers/STM32F7xx_HAL_Driver/Inc/Legacy -I../Drivers/CMSIS/Device/ST/STM32F7xx/Include -I../Drivers/CMSIS/Include -I"E:/Practical-Project/STM32_Workspase/STM32F769/Core/Componnets" -I"E:/Practical-Project/STM32_Workspase/STM32F769/Core/Componnets/otm8009a" -O0 -ffunction-sections -fdata-sections -Wall -fstack-usage -MMD -MP -MF"Core/Src/gpio.d" -MT"Core/Src/gpio.o"  -mfpu=fpv5-d16 -mfloat-abi=hard -mthumb -o "Core/Src/gpio.o"
arm-none-eabi-gcc "../Core/Src/ltdc.c" -mcpu=cortex-m7 -g3 -DDEBUG -DUSE_HAL_DRIVER -DSTM32F769xx -c -I../Core/Inc -I../Drivers/STM32F7xx_HAL_Driver/Inc -I../Drivers/STM32F7xx_HAL_Driver/Inc/Legacy -I../Drivers/CMSIS/Device/ST/STM32F7xx/Include -I../Drivers/CMSIS/Include -I"E:/Practical-Project/STM32_Workspase/STM32F769/Core/Componnets" -I"E:/Practical-Project/STM32_Workspase/STM32F769/Core/Componnets/otm8009a" -O0 -ffunction-sections -fdata-sections -Wall -fstack-usage -MMD -MP -MF"Core/Src/ltdc.d" -MT"Core/Src/ltdc.o"  -mfpu=fpv5-d16 -mfloat-abi=hard -mthumb -o "Core/Src/ltdc.o"
arm-none-eabi-gcc "../Core/Src/main.c" -mcpu=cortex-m7 -g3 -DDEBUG -DUSE_HAL_DRIVER -DSTM32F769xx -c -I../Core/Inc -I../Drivers/STM32F7xx_HAL_Driver/Inc -I../Drivers/STM32F7xx_HAL_Driver/Inc/Legacy -I../Drivers/CMSIS/Device/ST/STM32F7xx/Include -I../Drivers/CMSIS/Include -I"E:/Practical-Project/STM32_Workspase/STM32F769/Core/Componnets" -I"E:/Practical-Project/STM32_Workspase/STM32F769/Core/Componnets/otm8009a" -O0 -ffunction-sections -fdata-sections -Wall -fstack-usage -MMD -MP -MF"Core/Src/main.d" -MT"Core/Src/main.o"  -mfpu=fpv5-d16 -mfloat-abi=hard -mthumb -o "Core/Src/main.o"
arm-none-eabi-gcc "../Core/Src/stm32f769i_discovery_lcd.c" -mcpu=cortex-m7 -g3 -DDEBUG -DUSE_HAL_DRIVER -DSTM32F769xx -c -I../Core/Inc -I../Drivers/STM32F7xx_HAL_Driver/Inc -I../Drivers/STM32F7xx_HAL_Driver/Inc/Legacy -I../Drivers/CMSIS/Device/ST/STM32F7xx/Include -I../Drivers/CMSIS/Include -I"E:/Practical-Project/STM32_Workspase/STM32F769/Core/Componnets" -I"E:/Practical-Project/STM32_Workspase/STM32F769/Core/Componnets/otm8009a" -O0 -ffunction-sections -fdata-sections -Wall -fstack-usage -MMD -MP -MF"Core/Src/stm32f769i_discovery_lcd.d" -MT"Core/Src/stm32f769i_discovery_lcd.o"  -mfpu=fpv5-d16 -mfloat-abi=hard -mthumb -o "Core/Src/stm32f769i_discovery_lcd.o"
arm-none-eabi-gcc "../Core/Src/stm32f7xx_hal_msp.c" -mcpu=cortex-m7 -g3 -DDEBUG -DUSE_HAL_DRIVER -DSTM32F769xx -c -I../Core/Inc -I../Drivers/STM32F7xx_HAL_Driver/Inc -I../Drivers/STM32F7xx_HAL_Driver/Inc/Legacy -I../Drivers/CMSIS/Device/ST/STM32F7xx/Include -I../Drivers/CMSIS/Include -I"E:/Practical-Project/STM32_Workspase/STM32F769/Core/Componnets" -I"E:/Practical-Project/STM32_Workspase/STM32F769/Core/Componnets/otm8009a" -O0 -ffunction-sections -fdata-sections -Wall -fstack-usage -MMD -MP -MF"Core/Src/stm32f7xx_hal_msp.d" -MT"Core/Src/stm32f7xx_hal_msp.o"  -mfpu=fpv5-d16 -mfloat-abi=hard -mthumb -o "Core/Src/stm32f7xx_hal_msp.o"
arm-none-eabi-gcc "../Core/Src/stm32f7xx_it.c" -mcpu=cortex-m7 -g3 -DDEBUG -DUSE_HAL_DRIVER -DSTM32F769xx -c -I../Core/Inc -I../Drivers/STM32F7xx_HAL_Driver/Inc -I../Drivers/STM32F7xx_HAL_Driver/Inc/Legacy -I../Drivers/CMSIS/Device/ST/STM32F7xx/Include -I../Drivers/CMSIS/Include -I"E:/Practical-Project/STM32_Workspase/STM32F769/Core/Componnets" -I"E:/Practical-Project/STM32_Workspase/STM32F769/Core/Componnets/otm8009a" -O0 -ffunction-sections -fdata-sections -Wall -fstack-usage -MMD -MP -MF"Core/Src/stm32f7xx_it.d" -MT"Core/Src/stm32f7xx_it.o"  -mfpu=fpv5-d16 -mfloat-abi=hard -mthumb -o "Core/Src/stm32f7xx_it.o"
arm-none-eabi-gcc "../Core/Src/syscalls.c" -mcpu=cortex-m7 -g3 -DDEBUG -DUSE_HAL_DRIVER -DSTM32F769xx -c -I../Core/Inc -I../Drivers/STM32F7xx_HAL_Driver/Inc -I../Drivers/STM32F7xx_HAL_Driver/Inc/Legacy -I../Drivers/CMSIS/Device/ST/STM32F7xx/Include -I../Drivers/CMSIS/Include -I"E:/Practical-Project/STM32_Workspase/STM32F769/Core/Componnets" -I"E:/Practical-Project/STM32_Workspase/STM32F769/Core/Componnets/otm8009a" -O0 -ffunction-sections -fdata-sections -Wall -fstack-usage -MMD -MP -MF"Core/Src/syscalls.d" -MT"Core/Src/syscalls.o"  -mfpu=fpv5-d16 -mfloat-abi=hard -mthumb -o "Core/Src/syscalls.o"
arm-none-eabi-gcc "../Core/Src/sysmem.c" -mcpu=cortex-m7 -g3 -DDEBUG -DUSE_HAL_DRIVER -DSTM32F769xx -c -I../Core/Inc -I../Drivers/STM32F7xx_HAL_Driver/Inc -I../Drivers/STM32F7xx_HAL_Driver/Inc/Legacy -I../Drivers/CMSIS/Device/ST/STM32F7xx/Include -I../Drivers/CMSIS/Include -I"E:/Practical-Project/STM32_Workspase/STM32F769/Core/Componnets" -I"E:/Practical-Project/STM32_Workspase/STM32F769/Core/Componnets/otm8009a" -O0 -ffunction-sections -fdata-sections -Wall -fstack-usage -MMD -MP -MF"Core/Src/sysmem.d" -MT"Core/Src/sysmem.o"  -mfpu=fpv5-d16 -mfloat-abi=hard -mthumb -o "Core/Src/sysmem.o"
../Core/Src/stm32f769i_discovery_lcd.c:936:1: warning: multi-line comment [-Wcomment]
  936 | //  else if((hltdc_discovery.LayerCfg[ActiveLayer].PixelFormat == LTDC_PIXEL_FORMAT_RGB565) || \
      | ^
../Core/Src/stm32f769i_discovery_lcd.c:987:1: warning: multi-line comment [-Wcomment]
  987 | //  DrawChar(Xpos, Ypos, &DrawProp[ActiveLayer].pFont->table[(Ascii-' ') *\
      | ^
../Core/Src/stm32f769i_discovery_lcd.c:1628:1: warning: multi-line comment [-Wcomment]
 1628 | //  else if(((HDMI_IO_Read(LCD_DSI_ADDRESS, LCD_DSI_ID_REG) == LCD_DSI_ID)) || \
      | ^
arm-none-eabi-gcc "../Core/Src/system_stm32f7xx.c" -mcpu=cortex-m7 -g3 -DDEBUG -DUSE_HAL_DRIVER -DSTM32F769xx -c -I../Core/Inc -I../Drivers/STM32F7xx_HAL_Driver/Inc -I../Drivers/STM32F7xx_HAL_Driver/Inc/Legacy -I../Drivers/CMSIS/Device/ST/STM32F7xx/Include -I../Drivers/CMSIS/Include -I"E:/Practical-Project/STM32_Workspase/STM32F769/Core/Componnets" -I"E:/Practical-Project/STM32_Workspase/STM32F769/Core/Componnets/otm8009a" -O0 -ffunction-sections -fdata-sections -Wall -fstack-usage -MMD -MP -MF"Core/Src/system_stm32f7xx.d" -MT"Core/Src/system_stm32f7xx.o"  -mfpu=fpv5-d16 -mfloat-abi=hard -mthumb -o "Core/Src/system_stm32f7xx.o"
arm-none-eabi-gcc "../Core/Componnets/otm8009a/otm8009a.c" -mcpu=cortex-m7 -g3 -DDEBUG -DUSE_HAL_DRIVER -DSTM32F769xx -c -I../Core/Inc -I../Drivers/STM32F7xx_HAL_Driver/Inc -I../Drivers/STM32F7xx_HAL_Driver/Inc/Legacy -I../Drivers/CMSIS/Device/ST/STM32F7xx/Include -I../Drivers/CMSIS/Include -I"E:/Practical-Project/STM32_Workspase/STM32F769/Core/Componnets" -I"E:/Practical-Project/STM32_Workspase/STM32F769/Core/Componnets/otm8009a" -O0 -ffunction-sections -fdata-sections -Wall -fstack-usage -MMD -MP -MF"Core/Componnets/otm8009a/otm8009a.d" -MT"Core/Componnets/otm8009a/otm8009a.o"  -mfpu=fpv5-d16 -mfloat-abi=hard -mthumb -o "Core/Componnets/otm8009a/otm8009a.o"
arm-none-eabi-gcc -o "STM32F769.elf" @"objects.list"   -mcpu=cortex-m7 -T"E:\Practical-Project\STM32_Workspase\STM32F769\STM32F769NIHX_FLASH.ld" --specs=nosys.specs -Wl,-Map="STM32F769.map" -Wl,--gc-sections -static  -mfpu=fpv5-d16 -mfloat-abi=hard -mthumb -Wl,--start-group -lc -lm -Wl,--end-group
Finished building target: STM32F769.elf
 
arm-none-eabi-size   STM32F769.elf 
arm-none-eabi-objdump -h -S  STM32F769.elf  > "STM32F769.list"
   text	   data	    bss	    dec	    hex	filename
 632596	   1104	   1852	 635552	  9b2a0	STM32F769.elf
Finished building: default.size.stdout
 
Finished building: STM32F769.list
 

14:08:45 Build Finished. 0 errors, 3 warnings. (took 6s.265ms)

